Component: ARM Compiler 5.06 update 7 (build 960) Tool: armlink [4d3601]

==============================================================================

Section Cross References

    startup_stm32f407xx.o(RESET) refers to startup_stm32f407xx.o(STACK) for __initial_sp
    startup_stm32f407xx.o(RESET) refers to startup_stm32f407xx.o(.text) for Reset_Handler
    startup_stm32f407xx.o(RESET) refers to stm32f4xx_it.o(i.NMI_Handler) for NMI_Handler
    startup_stm32f407xx.o(RESET) refers to stm32f4xx_it.o(i.HardFault_Handler) for HardFault_Handler
    startup_stm32f407xx.o(RESET) refers to stm32f4xx_it.o(i.MemManage_Handler) for MemManage_Handler
    startup_stm32f407xx.o(RESET) refers to stm32f4xx_it.o(i.BusFault_Handler) for BusFault_Handler
    startup_stm32f407xx.o(RESET) refers to stm32f4xx_it.o(i.UsageFault_Handler) for UsageFault_Handler
    startup_stm32f407xx.o(RESET) refers to port.o(.emb_text) for SVC_Handler
    startup_stm32f407xx.o(RESET) refers to stm32f4xx_it.o(i.DebugMon_Handler) for DebugMon_Handler
    startup_stm32f407xx.o(RESET) refers to port.o(i.SysTick_Handler) for SysTick_Handler
    startup_stm32f407xx.o(RESET) refers to stm32f4xx_it.o(i.TIM6_DAC_IRQHandler) for TIM6_DAC_IRQHandler
    startup_stm32f407xx.o(RESET) refers to stm32f4xx_it.o(i.ETH_IRQHandler) for ETH_IRQHandler
    startup_stm32f407xx.o(.text) refers to system_stm32f4xx.o(i.SystemInit) for SystemInit
    startup_stm32f407xx.o(.text) refers to entry.o(.ARM.Collect$$$$00000000) for __main
    main.o(i.HAL_TIM_PeriodElapsedCallback) refers to stm32f4xx_hal.o(i.HAL_IncTick) for HAL_IncTick
    main.o(i.SystemClock_Config) refers to memseta.o(.text) for __aeabi_memclr4
    main.o(i.SystemClock_Config) refers to stm32f4xx_hal_rcc.o(i.HAL_RCC_OscConfig) for HAL_RCC_OscConfig
    main.o(i.SystemClock_Config) refers to stm32f4xx_hal_rcc.o(i.HAL_RCC_ClockConfig) for HAL_RCC_ClockConfig
    main.o(i.bh1750_task) refers to bh1750.o(i.bh1750_write) for bh1750_write
    main.o(i.bh1750_task) refers to stm32f4xx_hal.o(i.HAL_Delay) for HAL_Delay
    main.o(i.bh1750_task) refers to bh1750.o(i.bh1750_read) for bh1750_read
    main.o(i.bh1750_task) refers to main.o(.bss) for .bss
    main.o(i.bh1750_test) refers to bh1750.o(i.bh1750_write) for bh1750_write
    main.o(i.bh1750_test) refers to stm32f4xx_hal.o(i.HAL_Delay) for HAL_Delay
    main.o(i.bh1750_test) refers to bh1750.o(i.bh1750_read) for bh1750_read
    main.o(i.check_data) refers to main.o(i.get_config_data) for get_config_data
    main.o(i.check_data) refers to printf3.o(i.__0sprintf$3) for __2sprintf
    main.o(i.check_data) refers to main.o(i.write_dht11_buffer) for write_dht11_buffer
    main.o(i.check_data) refers to main.o(i.write_bh1750_buffer) for write_bh1750_buffer
    main.o(i.check_data) refers to adc.o(i.getHumdityValue) for getHumdityValue
    main.o(i.check_data) refers to main.o(.data) for .data
    main.o(i.dht11_task) refers to dht11.o(i.DHT11_Read_Data) for DHT11_Read_Data
    main.o(i.dht11_task) refers to main.o(i.led) for led
    main.o(i.dht11_task) refers to main.o(i.start_water) for start_water
    main.o(i.dht11_task) refers to stm32f4xx_hal.o(i.HAL_Delay) for HAL_Delay
    main.o(i.dht11_task) refers to bh1750.o(i.bh1750_write) for bh1750_write
    main.o(i.dht11_task) refers to bh1750.o(i.bh1750_read) for bh1750_read
    main.o(i.dht11_task) refers to main.o(.data) for .data
    main.o(i.dht11_task) refers to main.o(.bss) for .bss
    main.o(i.get_config_data) refers to main.o(.data) for .data
    main.o(i.led) refers to stm32f4xx_hal_gpio.o(i.HAL_GPIO_WritePin) for HAL_GPIO_WritePin
    main.o(i.led) refers to stm32f4xx_hal.o(i.HAL_Delay) for HAL_Delay
    main.o(i.main) refers to stm32f4xx_hal.o(i.HAL_Init) for HAL_Init
    main.o(i.main) refers to main.o(i.SystemClock_Config) for SystemClock_Config
    main.o(i.main) refers to gpio.o(i.MX_GPIO_Init) for MX_GPIO_Init
    main.o(i.main) refers to usart.o(i.MX_USART1_UART_Init) for MX_USART1_UART_Init
    main.o(i.main) refers to freertos.o(i.MX_FREERTOS_Init) for MX_FREERTOS_Init
    main.o(i.main) refers to tim.o(i.MX_TIM3_Init) for MX_TIM3_Init
    main.o(i.main) refers to i2c.o(i.MX_I2C1_Init) for MX_I2C1_Init
    main.o(i.main) refers to adc.o(i.MX_ADC1_Init) for MX_ADC1_Init
    main.o(i.main) refers to relay.o(i.relay_init) for relay_init
    main.o(i.main) refers to tasks.o(i.xTaskCreate) for xTaskCreate
    main.o(i.main) refers to cmsis_os.o(i.osKernelStart) for osKernelStart
    main.o(i.main) refers to main.o(.data) for .data
    main.o(i.main) refers to main.o(i.dht11_task) for dht11_task
    main.o(i.main) refers to main.o(i.tcp_task) for tcp_task
    main.o(i.start_water) refers to relay.o(i.relay_reset) for relay_reset
    main.o(i.start_water) refers to stm32f4xx_hal.o(i.HAL_Delay) for HAL_Delay
    main.o(i.start_water) refers to relay.o(i.relay_set) for relay_set
    main.o(i.tcp_task) refers to sockets.o(i.lwip_socket) for lwip_socket
[...]
    tcp_fasttmr                              0x0800cce9   Thumb Code   102  tcp_1.o(i.tcp_fasttmr)
    tcp_free                                 0x0800cd55   Thumb Code    34  tcp_1.o(i.tcp_free)
    tcp_free_ooseq                           0x0800cf21   Thumb Code    20  tcp_1.o(i.tcp_free_ooseq)
    tcp_init                                 0x0800cf5d   Thumb Code    20  tcp_1.o(i.tcp_init)
    tcp_input                                0x0800cf75   Thumb Code  1584  tcp_in.o(i.tcp_input)
    tcp_keepalive                            0x0800d699   Thumb Code    82  tcp_out.o(i.tcp_keepalive)
    tcp_listen_with_backlog_and_err          0x0800da29   Thumb Code   182  tcp_1.o(i.tcp_listen_with_backlog_and_err)
    tcp_netif_ip_addr_changed                0x0800dba9   Thumb Code    70  tcp_1.o(i.tcp_netif_ip_addr_changed)
    tcp_new_ip_type                          0x0800dcb5   Thumb Code     6  tcp_1.o(i.tcp_new_ip_type)
    tcp_next_iss                             0x0800dd1d   Thumb Code    32  tcp_1.o(i.tcp_next_iss)
    tcp_output                               0x0800dec1   Thumb Code   552  tcp_out.o(i.tcp_output)
    tcp_pcb_purge                            0x0800ea05   Thumb Code    88  tcp_1.o(i.tcp_pcb_purge)
    tcp_pcb_remove                           0x0800ead1   Thumb Code   174  tcp_1.o(i.tcp_pcb_remove)
    tcp_poll                                 0x0800ec61   Thumb Code    58  tcp_1.o(i.tcp_poll)
    tcp_process_refused_data                 0x0800f1f1   Thumb Code   132  tcp_1.o(i.tcp_process_refused_data)
    tcp_recv                                 0x0800fbf9   Thumb Code    34  tcp_1.o(i.tcp_recv)
    tcp_recv_null                            0x0800fc9d   Thumb Code    60  tcp_1.o(i.tcp_recv_null)
    tcp_recved                               0x0800fd4d   Thumb Code   104  tcp_1.o(i.tcp_recved)
    tcp_rexmit                               0x0800fea5   Thumb Code   118  tcp_out.o(i.tcp_rexmit)
    tcp_rexmit_fast                          0x0800ff91   Thumb Code   108  tcp_out.o(i.tcp_rexmit_fast)
    tcp_rexmit_rto                           0x08010079   Thumb Code    42  tcp_out.o(i.tcp_rexmit_rto)
    tcp_rexmit_rto_commit                    0x0801011d   Thumb Code    44  tcp_out.o(i.tcp_rexmit_rto_commit)
    tcp_rexmit_rto_prepare                   0x080101c9   Thumb Code   118  tcp_out.o(i.tcp_rexmit_rto_prepare)
    tcp_rst                                  0x080102d1   Thumb Code   128  tcp_out.o(i.tcp_rst)
    tcp_seg_copy                             0x080103e5   Thumb Code    56  tcp_1.o(i.tcp_seg_copy)
    tcp_seg_free                             0x08010491   Thumb Code    28  tcp_1.o(i.tcp_seg_free)
    tcp_segs_free                            0x080104ad   Thumb Code    18  tcp_1.o(i.tcp_segs_free)
    tcp_send_empty_ack                       0x080104c1   Thumb Code   110  tcp_out.o(i.tcp_send_empty_ack)
    tcp_send_fin                             0x080105ad   Thumb Code    84  tcp_out.o(i.tcp_send_fin)
    tcp_sent                                 0x08010679   Thumb Code    34  tcp_1.o(i.tcp_sent)
    tcp_shutdown                             0x0801071d   Thumb Code   104  tcp_1.o(i.tcp_shutdown)
    tcp_slowtmr                              0x080107f9   Thumb Code  1360  tcp_1.o(i.tcp_slowtmr)
    tcp_split_unsent_seg                     0x08010dc9   Thumb Code   360  tcp_out.o(i.tcp_split_unsent_seg)
    tcp_task                                 0x08010ff5   Thumb Code   162  main.o(i.tcp_task)
    tcp_timer_needed                         0x080110a9   Thumb Code    36  timeouts.o(i.tcp_timer_needed)
    tcp_tmr                                  0x080111dd   Thumb Code    28  tcp_1.o(i.tcp_tmr)
    tcp_trigger_input_pcb_close              0x080111fd   Thumb Code    12  tcp_in.o(i.tcp_trigger_input_pcb_close)
    tcp_update_rcv_ann_wnd                   0x0801120d   Thumb Code    92  tcp_1.o(i.tcp_update_rcv_ann_wnd)
    tcp_write                                0x08011301   Thumb Code  1688  tcp_out.o(i.tcp_write)
    tcp_zero_window_probe                    0x08011b2d   Thumb Code   190  tcp_out.o(i.tcp_zero_window_probe)
    tcpip_init                               0x08011c6d   Thumb Code    88  tcpip.o(i.tcpip_init)
    tcpip_inpkt                              0x08011d7d   Thumb Code    82  tcpip.o(i.tcpip_inpkt)
    tcpip_input                              0x08011e3d   Thumb Code    20  tcpip.o(i.tcpip_input)
    tcpip_send_msg_wait_sem                  0x08011e59   Thumb Code    26  tcpip.o(i.tcpip_send_msg_wait_sem)
    tcpip_try_callback                       0x08012075   Thumb Code    78  tcpip.o(i.tcpip_try_callback)
    udp_bind                                 0x08012159   Thumb Code   186  udp.o(i.udp_bind)
    udp_init                                 0x0801228d   Thumb Code    20  udp.o(i.udp_init)
    udp_input                                0x080122a5   Thumb Code   310  udp.o(i.udp_input)
    udp_netif_ip_addr_changed                0x08012599   Thumb Code    48  udp.o(i.udp_netif_ip_addr_changed)
    udp_new                                  0x080125cd   Thumb Code    26  udp.o(i.udp_new)
    udp_new_ip_type                          0x080125e7   Thumb Code     4  udp.o(i.udp_new_ip_type)
    udp_recv                                 0x080125ed   Thumb Code    22  udp.o(i.udp_recv)
    udp_remove                               0x08012675   Thumb Code    58  udp.o(i.udp_remove)
    udp_send                                 0x08012725   Thumb Code    50  udp.o(i.udp_send)
    udp_sendto                               0x080127e1   Thumb Code   106  udp.o(i.udp_sendto)
    udp_sendto_if                            0x080128f5   Thumb Code   110  udp.o(i.udp_sendto_if)
    udp_sendto_if_src                        0x08012a35   Thumb Code   274  udp.o(i.udp_sendto_if_src)
    uxListRemove                             0x08012c7d   Thumb Code    38  list.o(i.uxListRemove)
    uxQueueMessagesWaiting                   0x08012ca3   Thumb Code    36  queue.o(i.uxQueueMessagesWaiting)
    uxQueueMessagesWaitingFromISR            0x08012cc7   Thumb Code    22  queue.o(i.uxQueueMessagesWaitingFromISR)
    vApplicationGetIdleTaskMemory            0x08012cdd   Thumb Code    16  freertos.o(i.vApplicationGetIdleTaskMemory)
    vListInitialise                          0x08012cf1   Thumb Code    22  list.o(i.vListInitialise)
    vListInitialiseItem                      0x08012d07   Thumb Code     6  list.o(i.vListInitialiseItem)
    vListInsert                              0x08012d0d   Thumb Code    48  list.o(i.vListInsert)
    vListInsertEnd                           0x08012d3d   Thumb Code    24  list.o(i.vListInsertEnd)
    vPortEnterCritical                       0x08012d55   Thumb Code    54  port.o(i.vPortEnterCritical)
    vPortExitCritical                        0x08012d95   Thumb Code    34  port.o(i.vPortExitCritical)
    vPortFree                                0x08012dbd   Thumb Code    94  heap_4.o(i.vPortFree)
    vPortSetupTimerInterrupt                 0x08012e21   Thumb Code    32  port.o(i.vPortSetupTimerInterrupt)
    vPortValidateInterruptPriority           0x08012e45   Thumb Code    74  port.o(i.vPortValidateInterruptPriority)
    vQueueDelete                             0x08012e99   Thumb Code    46  queue.o(i.vQueueDelete)
    vQueueUnregisterQueue                    0x08012ec9   Thumb Code    36  queue.o(i.vQueueUnregisterQueue)
    vTaskDelay                               0x08012ef1   Thumb Code    66  tasks.o(i.vTaskDelay)
    vTaskInternalSetTimeOutState             0x08012f3d   Thumb Code    12  tasks.o(i.vTaskInternalSetTimeOutState)
    vTaskMissedYield                         0x08012f4d   Thumb Code     8  tasks.o(i.vTaskMissedYield)
    vTaskPlaceOnEventList                    0x08012f59   Thumb Code    44  tasks.o(i.vTaskPlaceOnEventList)
    vTaskPriorityDisinheritAfterTimeout      0x08012f89   Thumb Code   152  tasks.o(i.vTaskPriorityDisinheritAfterTimeout)
    vTaskStartScheduler                      0x08013029   Thumb Code    90  tasks.o(i.vTaskStartScheduler)
    vTaskSuspendAll                          0x08013095   Thumb Code    10  tasks.o(i.vTaskSuspendAll)
    vTaskSwitchContext                       0x080130a5   Thumb Code    82  tasks.o(i.vTaskSwitchContext)
    write_bh1750_buffer                      0x08013101   Thumb Code    16  main.o(i.write_bh1750_buffer)
    write_dht11_buffer                       0x08013121   Thumb Code    26  main.o(i.write_dht11_buffer)
    xPortStartScheduler                      0x08013155   Thumb Code   222  port.o(i.xPortStartScheduler)
    xQueueCreateMutex                        0x08013249   Thumb Code    22  queue.o(i.xQueueCreateMutex)
    xQueueCreateMutexStatic                  0x0801325f   Thumb Code    26  queue.o(i.xQueueCreateMutexStatic)
    xQueueGenericCreate                      0x08013279   Thumb Code    66  queue.o(i.xQueueGenericCreate)
    xQueueGenericCreateStatic                0x080132bb   Thumb Code   102  queue.o(i.xQueueGenericCreateStatic)
    xQueueGenericReset                       0x08013321   Thumb Code   132  queue.o(i.xQueueGenericReset)
    xQueueGenericSend                        0x080133a9   Thumb Code   346  queue.o(i.xQueueGenericSend)
    xQueueGenericSendFromISR                 0x08013509   Thumb Code   190  queue.o(i.xQueueGenericSendFromISR)
    xQueueGiveFromISR                        0x080135c7   Thumb Code   156  queue.o(i.xQueueGiveFromISR)
    xQueueReceive                            0x08013665   Thumb Code   308  queue.o(i.xQueueReceive)
    xQueueReceiveFromISR                     0x0801379d   Thumb Code   154  queue.o(i.xQueueReceiveFromISR)
    xQueueSemaphoreTake                      0x08013839   Thumb Code   372  queue.o(i.xQueueSemaphoreTake)
    xTaskCheckForTimeOut                     0x080139b1   Thumb Code   112  tasks.o(i.xTaskCheckForTimeOut)
    xTaskCreate                              0x08013a25   Thumb Code    90  tasks.o(i.xTaskCreate)
    xTaskCreateStatic                        0x08013a7f   Thumb Code    86  tasks.o(i.xTaskCreateStatic)
    xTaskGetSchedulerState                   0x08013ad5   Thumb Code    22  tasks.o(i.xTaskGetSchedulerState)
    xTaskGetTickCount                        0x08013af1   Thumb Code     6  tasks.o(i.xTaskGetTickCount)
    xTaskGetTickCountFromISR                 0x08013afd   Thumb Code    12  tasks.o(i.xTaskGetTickCountFromISR)
    xTaskIncrementTick                       0x08013b0d   Thumb Code   194  tasks.o(i.xTaskIncrementTick)
    xTaskPriorityDisinherit                  0x08013bd9   Thumb Code   144  tasks.o(i.xTaskPriorityDisinherit)
    xTaskPriorityInherit                     0x08013c71   Thumb Code   130  tasks.o(i.xTaskPriorityInherit)
    xTaskRemoveFromEventList                 0x08013cfd   Thumb Code   108  tasks.o(i.xTaskRemoveFromEventList)
    xTaskResumeAll                           0x08013d71   Thumb Code   182  tasks.o(i.xTaskResumeAll)
    AHBPrescTable                            0x08013e6c   Data          16  system_stm32f4xx.o(.constdata)
    APBPrescTable                            0x08013e7c   Data           8  system_stm32f4xx.o(.constdata)
    ethbroadcast                             0x08013e84   Data           6  ethernet.o(.constdata)
    ethzero                                  0x08013e8a   Data           6  ethernet.o(.constdata)
    netconn_aborted                          0x08013e90   Data           1  api_msg.o(.constdata)
    netconn_reset                            0x08013e91   Data           1  api_msg.o(.constdata)
    netconn_closed                           0x08013e92   Data           1  api_msg.o(.constdata)
    memp_UDP_PCB                             0x08013ed8   Data          12  memp.o(.constdata)
    memp_TCP_PCB                             0x08013ee4   Data          12  memp.o(.constdata)
    memp_TCP_PCB_LISTEN                      0x08013ef0   Data          12  memp.o(.constdata)
    memp_TCP_SEG                             0x08013efc   Data          12  memp.o(.constdata)
    memp_REASSDATA                           0x08013f08   Data          12  memp.o(.constdata)
    memp_FRAG_PBUF                           0x08013f14   Data          12  memp.o(.constdata)
    memp_NETBUF                              0x08013f20   Data          12  memp.o(.constdata)
    memp_NETCONN                             0x08013f2c   Data          12  memp.o(.constdata)
    memp_TCPIP_MSG_API                       0x08013f38   Data          12  memp.o(.constdata)
    memp_TCPIP_MSG_INPKT                     0x08013f44   Data          12  memp.o(.constdata)
    memp_SYS_TIMEOUT                         0x08013f50   Data          12  memp.o(.constdata)
    memp_PBUF                                0x08013f5c   Data          12  memp.o(.constdata)
    memp_PBUF_POOL                           0x08013f68   Data          12  memp.o(.constdata)
    memp_pools                               0x08013f74   Data          52  memp.o(.constdata)
    tcp_pcb_lists                            0x08013fec   Data          16  tcp_1.o(.constdata)
    lwip_cyclic_timers                       0x08013ffc   Data          24  timeouts.o(.constdata)
    ip_addr_any                              0x08014014   Data           4  ip4_addr.o(.constdata)
    os_mutex_def_lwip_sys_mutex              0x08014018   Data           8  sys_arch.o(.constdata)
    __ctype_table                            0x08014030   Data         129  ctype_o.o(.constdata)
    Region$$Table$$Base                      0x080141e0   Number         0  anon$$obj.o(Region$$Table)
    Region$$Table$$Limit                     0x08014200   Number         0  anon$$obj.o(Region$$Table)
    config                                   0x20000000   Data           8  main.o(.data)
    defaultTaskHandle                        0x20000008   Data           4  freertos.o(.data)
    ipaddr                                   0x2000000c   Data           4  lwip.o(.data)
    netmask                                  0x20000010   Data           4  lwip.o(.data)
    gw                                       0x20000014   Data           4  lwip.o(.data)
    IP_ADDRESS                               0x20000018   Data           4  lwip.o(.data)
    NETMASK_ADDRESS                          0x2000001c   Data           4  lwip.o(.data)
    GATEWAY_ADDRESS                          0x20000020   Data           4  lwip.o(.data)
    s_xSemaphore                             0x20000024   Data           4  ethernetif.o(.data)
    uwTickFreq                               0x20000028   Data           1  stm32f4xx_hal.o(.data)
    uwTickPrio                               0x2000002c   Data           4  stm32f4xx_hal.o(.data)
    uwTick                                   0x20000030   Data           4  stm32f4xx_hal.o(.data)
    SystemCoreClock                          0x20000034   Data           4  system_stm32f4xx.o(.data)
    pxCurrentTCB                             0x20000038   Data           4  tasks.o(.data)
    lock_tcpip_core                          0x200000b0   Data           4  tcpip.o(.data)
    netif_list                               0x200000fc   Data           4  netif.o(.data)
    netif_default                            0x20000100   Data           4  netif.o(.data)
    pbuf_free_ooseq_pending                  0x20000104   Data           1  pbuf.o(.data)
    tcp_active_pcbs_changed                  0x20000108   Data           1  tcp_1.o(.data)
    tcp_ticks                                0x20000114   Data           4  tcp_1.o(.data)
    tcp_bound_pcbs                           0x20000118   Data           4  tcp_1.o(.data)
    tcp_listen_pcbs                          0x2000011c   Data           4  tcp_1.o(.data)
    tcp_active_pcbs                          0x20000120   Data           4  tcp_1.o(.data)
    tcp_tw_pcbs                              0x20000124   Data           4  tcp_1.o(.data)
    tcp_input_pcb                            0x20000148   Data           4  tcp_in.o(.data)
    udp_pcbs                                 0x2000015c   Data           4  udp.o(.data)
    errno                                    0x2000016c   Data           4  sys_arch.o(.data)
    lwip_sys_mutex                           0x20000170   Data           4  sys_arch.o(.data)
    __stdout                                 0x20000178   Data           4  stdout.o(.data)
    scada                                    0x2000017c   Data          12  main.o(.bss)
    gnetif                                   0x200003dc   Data          48  lwip.o(.bss)
    DMARxDscrTab                             0x2000040c   Data         128  ethernetif.o(.bss)
    DMATxDscrTab                             0x2000048c   Data         128  ethernetif.o(.bss)
    Rx_Buff                                  0x2000050c   Data        6096  ethernetif.o(.bss)
    Tx_Buff                                  0x20001cdc   Data        6096  ethernetif.o(.bss)
    heth                                     0x200034ac   Data          72  ethernetif.o(.bss)
    huart1                                   0x200034f4   Data          68  usart.o(.bss)
    htim6                                    0x20003538   Data          72  stm32f4xx_hal_timebase_tim.o(.bss)
    htim3                                    0x20003580   Data          72  tim.o(.bss)
    hi2c1                                    0x200035c8   Data          84  i2c.o(.bss)
    hadc1                                    0x2000361c   Data          72  adc.o(.bss)
    xQueueRegistry                           0x20003664   Data          64  queue.o(.bss)
    ip_data                                  0x200073d4   Data          24  ip.o(.bss)
    ram_heap                                 0x200073ec   Data        1619  mem.o(.bss)
    memp_memory_UDP_PCB_base                 0x20007a3f   Data         131  memp.o(.bss)
    memp_memory_TCP_PCB_base                 0x20007ac2   Data         783  memp.o(.bss)
    memp_memory_TCP_PCB_LISTEN_base          0x20007dd1   Data         227  memp.o(.bss)
    memp_memory_TCP_SEG_base                 0x20007eb4   Data         259  memp.o(.bss)
    memp_memory_REASSDATA_base               0x20007fb7   Data         163  memp.o(.bss)
    memp_memory_FRAG_PBUF_base               0x2000805a   Data         363  memp.o(.bss)
    memp_memory_NETBUF_base                  0x200081c5   Data          35  memp.o(.bss)
    memp_memory_NETCONN_base                 0x200081e8   Data         163  memp.o(.bss)
    memp_memory_TCPIP_MSG_API_base           0x2000828b   Data         131  memp.o(.bss)
    memp_memory_TCPIP_MSG_INPKT_base         0x2000830e   Data         131  memp.o(.bss)
    memp_memory_SYS_TIMEOUT_base             0x20008391   Data          51  memp.o(.bss)
    memp_memory_PBUF_base                    0x200083c4   Data         259  memp.o(.bss)
    memp_memory_PBUF_POOL_base               0x200084c7   Data        9731  memp.o(.bss)
    __initial_sp                             0x2000afd0   Data           0  startup_stm32f407xx.o(STACK)



==============================================================================

Memory Map of the image

  Image Entry point : 0x08000189

  Load Region LR_IROM1 (Base: 0x08000000, Size: 0x0001437c, Max: 0x00080000, ABSOLUTE, COMPRESSED[0x00014218])

    Execution Region ER_IROM1 (Exec base: 0x08000000, Load base: 0x08000000, Size: 0x00014200, Max: 0x00080000, ABSOLUTE)

    Exec Addr    Load Addr    Size         Type   Attr      Idx    E Section Name        Object

    0x08000000   0x08000000   0x00000188   Data   RO            3    RESET               startup_stm32f407xx.o
    0x08000188   0x08000188   0x00000000   Code   RO        10430  * .ARM.Collect$$$$00000000  mc_w.l(entry.o)
    0x08000188   0x08000188   0x00000004   Code   RO        10747    .ARM.Collect$$$$00000001  mc_w.l(entry2.o)
    0x0800018c   0x0800018c   0x00000004   Code   RO        10750    .ARM.Collect$$$$00000004  mc_w.l(entry5.o)
    0x08000190   0x08000190   0x00000000   Code   RO        10752    .ARM.Collect$$$$00000008  mc_w.l(entry7b.o)
    0x08000190   0x08000190   0x00000000   Code   RO        10754    .ARM.Collect$$$$0000000A  mc_w.l(entry8b.o)
    0x08000190   0x08000190   0x00000008   Code   RO        10755    .ARM.Collect$$$$0000000B  mc_w.l(entry9a.o)
    0x08000198   0x08000198   0x00000004   Code   RO        10762    .ARM.Collect$$$$0000000E  mc_w.l(entry12b.o)
    0x0800019c   0x0800019c   0x00000000   Code   RO        10757    .ARM.Collect$$$$0000000F  mc_w.l(entry10a.o)
    0x0800019c   0x0800019c   0x00000000   Code   RO        10759    .ARM.Collect$$$$00000011  mc_w.l(entry11a.o)
    0x0800019c   0x0800019c   0x00000004   Code   RO        10748    .ARM.Collect$$$$00002712  mc_w.l(entry2.o)
    0x080001a0   0x080001a0   0x000000be   Code   RO         5834    .emb_text           port.o
    0x0800025e   0x0800025e   0x00000002   PAD
    0x08000260   0x08000260   0x00000024   Code   RO            4    .text               startup_stm32f407xx.o
    0x08000284   0x08000284   0x00000062   Code   RO        10433    .text               mc_w.l(uldiv.o)
    0x080002e6   0x080002e6   0x00000002   PAD
    0x080002e8   0x080002e8   0x00000008   Code   RO        10435    .text               mc_w.l(ctype_o.o)
    0x080002f0   0x080002f0   0x00000024   Code   RO        10463    .text               mc_w.l(rand.o)
    0x08000314   0x08000314   0x00000040   Code   RO        10468    .text               mc_w.l(memmovea.o)
    0x08000354   0x08000354   0x00000024   Code   RO        10472    .text               mc_w.l(memseta.o)
    0x08000378   0x08000378   0x0000001a   Code   RO        10476    .text               mc_w.l(memcmp.o)
    0x08000392   0x08000392   0x0000002c   Code   RO        10766    .text               mc_w.l(uidiv.o)
    0x080003be   0x080003be   0x0000001e   Code   RO        10768    .text               mc_w.l(llshl.o)
    0x080003dc   0x080003dc   0x00000020   Code   RO        10770    .text               mc_w.l(llushr.o)
    0x080003fc   0x080003fc   0x00000024   Code   RO        10792    .text               mc_w.l(init.o)
    0x08000420   0x08000420   0x00000000   Code   RO        10794    .text               mc_w.l(semi.o)
    0x08000420   0x08000420   0x00000000   Code   RO        10799    .text               mc_w.l(iusesemip.o)
    0x08000420   0x08000420   0x00000056   Code   RO        10812    .text               mc_w.l(__dczerorl2.o)
    0x08000476   0x08000476   0x00000002   PAD
    0x08000478   0x08000478   0x00000128   Code   RO         4307    i.ADC_Init          stm32f4xx_hal_adc.o
    0x080005a0   0x080005a0   0x00000002   Code   RO          830    i.BusFault_Handler  stm32f4xx_it.o
    0x080005a2   0x080005a2   0x00000002   PAD
    0x080005a4   0x080005a4   0x00000058   Code   RO          963    i.DHT11_Check       dht11.o
    0x080005fc   0x080005fc   0x00000058   Code   RO          964    i.DHT11_Read_Bit    dht11.o
    0x08000654   0x08000654   0x0000001a   Code   RO          965    i.DHT11_Read_Byte   dht11.o
    0x0800066e   0x0800066e   0x00000002   PAD
    0x08000670   0x08000670   0x00000058   Code   RO          966    i.DHT11_Read_Data   dht11.o
    0x080006c8   0x080006c8   0x00000030   Code   RO          967    i.DHT11_Rst         dht11.o
    0x080006f8   0x080006f8   0x00000002   Code   RO          831    i.DebugMon_Handler  stm32f4xx_it.o
    0x080006fa   0x080006fa   0x00000002   PAD
    0x080006fc   0x080006fc   0x00000058   Code   RO          968    i.Delay_us          dht11.o
    0x08000754   0x08000754   0x00000020   Code   RO         1244    i.ETH_Delay         stm32f4xx_hal_eth.o
    0x08000774   0x08000774   0x0000002e   Code   RO         1245    i.ETH_FlushTransmitFIFO  stm32f4xx_hal_eth.o
    0x080007a2   0x080007a2   0x00000002   PAD
    0x080007a4   0x080007a4   0x0000000c   Code   RO          832    i.ETH_IRQHandler    stm32f4xx_it.o
    0x080007b0   0x080007b0   0x0000012c   Code   RO         1246    i.ETH_MACDMAConfig  stm32f4xx_hal_eth.o
    0x080008dc   0x080008dc   0x00000002   Code   RO          250    i.Error_Handler     main.o
    0x080008de   0x080008de   0x00000002   PAD
    0x080008e0   0x080008e0   0x0000014c   Code   RO         4309    i.HAL_ADC_ConfigChannel  stm32f4xx_hal_adc.o
    0x08000a2c   0x08000a2c   0x00000006   Code   RO         4316    i.HAL_ADC_GetValue  stm32f4xx_hal_adc.o
    0x08000a32   0x08000a32   0x00000054   Code   RO         4318    i.HAL_ADC_Init      stm32f4xx_hal_adc.o
    0x08000a86   0x08000a86   0x00000002   PAD
    0x08000a88   0x08000a88   0x00000060   Code   RO         1197    i.HAL_ADC_MspInit   adc.o
    0x08000ae8   0x08000ae8   0x000000aa   Code   RO         4322    i.HAL_ADC_PollForConversion  stm32f4xx_hal_adc.o
    0x08000b92   0x08000b92   0x00000002   PAD
    0x08000b94   0x08000b94   0x000000fc   Code   RO         4324    i.HAL_ADC_Start     stm32f4xx_hal_adc.o
    0x08000c90   0x08000c90   0x0000003c   Code   RO         4327    i.HAL_ADC_Stop      stm32f4xx_hal_adc.o
    0x08000ccc   0x08000ccc   0x00000024   Code   RO         2278    i.HAL_Delay         stm32f4xx_hal.o
    0x08000cf0   0x08000cf0   0x00000074   Code   RO         1249    i.HAL_ETH_DMARxDescListInit  stm32f4xx_hal_eth.o
    0x08000d64   0x08000d64   0x00000078   Code   RO         1250    i.HAL_ETH_DMATxDescListInit  stm32f4xx_hal_eth.o
    0x08000ddc   0x08000ddc   0x00000002   Code   RO         1252    i.HAL_ETH_ErrorCallback  stm32f4xx_hal_eth.o
    0x08000dde   0x08000dde   0x00000088   Code   RO         1254    i.HAL_ETH_GetReceivedFrame_IT  stm32f4xx_hal_eth.o
    0x08000e66   0x08000e66   0x0000007a   Code   RO         1256    i.HAL_ETH_IRQHandler  stm32f4xx_hal_eth.o
    0x08000ee0   0x08000ee0   0x000001ec   Code   RO         1257    i.HAL_ETH_Init      stm32f4xx_hal_eth.o
    0x080010cc   0x080010cc   0x000000e8   Code   RO          676    i.HAL_ETH_MspInit   ethernetif.o
    0x080011b4   0x080011b4   0x00000084   Code   RO         1260    i.HAL_ETH_ReadPHYRegister  stm32f4xx_hal_eth.o
    0x08001238   0x08001238   0x0000000c   Code   RO          677    i.HAL_ETH_RxCpltCallback  ethernetif.o
    0x08001244   0x08001244   0x00000084   Code   RO         1262    i.HAL_ETH_Start     stm32f4xx_hal_eth.o
    0x080012c8   0x080012c8   0x00000108   Code   RO         1264    i.HAL_ETH_TransmitFrame  stm32f4xx_hal_eth.o
    0x080013d0   0x080013d0   0x00000002   Code   RO         1265    i.HAL_ETH_TxCpltCallback  stm32f4xx_hal_eth.o
    0x080013d2   0x080013d2   0x00000002   PAD
    0x080013d4   0x080013d4   0x00000078   Code   RO         1266    i.HAL_ETH_WritePHYRegister  stm32f4xx_hal_eth.o
    0x0800144c   0x0800144c   0x000001ec   Code   RO         1752    i.HAL_GPIO_Init     stm32f4xx_hal_gpio.o
    0x08001638   0x08001638   0x0000000a   Code   RO         1754    i.HAL_GPIO_ReadPin  stm32f4xx_hal_gpio.o
    0x08001642   0x08001642   0x0000000a   Code   RO         1756    i.HAL_GPIO_WritePin  stm32f4xx_hal_gpio.o
    0x0800164c   0x0800164c   0x0000000c   Code   RO         2284    i.HAL_GetTick       stm32f4xx_hal.o
    0x08001658   0x08001658   0x00000188   Code   RO         3870    i.HAL_I2C_Init      stm32f4xx_hal_i2c.o
    0x080017e0   0x080017e0   0x000001e0   Code   RO         3876    i.HAL_I2C_Master_Receive  stm32f4xx_hal_i2c.o
    0x080019c0   0x080019c0   0x0000012c   Code   RO         3883    i.HAL_I2C_Master_Transmit  stm32f4xx_hal_i2c.o
    0x08001aec   0x08001aec   0x00000068   Code   RO         1125    i.HAL_I2C_MspInit   i2c.o
    0x08001b54   0x08001b54   0x00000010   Code   RO         2290    i.HAL_IncTick       stm32f4xx_hal.o
    0x08001b64   0x08001b64   0x00000034   Code   RO         2291    i.HAL_Init          stm32f4xx_hal.o
    0x08001b98   0x08001b98   0x00000074   Code   RO          924    i.HAL_InitTick      stm32f4xx_hal_timebase_tim.o
    0x08001c0c   0x08001c0c   0x00000038   Code   RO          900    i.HAL_MspInit       stm32f4xx_hal_msp.o
    0x08001c44   0x08001c44   0x0000001a   Code   RO         2141    i.HAL_NVIC_EnableIRQ  stm32f4xx_hal_cortex.o
    0x08001c5e   0x08001c5e   0x00000002   PAD
    0x08001c60   0x08001c60   0x00000040   Code   RO         2147    i.HAL_NVIC_SetPriority  stm32f4xx_hal_cortex.o
    0x08001ca0   0x08001ca0   0x00000024   Code   RO         2148    i.HAL_NVIC_SetPriorityGrouping  stm32f4xx_hal_cortex.o
    0x08001cc4   0x08001cc4   0x00000134   Code   RO         1398    i.HAL_RCC_ClockConfig  stm32f4xx_hal_rcc.o
    0x08001df8   0x08001df8   0x00000040   Code   RO         1402    i.HAL_RCC_GetClockConfig  stm32f4xx_hal_rcc.o
    0x08001e38   0x08001e38   0x0000000c   Code   RO         1403    i.HAL_RCC_GetHCLKFreq  stm32f4xx_hal_rcc.o
    0x08001e44   0x08001e44   0x00000020   Code   RO         1405    i.HAL_RCC_GetPCLK1Freq  stm32f4xx_hal_rcc.o
    0x08001e64   0x08001e64   0x00000020   Code   RO         1406    i.HAL_RCC_GetPCLK2Freq  stm32f4xx_hal_rcc.o
    0x08001e84   0x08001e84   0x00000060   Code   RO         1407    i.HAL_RCC_GetSysClockFreq  stm32f4xx_hal_rcc.o
    0x08001ee4   0x08001ee4   0x0000036c   Code   RO         1410    i.HAL_RCC_OscConfig  stm32f4xx_hal_rcc.o
    0x08002250   0x08002250   0x00000002   Code   RO         3235    i.HAL_TIMEx_BreakCallback  stm32f4xx_hal_tim_ex.o
    0x08002252   0x08002252   0x00000002   Code   RO         3236    i.HAL_TIMEx_CommutCallback  stm32f4xx_hal_tim_ex.o
    0x08002254   0x08002254   0x00000090   Code   RO         3254    i.HAL_TIMEx_MasterConfigSynchronization  stm32f4xx_hal_tim_ex.o
    0x080022e4   0x080022e4   0x0000005a   Code   RO         2531    i.HAL_TIM_Base_Init  stm32f4xx_hal_tim.o
    0x0800233e   0x0800233e   0x00000002   PAD
    0x08002340   0x08002340   0x00000028   Code   RO         1047    i.HAL_TIM_Base_MspInit  tim.o
    0x08002368   0x08002368   0x00000080   Code   RO         2536    i.HAL_TIM_Base_Start_IT  stm32f4xx_hal_tim.o
    0x080023e8   0x080023e8   0x000000d6   Code   RO         2540    i.HAL_TIM_ConfigClockSource  stm32f4xx_hal_tim.o
    0x080024be   0x080024be   0x00000002   Code   RO         2565    i.HAL_TIM_IC_CaptureCallback  stm32f4xx_hal_tim.o
    0x080024c0   0x080024c0   0x00000166   Code   RO         2579    i.HAL_TIM_IRQHandler  stm32f4xx_hal_tim.o
    0x08002626   0x08002626   0x00000002   Code   RO         2582    i.HAL_TIM_OC_DelayElapsedCallback  stm32f4xx_hal_tim.o
    0x08002628   0x08002628   0x00000002   Code   RO         2609    i.HAL_TIM_PWM_PulseFinishedCallback  stm32f4xx_hal_tim.o
    0x0800262a   0x0800262a   0x00000002   PAD
    0x0800262c   0x0800262c   0x00000014   Code   RO          251    i.HAL_TIM_PeriodElapsedCallback  main.o
    0x08002640   0x08002640   0x00000002   Code   RO         2622    i.HAL_TIM_TriggerCallback  stm32f4xx_hal_tim.o
    0x08002642   0x08002642   0x00000062   Code   RO         3531    i.HAL_UART_Init     stm32f4xx_hal_uart.o
    0x080026a4   0x080026a4   0x0000006c   Code   RO          789    i.HAL_UART_MspInit  usart.o
    0x08002710   0x08002710   0x00000002   Code   RO          833    i.HardFault_Handler  stm32f4xx_it.o
    0x08002712   0x08002712   0x0000002e   Code   RO         3912    i.I2C_IsAcknowledgeFailed  stm32f4xx_hal_i2c.o
    0x08002740   0x08002740   0x000000ec   Code   RO         3915    i.I2C_MasterRequestRead  stm32f4xx_hal_i2c.o
    0x0800282c   0x0800282c   0x0000009c   Code   RO         3916    i.I2C_MasterRequestWrite  stm32f4xx_hal_i2c.o
    0x080028c8   0x080028c8   0x0000004c   Code   RO         3926    i.I2C_WaitOnBTFFlagUntilTimeout  stm32f4xx_hal_i2c.o
    0x08002914   0x08002914   0x00000068   Code   RO         3927    i.I2C_WaitOnFlagUntilTimeout  stm32f4xx_hal_i2c.o
    0x0800297c   0x0800297c   0x00000096   Code   RO         3928    i.I2C_WaitOnMasterAddressFlagUntilTimeout  stm32f4xx_hal_i2c.o
    0x08002a12   0x08002a12   0x00000066   Code   RO         3929    i.I2C_WaitOnRXNEFlagUntilTimeout  stm32f4xx_hal_i2c.o
    0x08002a78   0x08002a78   0x0000004c   Code   RO         3930    i.I2C_WaitOnTXEFlagUntilTimeout  stm32f4xx_hal_i2c.o
    0x08002ac4   0x08002ac4   0x00000060   Code   RO         1198    i.MX_ADC1_Init      adc.o
    0x08002b24   0x08002b24   0x00000028   Code   RO          551    i.MX_FREERTOS_Init  freertos.o
    0x08002b4c   0x08002b4c   0x000000a8   Code   RO          527    i.MX_GPIO_Init      gpio.o
    0x08002bf4   0x08002bf4   0x00000040   Code   RO         1126    i.MX_I2C1_Init      i2c.o
    0x08002c34   0x08002c34   0x00000134   Code   RO          604    i.MX_LWIP_Init      lwip.o
    0x08002d68   0x08002d68   0x00000068   Code   RO         1048    i.MX_TIM3_Init      tim.o
    0x08002dd0   0x08002dd0   0x00000038   Code   RO          790    i.MX_USART1_UART_Init  usart.o
    0x08002e08   0x08002e08   0x00000002   Code   RO          834    i.MemManage_Handler  stm32f4xx_it.o
    0x08002e0a   0x08002e0a   0x00000002   Code   RO          835    i.NMI_Handler       stm32f4xx_it.o
    0x08002e0c   0x08002e0c   0x0000000c   Code   RO          552    i.StartDefaultTask  freertos.o
    0x08002e18   0x08002e18   0x0000002c   Code   RO         5835    i.SysTick_Handler   port.o
    0x08002e44   0x08002e44   0x00000088   Code   RO          252    i.SystemClock_Config  main.o
    0x08002ecc   0x08002ecc   0x00000010   Code   RO         4580    i.SystemInit        system_stm32f4xx.o
    0x08002edc   0x08002edc   0x0000000c   Code   RO          836    i.TIM6_DAC_IRQHandler  stm32f4xx_it.o
    0x08002ee8   0x08002ee8   0x000000c8   Code   RO         2624    i.TIM_Base_SetConfig  stm32f4xx_hal_tim.o
    0x08002fb0   0x08002fb0   0x00000014   Code   RO         2635    i.TIM_ETR_SetConfig  stm32f4xx_hal_tim.o
    0x08002fc4   0x08002fc4   0x00000010   Code   RO         2636    i.TIM_ITRx_SetConfig  stm32f4xx_hal_tim.o
    0x08002fd4   0x08002fd4   0x00000022   Code   RO         2642    i.TIM_TI1_ConfigInputStage  stm32f4xx_hal_tim.o
    0x08002ff6   0x08002ff6   0x00000024   Code   RO         2644    i.TIM_TI2_ConfigInputStage  stm32f4xx_hal_tim.o
    0x0800301a   0x0800301a   0x00000002   PAD
    0x0800301c   0x0800301c   0x0000010c   Code   RO         3557    i.UART_SetConfig    stm32f4xx_hal_uart.o
    0x08003128   0x08003128   0x00000002   Code   RO          837    i.UsageFault_Handler  stm32f4xx_it.o
    0x0800312a   0x0800312a   0x00000002   PAD
    0x0800312c   0x0800312c   0x00000020   Code   RO        10573    i.__0printf$3       mc_w.l(printf3.o)
    0x0800314c   0x0800314c   0x00000028   Code   RO        10575    i.__0sprintf$3      mc_w.l(printf3.o)
    0x08003174   0x08003174   0x00000020   Code   RO         2154    i.__NVIC_SetPriority  stm32f4xx_hal_cortex.o
    0x08003194   0x08003194   0x0000000e   Code   RO        10806    i.__scatterload_copy  mc_w.l(handlers.o)
    0x080031a2   0x080031a2   0x00000002   Code   RO        10807    i.__scatterload_null  mc_w.l(handlers.o)
    0x080031a4   0x080031a4   0x0000000e   Code   RO        10808    i.__scatterload_zeroinit  mc_w.l(handlers.o)
    0x080031b2   0x080031b2   0x00000002   PAD
    0x080031b4   0x080031b4   0x000001b8   Code   RO        10580    i._printf_core      mc_w.l(printf3.o)
    0x0800336c   0x0800336c   0x0000000a   Code   RO        10582    i._sputc            mc_w.l(printf3.o)
    0x08003376   0x08003376   0x00000002   PAD
    0x08003378   0x08003378   0x00000178   Code   RO         6886    i.accept_function   api_msg.o
    0x080034f0   0x080034f0   0x000000e8   Code   RO         7291    i.alloc_socket      sockets.o
    0x080035d8   0x080035d8   0x0000001c   Code   RO         1166    i.bh1750_read       bh1750.o
    0x080035f4   0x080035f4   0x0000001c   Code   RO         1167    i.bh1750_write      bh1750.o
    0x08003610   0x08003610   0x000000c4   Code   RO          255    i.check_data        main.o
    0x080036d4   0x080036d4   0x0000007c   Code   RO          256    i.dht11_task        main.o
    0x08003750   0x08003750   0x000000a8   Code   RO         8067    i.do_memp_free_pool  memp.o
    0x080037f8   0x080037f8   0x000000b8   Code   RO         8068    i.do_memp_malloc_pool  memp.o
    0x080038b0   0x080038b0   0x000001c8   Code   RO         6887    i.err_tcp           api_msg.o
    0x08003a78   0x08003a78   0x0000001c   Code   RO         7098    i.err_to_errno      err.o
    0x08003a94   0x08003a94   0x0000002c   Code   RO         9491    i.etharp_cleanup_netif  etharp.o
    0x08003ac0   0x08003ac0   0x00000260   Code   RO         9493    i.etharp_find_entry  etharp.o
    0x08003d20   0x08003d20   0x00000024   Code   RO         9494    i.etharp_free_entry  etharp.o
    0x08003d44   0x08003d44   0x00000104   Code   RO         9496    i.etharp_input      etharp.o
    0x08003e48   0x08003e48   0x000001b0   Code   RO         9497    i.etharp_output     etharp.o
    0x08003ff8   0x08003ff8   0x00000110   Code   RO         9498    i.etharp_output_to_arp_index  etharp.o
    0x08004108   0x08004108   0x000001e8   Code   RO         9499    i.etharp_query      etharp.o
    0x080042f0   0x080042f0   0x00000174   Code   RO         9500    i.etharp_raw        etharp.o
    0x08004464   0x08004464   0x0000000c   Code   RO         9501    i.etharp_request    etharp.o
    0x08004470   0x08004470   0x00000020   Code   RO         9502    i.etharp_request_dst  etharp.o
    0x08004490   0x08004490   0x00000060   Code   RO         9503    i.etharp_tmr        etharp.o
    0x080044f0   0x080044f0   0x0000011c   Code   RO         9504    i.etharp_update_arp_entry  etharp.o
    0x0800460c   0x0800460c   0x000000a4   Code   RO         6440    i.ethernet_input    ethernet.o
    0x080046b0   0x080046b0   0x000000f8   Code   RO         6441    i.ethernet_output   ethernet.o
    0x080047a8   0x080047a8   0x00000088   Code   RO          678    i.ethernetif_init   ethernetif.o
    0x08004830   0x08004830   0x0000004c   Code   RO          679    i.ethernetif_input  ethernetif.o
    0x0800487c   0x0800487c   0x00000138   Code   RO         7292    i.event_callback    sockets.o
    0x080049b4   0x080049b4   0x00000012   Code   RO        10763    i.fputc             mc_w.l(fputc.o)
    0x080049c6   0x080049c6   0x0000003c   Code   RO         7293    i.free_socket       sockets.o
    0x08004a02   0x08004a02   0x00000002   PAD
    0x08004a04   0x08004a04   0x0000004c   Code   RO         1199    i.getHumdityValue   adc.o
    0x08004a50   0x08004a50   0x0000005c   Code   RO          257    i.get_config_data   main.o
    0x08004aac   0x08004aac   0x00000018   Code   RO         7294    i.get_socket        sockets.o
    0x08004ac4   0x08004ac4   0x00000008   Code   RO         9594    i.icmp_dest_unreach  icmp.o
    0x08004acc   0x08004acc   0x000001e8   Code   RO         9595    i.icmp_input        icmp.o
    0x08004cb4   0x08004cb4   0x00000110   Code   RO         9596    i.icmp_send_response  icmp.o
    0x08004dc4   0x08004dc4   0x00000008   Code   RO         9597    i.icmp_time_exceeded  icmp.o
    0x08004dcc   0x08004dcc   0x0000000c   Code   RO         5398    i.inHandlerMode     cmsis_os.o
    0x08004dd8   0x08004dd8   0x0000002e   Code   RO         9708    i.ip4_addr_isbroadcast_u32  ip4_addr.o
    0x08004e06   0x08004e06   0x00000002   PAD
    0x08004e08   0x08004e08   0x00000260   Code   RO         9777    i.ip4_frag          ip4_frag.o
    0x08005068   0x08005068   0x00000174   Code   RO         9653    i.ip4_input         ip4.o
    0x080051dc   0x080051dc   0x0000002c   Code   RO         9654    i.ip4_input_accept  ip4.o
    0x08005208   0x08005208   0x0000001e   Code   RO         9656    i.ip4_output_if     ip4.o
    0x08005226   0x08005226   0x00000002   PAD
    0x08005228   0x08005228   0x00000178   Code   RO         9657    i.ip4_output_if_src  ip4.o
    0x080053a0   0x080053a0   0x00000288   Code   RO         9778    i.ip4_reass         ip4_frag.o
    0x08005628   0x08005628   0x00000060   Code   RO         9658    i.ip4_route         ip4.o
    0x08005688   0x08005688   0x0000018c   Code   RO         9710    i.ip4addr_aton      ip4_addr.o
    0x08005814   0x08005814   0x00000090   Code   RO         9779    i.ip_frag_free_pbuf_custom_ref  ip4_frag.o
    0x080058a4   0x080058a4   0x00000248   Code   RO         9780    i.ip_reass_chain_frag_into_datagram_and_validate  ip4_frag.o
    0x08005aec   0x08005aec   0x000000bc   Code   RO         9781    i.ip_reass_dequeue_datagram  ip4_frag.o
    0x08005ba8   0x08005ba8   0x00000198   Code   RO         9782    i.ip_reass_free_complete_datagram  ip4_frag.o
    0x08005d40   0x08005d40   0x00000080   Code   RO         9783    i.ip_reass_remove_oldest_datagram  ip4_frag.o
    0x08005dc0   0x08005dc0   0x0000002c   Code   RO         9784    i.ip_reass_tmr      ip4_frag.o
    0x08005dec   0x08005dec   0x00000014   Code   RO         9713    i.ipaddr_addr       ip4_addr.o
    0x08005e00   0x08005e00   0x00000098   Code   RO         9785    i.ipfrag_free_pbuf_custom  ip4_frag.o
    0x08005e98   0x08005e98   0x0000003c   Code   RO          258    i.led               main.o
    0x08005ed4   0x08005ed4   0x00000120   Code   RO          680    i.low_level_init    ethernetif.o
    0x08005ff4   0x08005ff4   0x000000c0   Code   RO          681    i.low_level_input   ethernetif.o
    0x080060b4   0x080060b4   0x000000a8   Code   RO          682    i.low_level_output  ethernetif.o
    0x0800615c   0x0800615c   0x000001c4   Code   RO         7295    i.lwip_accept       sockets.o
    0x08006320   0x08006320   0x000000dc   Code   RO         7296    i.lwip_bind         sockets.o
    0x080063fc   0x080063fc   0x000000d4   Code   RO         7297    i.lwip_close        sockets.o
    0x080064d0   0x080064d0   0x0000003c   Code   RO         9241    i.lwip_cyclic_timer  timeouts.o
    0x0800650c   0x0800650c   0x00000004   Code   RO         7781    i.lwip_htonl        def.o
    0x08006510   0x08006510   0x00000004   Code   RO         7782    i.lwip_htons        def.o
    0x08006514   0x08006514   0x00000022   Code   RO         7926    i.lwip_init         init.o
    0x08006536   0x08006536   0x00000002   PAD
    0x08006538   0x08006538   0x0000004c   Code   RO         7309    i.lwip_listen       sockets.o
    0x08006584   0x08006584   0x00000036   Code   RO         6888    i.lwip_netconn_do_bind  api_msg.o
    0x080065ba   0x080065ba   0x00000002   PAD
    0x080065bc   0x080065bc   0x00000138   Code   RO         6890    i.lwip_netconn_do_close  api_msg.o
    0x080066f4   0x080066f4   0x000002c0   Code   RO         6891    i.lwip_netconn_do_close_internal  api_msg.o
    0x080069b4   0x080069b4   0x00000198   Code   RO         6894    i.lwip_netconn_do_delconn  api_msg.o
    0x08006b4c   0x08006b4c   0x000000e4   Code   RO         6896    i.lwip_netconn_do_getaddr  api_msg.o
    0x08006c30   0x08006c30   0x000000bc   Code   RO         6897    i.lwip_netconn_do_listen  api_msg.o
    0x08006cec   0x08006cec   0x00000012   Code   RO         6898    i.lwip_netconn_do_newconn  api_msg.o
    0x08006cfe   0x08006cfe   0x00000042   Code   RO         6899    i.lwip_netconn_do_recv  api_msg.o
    0x08006d40   0x08006d40   0x00000042   Code   RO         6900    i.lwip_netconn_do_send  api_msg.o
    0x08006d82   0x08006d82   0x00000002   PAD
    0x08006d84   0x08006d84   0x0000014c   Code   RO         6901    i.lwip_netconn_do_write  api_msg.o
    0x08006ed0   0x08006ed0   0x00000384   Code   RO         6902    i.lwip_netconn_do_writemore  api_msg.o
    0x08007254   0x08007254   0x000000a8   Code   RO         6903    i.lwip_netconn_err_to_msg  api_msg.o
    0x080072fc   0x080072fc   0x000000ac   Code   RO         6904    i.lwip_netconn_is_err_msg  api_msg.o
    0x080073a8   0x080073a8   0x0000000e   Code   RO         7312    i.lwip_read         sockets.o
    0x080073b6   0x080073b6   0x00000002   PAD
    0x080073b8   0x080073b8   0x00000208   Code   RO         7315    i.lwip_recv_tcp     sockets.o
    0x080075c0   0x080075c0   0x000000d0   Code   RO         7316    i.lwip_recvfrom     sockets.o
    0x08007690   0x08007690   0x00000180   Code   RO         7317    i.lwip_recvfrom_udp_raw  sockets.o
    0x08007810   0x08007810   0x00000074   Code   RO         7321    i.lwip_send         sockets.o
    0x08007884   0x08007884   0x0000014c   Code   RO         7323    i.lwip_sendto       sockets.o
    0x080079d0   0x080079d0   0x00000118   Code   RO         7327    i.lwip_sock_make_addr  sockets.o
    0x08007ae8   0x08007ae8   0x00000068   Code   RO         7328    i.lwip_socket       sockets.o
    0x08007b50   0x08007b50   0x00000006   Code   RO         7334    i.lwip_write        sockets.o
    0x08007b56   0x08007b56   0x00000002   PAD
    0x08007b58   0x08007b58   0x00000070   Code   RO          259    i.main              main.o
    0x08007bc8   0x08007bc8   0x0000000c   Code   RO         5400    i.makeFreeRtosPriority  cmsis_os.o
    0x08007bd4   0x08007bd4   0x00000020   Code   RO          972    i.mcu_init_input    dht11.o
    0x08007bf4   0x08007bf4   0x00000024   Code   RO          973    i.mcu_init_output   dht11.o
    0x08007c18   0x08007c18   0x000001c8   Code   RO         8001    i.mem_free          mem.o
    0x08007de0   0x08007de0   0x000000c8   Code   RO         8002    i.mem_init          mem.o
    0x08007ea8   0x08007ea8   0x0000024c   Code   RO         8003    i.mem_malloc        mem.o
    0x080080f4   0x080080f4   0x00000010   Code   RO         8004    i.mem_to_ptr        mem.o
    0x08008104   0x08008104   0x000001e4   Code   RO         8005    i.mem_trim          mem.o
    0x080082e8   0x080082e8   0x0000009c   Code   RO         8069    i.memp_free         memp.o
    0x08008384   0x08008384   0x00000020   Code   RO         8071    i.memp_init         memp.o
    0x080083a4   0x080083a4   0x0000002a   Code   RO         8072    i.memp_init_pool    memp.o
    0x080083ce   0x080083ce   0x00000002   PAD
    0x080083d0   0x080083d0   0x000000a4   Code   RO         8073    i.memp_malloc       memp.o
    0x08008474   0x08008474   0x00000022   Code   RO         7173    i.netbuf_delete     netbuf.o
    0x08008496   0x08008496   0x00000002   PAD
    0x08008498   0x08008498   0x000000a0   Code   RO         7175    i.netbuf_free       netbuf.o
    0x08008538   0x08008538   0x000000c4   Code   RO         7178    i.netbuf_ref        netbuf.o
    0x080085fc   0x080085fc   0x00000138   Code   RO         6650    i.netconn_accept    api_lib.o
    0x08008734   0x08008734   0x00000104   Code   RO         6905    i.netconn_alloc     api_msg.o
    0x08008838   0x08008838   0x00000016   Code   RO         6651    i.netconn_apimsg    api_lib.o
    0x0800884e   0x0800884e   0x00000002   PAD
    0x08008850   0x08008850   0x000000b8   Code   RO         6652    i.netconn_bind      api_lib.o
    0x08008908   0x08008908   0x000000b0   Code   RO         6655    i.netconn_close_shutdown  api_lib.o
    0x080089b8   0x080089b8   0x0000001e   Code   RO         6657    i.netconn_delete    api_lib.o
    0x080089d6   0x080089d6   0x0000009c   Code   RO         6906    i.netconn_drain     api_msg.o
    0x08008a72   0x08008a72   0x0000001e   Code   RO         6659    i.netconn_err       api_lib.o
    0x08008a90   0x08008a90   0x0000016c   Code   RO         6907    i.netconn_free      api_msg.o
    0x08008bfc   0x08008bfc   0x0000010c   Code   RO         6660    i.netconn_getaddr   api_lib.o
    0x08008d08   0x08008d08   0x000000a8   Code   RO         6661    i.netconn_listen_with_backlog  api_lib.o
    0x08008db0   0x08008db0   0x00000178   Code   RO         6662    i.netconn_new_with_proto_and_callback  api_lib.o
    0x08008f28   0x08008f28   0x00000020   Code   RO         6663    i.netconn_prepare_delete  api_lib.o
    0x08008f48   0x08008f48   0x00000188   Code   RO         6665    i.netconn_recv_data  api_lib.o
    0x080090d0   0x080090d0   0x00000092   Code   RO         6666    i.netconn_recv_data_tcp  api_lib.o
    0x08009162   0x08009162   0x00000002   PAD
    0x08009164   0x08009164   0x000000ac   Code   RO         6668    i.netconn_recv_tcp_pbuf_flags  api_lib.o
    0x08009210   0x08009210   0x000000b4   Code   RO         6670    i.netconn_recv_udp_raw_netbuf_flags  api_lib.o
    0x080092c4   0x080092c4   0x000000a8   Code   RO         6671    i.netconn_send      api_lib.o
    0x0800936c   0x0800936c   0x000000b0   Code   RO         6674    i.netconn_tcp_recvd  api_lib.o
    0x0800941c   0x0800941c   0x000000b8   Code   RO         6675    i.netconn_tcp_recvd_msg  api_lib.o
    0x080094d4   0x080094d4   0x00000014   Code   RO         6676    i.netconn_write_partly  api_lib.o
    0x080094e8   0x080094e8   0x0000018c   Code   RO         6677    i.netconn_write_vectors_partly  api_lib.o
    0x08009674   0x08009674   0x000001d8   Code   RO         8213    i.netif_add         netif.o
    0x0800984c   0x0800984c   0x00000016   Code   RO         8215    i.netif_do_ip_addr_changed  netif.o
    0x08009862   0x08009862   0x00000016   Code   RO         8216    i.netif_do_set_gw   netif.o
    0x08009878   0x08009878   0x000000c4   Code   RO         8217    i.netif_do_set_ipaddr  netif.o
    0x0800993c   0x0800993c   0x00000016   Code   RO         8218    i.netif_do_set_netmask  netif.o
    0x08009952   0x08009952   0x00000002   PAD
    0x08009954   0x08009954   0x00000028   Code   RO         8220    i.netif_get_by_index  netif.o
    0x0800997c   0x0800997c   0x00000002   Code   RO         8222    i.netif_init        netif.o
    0x0800997e   0x0800997e   0x00000002   PAD
    0x08009980   0x08009980   0x000000c0   Code   RO         8224    i.netif_issue_reports  netif.o
    0x08009a40   0x08009a40   0x00000006   Code   RO         8226    i.netif_null_output_ip4  netif.o
    0x08009a46   0x08009a46   0x00000002   PAD
    0x08009a48   0x08009a48   0x00000060   Code   RO         8228    i.netif_set_addr    netif.o
    0x08009aa8   0x08009aa8   0x0000000c   Code   RO         8229    i.netif_set_default  netif.o
    0x08009ab4   0x08009ab4   0x000000a8   Code   RO         8230    i.netif_set_down    netif.o
    0x08009b5c   0x08009b5c   0x000000a0   Code   RO         8236    i.netif_set_up      netif.o
    0x08009bfc   0x08009bfc   0x0000000e   Code   RO         5402    i.osDelay           cmsis_os.o
    0x08009c0a   0x08009c0a   0x0000000a   Code   RO         5405    i.osKernelStart     cmsis_os.o
    0x08009c14   0x08009c14   0x00000018   Code   RO         5406    i.osKernelSysTick   cmsis_os.o
    0x08009c2c   0x08009c2c   0x00000026   Code   RO         5414    i.osMessageCreate   cmsis_os.o
    0x08009c52   0x08009c52   0x00000018   Code   RO         5415    i.osMessageDelete   cmsis_os.o
    0x08009c6a   0x08009c6a   0x00000002   PAD
    0x08009c6c   0x08009c6c   0x00000094   Code   RO         5416    i.osMessageGet      cmsis_os.o
    0x08009d00   0x08009d00   0x0000005c   Code   RO         5418    i.osMessagePut      cmsis_os.o
    0x08009d5c   0x08009d5c   0x0000001e   Code   RO         5419    i.osMessageWaiting  cmsis_os.o
    0x08009d7a   0x08009d7a   0x00000010   Code   RO         5420    i.osMutexCreate     cmsis_os.o
    0x08009d8a   0x08009d8a   0x00000002   PAD
    0x08009d8c   0x08009d8c   0x00000050   Code   RO         5422    i.osMutexRelease    cmsis_os.o
    0x08009ddc   0x08009ddc   0x00000064   Code   RO         5423    i.osMutexWait       cmsis_os.o
    0x08009e40   0x08009e40   0x0000003e   Code   RO         5431    i.osSemaphoreCreate  cmsis_os.o
    0x08009e7e   0x08009e7e   0x00000018   Code   RO         5432    i.osSemaphoreDelete  cmsis_os.o
    0x08009e96   0x08009e96   0x00000002   PAD
    0x08009e98   0x08009e98   0x00000050   Code   RO         5434    i.osSemaphoreRelease  cmsis_os.o
    0x08009ee8   0x08009ee8   0x00000064   Code   RO         5435    i.osSemaphoreWait   cmsis_os.o
    0x08009f4c   0x08009f4c   0x00000054   Code   RO         5439    i.osThreadCreate    cmsis_os.o
    0x08009fa0   0x08009fa0   0x00000006   Code   RO         8395    i.pbuf_add_header   pbuf.o
    0x08009fa6   0x08009fa6   0x00000002   PAD
    0x08009fa8   0x08009fa8   0x000000c0   Code   RO         8397    i.pbuf_add_header_impl  pbuf.o
    0x0800a068   0x0800a068   0x0000025c   Code   RO         8398    i.pbuf_alloc        pbuf.o
    0x0800a2c4   0x0800a2c4   0x000000b0   Code   RO         8399    i.pbuf_alloc_reference  pbuf.o
    0x0800a374   0x0800a374   0x00000036   Code   RO         8400    i.pbuf_alloced_custom  pbuf.o
    0x0800a3aa   0x0800a3aa   0x00000002   PAD
    0x0800a3ac   0x0800a3ac   0x00000130   Code   RO         8401    i.pbuf_cat          pbuf.o
    0x0800a4dc   0x0800a4dc   0x00000012   Code   RO         8402    i.pbuf_chain        pbuf.o
    0x0800a4ee   0x0800a4ee   0x00000012   Code   RO         8403    i.pbuf_clen         pbuf.o
    0x0800a500   0x0800a500   0x0000009c   Code   RO         8404    i.pbuf_clone        pbuf.o
    0x0800a59c   0x0800a59c   0x000001e0   Code   RO         8406    i.pbuf_copy         pbuf.o
    0x0800a77c   0x0800a77c   0x00000118   Code   RO         8407    i.pbuf_copy_partial  pbuf.o
    0x0800a894   0x0800a894   0x00000164   Code   RO         8409    i.pbuf_free         pbuf.o
    0x0800a9f8   0x0800a9f8   0x00000032   Code   RO         8410    i.pbuf_free_header  pbuf.o
    0x0800aa2a   0x0800aa2a   0x00000002   PAD
    0x0800aa2c   0x0800aa2c   0x00000034   Code   RO         8411    i.pbuf_free_ooseq_callback  pbuf.o
    0x0800aa60   0x0800aa60   0x00000006   Code   RO         8415    i.pbuf_header_force  pbuf.o
    0x0800aa66   0x0800aa66   0x0000000e   Code   RO         8416    i.pbuf_header_impl  pbuf.o
    0x0800aa74   0x0800aa74   0x0000001c   Code   RO         8417    i.pbuf_init_alloced_pbuf  pbuf.o
    0x0800aa90   0x0800aa90   0x00000134   Code   RO         8421    i.pbuf_realloc      pbuf.o
    0x0800abc4   0x0800abc4   0x0000009c   Code   RO         8422    i.pbuf_ref          pbuf.o
    0x0800ac60   0x0800ac60   0x000000d0   Code   RO         8423    i.pbuf_remove_header  pbuf.o
    0x0800ad30   0x0800ad30   0x000000f8   Code   RO         6908    i.pcb_new           api_msg.o
    0x0800ae28   0x0800ae28   0x000001a0   Code   RO         8006    i.plug_holes        mem.o
    0x0800afc8   0x0800afc8   0x000000dc   Code   RO         6909    i.poll_tcp          api_msg.o
    0x0800b0a4   0x0800b0a4   0x00000070   Code   RO         5082    i.prvAddCurrentTaskToDelayedList  tasks.o
    0x0800b114   0x0800b114   0x000000d0   Code   RO         5083    i.prvAddNewTaskToReadyList  tasks.o
    0x0800b1e4   0x0800b1e4   0x00000026   Code   RO         4758    i.prvCopyDataFromQueue  queue.o
    0x0800b20a   0x0800b20a   0x0000006c   Code   RO         4759    i.prvCopyDataToQueue  queue.o
    0x0800b276   0x0800b276   0x00000034   Code   RO         5084    i.prvDeleteTCB      tasks.o
    0x0800b2aa   0x0800b2aa   0x00000002   PAD
    0x0800b2ac   0x0800b2ac   0x0000004c   Code   RO         5767    i.prvHeapInit       heap_4.o
    0x0800b2f8   0x0800b2f8   0x00000060   Code   RO         5085    i.prvIdleTask       tasks.o
    0x0800b358   0x0800b358   0x00000016   Code   RO         4760    i.prvInitialiseMutex  queue.o
    0x0800b36e   0x0800b36e   0x00000016   Code   RO         4761    i.prvInitialiseNewQueue  queue.o
    0x0800b384   0x0800b384   0x00000098   Code   RO         5086    i.prvInitialiseNewTask  tasks.o
    0x0800b41c   0x0800b41c   0x0000004c   Code   RO         5768    i.prvInsertBlockIntoFreeList  heap_4.o
    0x0800b468   0x0800b468   0x0000001c   Code   RO         4762    i.prvIsQueueEmpty   queue.o
    0x0800b484   0x0800b484   0x00000020   Code   RO         5087    i.prvResetNextTaskUnblockTime  tasks.o
    0x0800b4a4   0x0800b4a4   0x00000028   Code   RO         5836    i.prvTaskExitError  port.o
    0x0800b4cc   0x0800b4cc   0x0000006a   Code   RO         4763    i.prvUnlockQueue    queue.o
    0x0800b536   0x0800b536   0x00000002   PAD
    0x0800b538   0x0800b538   0x0000000c   Code   RO         8007    i.ptr_to_mem        mem.o
    0x0800b544   0x0800b544   0x000000dc   Code   RO         5769    i.pvPortMalloc      heap_4.o
    0x0800b620   0x0800b620   0x00000018   Code   RO         5089    i.pvTaskIncrementMutexHeldCount  tasks.o
    0x0800b638   0x0800b638   0x0000002c   Code   RO         5837    i.pxPortInitialiseStack  port.o
    0x0800b664   0x0800b664   0x00000184   Code   RO         6910    i.recv_tcp          api_msg.o
    0x0800b7e8   0x0800b7e8   0x00000164   Code   RO         6911    i.recv_udp          api_msg.o
    0x0800b94c   0x0800b94c   0x00000028   Code   RO         1088    i.relay_init        relay.o
    0x0800b974   0x0800b974   0x00000010   Code   RO         1089    i.relay_reset       relay.o
    0x0800b984   0x0800b984   0x00000010   Code   RO         1090    i.relay_set         relay.o
    0x0800b994   0x0800b994   0x000000d0   Code   RO         7336    i.select_check_waiters  sockets.o
    0x0800ba64   0x0800ba64   0x000000d0   Code   RO         6912    i.sent_tcp          api_msg.o
    0x0800bb34   0x0800bb34   0x00000044   Code   RO         6913    i.setup_tcp         api_msg.o
    0x0800bb78   0x0800bb78   0x00000016   Code   RO          260    i.start_water       main.o
    0x0800bb8e   0x0800bb8e   0x00000044   Code   RO        10031    i.sys_arch_mbox_fetch  sys_arch.o
    0x0800bbd2   0x0800bbd2   0x00000022   Code   RO        10032    i.sys_arch_mbox_tryfetch  sys_arch.o
    0x0800bbf4   0x0800bbf4   0x00000018   Code   RO        10033    i.sys_arch_protect  sys_arch.o
    0x0800bc0c   0x0800bc0c   0x00000038   Code   RO        10034    i.sys_arch_sem_wait  sys_arch.o
    0x0800bc44   0x0800bc44   0x0000000c   Code   RO        10035    i.sys_arch_unprotect  sys_arch.o
    0x0800bc50   0x0800bc50   0x00000044   Code   RO         9242    i.sys_check_timeouts  timeouts.o
    0x0800bc94   0x0800bc94   0x00000018   Code   RO        10036    i.sys_init          sys_arch.o
    0x0800bcac   0x0800bcac   0x00000014   Code   RO        10037    i.sys_mbox_free     sys_arch.o
    0x0800bcc0   0x0800bcc0   0x0000002c   Code   RO        10038    i.sys_mbox_new      sys_arch.o
    0x0800bcec   0x0800bcec   0x00000006   Code   RO        10040    i.sys_mbox_set_invalid  sys_arch.o
    0x0800bcf2   0x0800bcf2   0x00000014   Code   RO        10041    i.sys_mbox_trypost  sys_arch.o
    0x0800bd06   0x0800bd06   0x0000000a   Code   RO        10043    i.sys_mbox_valid    sys_arch.o
    0x0800bd10   0x0800bd10   0x0000000a   Code   RO        10045    i.sys_mutex_lock    sys_arch.o
    0x0800bd1a   0x0800bd1a   0x0000001e   Code   RO        10046    i.sys_mutex_new     sys_arch.o
    0x0800bd38   0x0800bd38   0x00000006   Code   RO        10047    i.sys_mutex_unlock  sys_arch.o
    0x0800bd3e   0x0800bd3e   0x00000004   Code   RO          684    i.sys_now           ethernetif.o
    0x0800bd42   0x0800bd42   0x00000006   Code   RO        10048    i.sys_sem_free      sys_arch.o
    0x0800bd48   0x0800bd48   0x0000002c   Code   RO        10049    i.sys_sem_new       sys_arch.o
    0x0800bd74   0x0800bd74   0x00000006   Code   RO        10050    i.sys_sem_set_invalid  sys_arch.o
    0x0800bd7a   0x0800bd7a   0x00000006   Code   RO        10051    i.sys_sem_signal    sys_arch.o
    0x0800bd80   0x0800bd80   0x0000000a   Code   RO        10052    i.sys_sem_valid     sys_arch.o
    0x0800bd8a   0x0800bd8a   0x00000030   Code   RO        10053    i.sys_thread_new    sys_arch.o
    0x0800bdba   0x0800bdba   0x00000002   PAD
    0x0800bdbc   0x0800bdbc   0x000000c4   Code   RO         9244    i.sys_timeout       timeouts.o
    0x0800be80   0x0800be80   0x000000f8   Code   RO         9245    i.sys_timeout_abs   timeouts.o
    0x0800bf78   0x0800bf78   0x00000028   Code   RO         9246    i.sys_timeouts_init  timeouts.o
    0x0800bfa0   0x0800bfa0   0x00000028   Code   RO         9247    i.sys_timeouts_sleeptime  timeouts.o
    0x0800bfc8   0x0800bfc8   0x000001ac   Code   RO         8679    i.tcp_abandon       tcp_1.o
    0x0800c174   0x0800c174   0x00000006   Code   RO         8680    i.tcp_abort         tcp_1.o
    0x0800c17a   0x0800c17a   0x0000000e   Code   RO         8681    i.tcp_accept        tcp_1.o
    0x0800c188   0x0800c188   0x00000098   Code   RO         8682    i.tcp_accept_null   tcp_1.o
    0x0800c220   0x0800c220   0x00000124   Code   RO         8683    i.tcp_alloc         tcp_1.o
    0x0800c344   0x0800c344   0x00000008   Code   RO         8684    i.tcp_arg           tcp_1.o
    0x0800c34c   0x0800c34c   0x0000014c   Code   RO         8685    i.tcp_bind          tcp_1.o
    0x0800c498   0x0800c498   0x000000a0   Code   RO         8687    i.tcp_close         tcp_1.o
    0x0800c538   0x0800c538   0x000001dc   Code   RO         8688    i.tcp_close_shutdown  tcp_1.o
    0x0800c714   0x0800c714   0x000000c4   Code   RO         8689    i.tcp_close_shutdown_fin  tcp_1.o
    0x0800c7d8   0x0800c7d8   0x00000180   Code   RO         9081    i.tcp_create_segment  tcp_out.o
    0x0800c958   0x0800c958   0x000000b8   Code   RO         8692    i.tcp_eff_send_mss_netif  tcp_1.o
    0x0800ca10   0x0800ca10   0x00000234   Code   RO         9082    i.tcp_enqueue_flags  tcp_out.o
    0x0800cc44   0x0800cc44   0x000000a4   Code   RO         8693    i.tcp_err           tcp_1.o
    0x0800cce8   0x0800cce8   0x0000006c   Code   RO         8694    i.tcp_fasttmr       tcp_1.o
    0x0800cd54   0x0800cd54   0x00000090   Code   RO         8695    i.tcp_free          tcp_1.o
    0x0800cde4   0x0800cde4   0x0000013c   Code   RO         8992    i.tcp_free_acked_segments  tcp_in.o
    0x0800cf20   0x0800cf20   0x00000014   Code   RO         8696    i.tcp_free_ooseq    tcp_1.o
    0x0800cf34   0x0800cf34   0x00000028   Code   RO         8993    i.tcp_get_next_optbyte  tcp_in.o
    0x0800cf5c   0x0800cf5c   0x00000018   Code   RO         8697    i.tcp_init          tcp_1.o
    0x0800cf74   0x0800cf74   0x00000650   Code   RO         8994    i.tcp_input         tcp_in.o
    0x0800d5c4   0x0800d5c4   0x000000d4   Code   RO         8995    i.tcp_input_delayed_close  tcp_in.o
    0x0800d698   0x0800d698   0x000000cc   Code   RO         9083    i.tcp_keepalive     tcp_out.o
    0x0800d764   0x0800d764   0x000000bc   Code   RO         8698    i.tcp_kill_state    tcp_1.o
    0x0800d820   0x0800d820   0x00000070   Code   RO         8699    i.tcp_listen_closed  tcp_1.o
    0x0800d890   0x0800d890   0x00000198   Code   RO         8996    i.tcp_listen_input  tcp_in.o
    0x0800da28   0x0800da28   0x00000180   Code   RO         8701    i.tcp_listen_with_backlog_and_err  tcp_1.o
    0x0800dba8   0x0800dba8   0x0000004c   Code   RO         8702    i.tcp_netif_ip_addr_changed  tcp_1.o
    0x0800dbf4   0x0800dbf4   0x000000c0   Code   RO         8703    i.tcp_netif_ip_addr_changed_pcblist  tcp_1.o
    0x0800dcb4   0x0800dcb4   0x00000006   Code   RO         8705    i.tcp_new_ip_type   tcp_1.o
    0x0800dcba   0x0800dcba   0x00000002   PAD
    0x0800dcbc   0x0800dcbc   0x00000060   Code   RO         8706    i.tcp_new_port      tcp_1.o
    0x0800dd1c   0x0800dd1c   0x00000098   Code   RO         8707    i.tcp_next_iss      tcp_1.o
    0x0800ddb4   0x0800ddb4   0x0000010c   Code   RO         8997    i.tcp_oos_insert_segment  tcp_in.o
    0x0800dec0   0x0800dec0   0x000002e0   Code   RO         9084    i.tcp_output        tcp_out.o
    0x0800e1a0   0x0800e1a0   0x000000cc   Code   RO         9085    i.tcp_output_alloc_header  tcp_out.o
    0x0800e26c   0x0800e26c   0x00000110   Code   RO         9086    i.tcp_output_alloc_header_common  tcp_out.o
    0x0800e37c   0x0800e37c   0x000000e0   Code   RO         9087    i.tcp_output_control_segment  tcp_out.o
    0x0800e45c   0x0800e45c   0x000000d8   Code   RO         9088    i.tcp_output_fill_options  tcp_out.o
    0x0800e534   0x0800e534   0x000001dc   Code   RO         9089    i.tcp_output_segment  tcp_out.o
    0x0800e710   0x0800e710   0x000000a8   Code   RO         9090    i.tcp_output_segment_busy  tcp_out.o
    0x0800e7b8   0x0800e7b8   0x000000fc   Code   RO         8998    i.tcp_parseopt      tcp_in.o
    0x0800e8b4   0x0800e8b4   0x00000150   Code   RO         9091    i.tcp_pbuf_prealloc  tcp_out.o
    0x0800ea04   0x0800ea04   0x000000cc   Code   RO         8708    i.tcp_pcb_purge     tcp_1.o
    0x0800ead0   0x0800ead0   0x00000190   Code   RO         8709    i.tcp_pcb_remove    tcp_1.o
    0x0800ec60   0x0800ec60   0x000000cc   Code   RO         8710    i.tcp_poll          tcp_1.o
    0x0800ed2c   0x0800ed2c   0x000004c2   Code   RO         8999    i.tcp_process       tcp_in.o
    0x0800f1ee   0x0800f1ee   0x00000002   PAD
    0x0800f1f0   0x0800f1f0   0x00000104   Code   RO         8711    i.tcp_process_refused_data  tcp_1.o
    0x0800f2f4   0x0800f2f4   0x00000904   Code   RO         9000    i.tcp_receive       tcp_in.o
    0x0800fbf8   0x0800fbf8   0x000000a4   Code   RO         8712    i.tcp_recv          tcp_1.o
    0x0800fc9c   0x0800fc9c   0x000000b0   Code   RO         8713    i.tcp_recv_null     tcp_1.o
    0x0800fd4c   0x0800fd4c   0x00000100   Code   RO         8714    i.tcp_recved        tcp_1.o
    0x0800fe4c   0x0800fe4c   0x00000058   Code   RO         8715    i.tcp_remove_listener  tcp_1.o
    0x0800fea4   0x0800fea4   0x000000ec   Code   RO         9092    i.tcp_rexmit        tcp_out.o
    0x0800ff90   0x0800ff90   0x000000e8   Code   RO         9093    i.tcp_rexmit_fast   tcp_out.o
    0x08010078   0x08010078   0x000000a4   Code   RO         9094    i.tcp_rexmit_rto    tcp_out.o
    0x0801011c   0x0801011c   0x000000ac   Code   RO         9095    i.tcp_rexmit_rto_commit  tcp_out.o
    0x080101c8   0x080101c8   0x000000f8   Code   RO         9096    i.tcp_rexmit_rto_prepare  tcp_out.o
    0x080102c0   0x080102c0   0x00000010   Code   RO         9097    i.tcp_route         tcp_out.o
    0x080102d0   0x080102d0   0x00000114   Code   RO         9098    i.tcp_rst           tcp_out.o
    0x080103e4   0x080103e4   0x000000ac   Code   RO         8716    i.tcp_seg_copy      tcp_1.o
    0x08010490   0x08010490   0x0000001c   Code   RO         8717    i.tcp_seg_free      tcp_1.o
    0x080104ac   0x080104ac   0x00000012   Code   RO         8718    i.tcp_segs_free     tcp_1.o
    0x080104be   0x080104be   0x00000002   PAD
    0x080104c0   0x080104c0   0x000000ec   Code   RO         9099    i.tcp_send_empty_ack  tcp_out.o
    0x080105ac   0x080105ac   0x000000cc   Code   RO         9100    i.tcp_send_fin      tcp_out.o
    0x08010678   0x08010678   0x000000a4   Code   RO         8719    i.tcp_sent          tcp_1.o
    0x0801071c   0x0801071c   0x000000dc   Code   RO         8721    i.tcp_shutdown      tcp_1.o
    0x080107f8   0x080107f8   0x000005d0   Code   RO         8722    i.tcp_slowtmr       tcp_1.o
    0x08010dc8   0x08010dc8   0x0000022c   Code   RO         9101    i.tcp_split_unsent_seg  tcp_out.o
    0x08010ff4   0x08010ff4   0x000000b4   Code   RO          261    i.tcp_task          main.o
    0x080110a8   0x080110a8   0x00000034   Code   RO         9249    i.tcp_timer_needed  timeouts.o
    0x080110dc   0x080110dc   0x00000100   Code   RO         9001    i.tcp_timewait_input  tcp_in.o
    0x080111dc   0x080111dc   0x00000020   Code   RO         8724    i.tcp_tmr           tcp_1.o
    0x080111fc   0x080111fc   0x00000010   Code   RO         9002    i.tcp_trigger_input_pcb_close  tcp_in.o
    0x0801120c   0x0801120c   0x000000f4   Code   RO         8726    i.tcp_update_rcv_ann_wnd  tcp_1.o
    0x08011300   0x08011300   0x000006b8   Code   RO         9102    i.tcp_write         tcp_out.o
    0x080119b8   0x080119b8   0x00000174   Code   RO         9103    i.tcp_write_checks  tcp_out.o
    0x08011b2c   0x08011b2c   0x00000140   Code   RO         9104    i.tcp_zero_window_probe  tcp_out.o
    0x08011c6c   0x08011c6c   0x00000110   Code   RO         7612    i.tcpip_init        tcpip.o
    0x08011d7c   0x08011d7c   0x000000c0   Code   RO         7613    i.tcpip_inpkt       tcpip.o
    0x08011e3c   0x08011e3c   0x0000001c   Code   RO         7614    i.tcpip_input       tcpip.o
    0x08011e58   0x08011e58   0x00000020   Code   RO         7615    i.tcpip_send_msg_wait_sem  tcpip.o
    0x08011e78   0x08011e78   0x00000038   Code   RO         9250    i.tcpip_tcp_timer   timeouts.o
    0x08011eb0   0x08011eb0   0x000000f8   Code   RO         7616    i.tcpip_thread      tcpip.o
    0x08011fa8   0x08011fa8   0x000000cc   Code   RO         7617    i.tcpip_thread_handle_msg  tcpip.o
    0x08012074   0x08012074   0x000000bc   Code   RO         7618    i.tcpip_try_callback  tcpip.o
    0x08012130   0x08012130   0x00000012   Code   RO         7337    i.tryget_socket     sockets.o
    0x08012142   0x08012142   0x00000002   PAD
    0x08012144   0x08012144   0x00000014   Code   RO         7339    i.tryget_socket_unconn_nouse  sockets.o
    0x08012158   0x08012158   0x00000134   Code   RO         9330    i.udp_bind          udp.o
    0x0801228c   0x0801228c   0x00000018   Code   RO         9334    i.udp_init          udp.o
    0x080122a4   0x080122a4   0x000001e8   Code   RO         9335    i.udp_input         udp.o
    0x0801248c   0x0801248c   0x0000010c   Code   RO         9336    i.udp_input_local_match  udp.o
    0x08012598   0x08012598   0x00000034   Code   RO         9337    i.udp_netif_ip_addr_changed  udp.o
    0x080125cc   0x080125cc   0x0000001a   Code   RO         9338    i.udp_new           udp.o
    0x080125e6   0x080125e6   0x00000004   Code   RO         9339    i.udp_new_ip_type   udp.o
    0x080125ea   0x080125ea   0x00000002   PAD
    0x080125ec   0x080125ec   0x00000088   Code   RO         9340    i.udp_recv          udp.o
    0x08012674   0x08012674   0x000000b0   Code   RO         9341    i.udp_remove        udp.o
    0x08012724   0x08012724   0x000000bc   Code   RO         9342    i.udp_send          udp.o
    0x080127e0   0x080127e0   0x00000114   Code   RO         9343    i.udp_sendto        udp.o
    0x080128f4   0x080128f4   0x00000140   Code   RO         9344    i.udp_sendto_if     udp.o
    0x08012a34   0x08012a34   0x00000248   Code   RO         9345    i.udp_sendto_if_src  udp.o
    0x08012c7c   0x08012c7c   0x00000026   Code   RO         4718    i.uxListRemove      list.o
    0x08012ca2   0x08012ca2   0x00000024   Code   RO         4764    i.uxQueueMessagesWaiting  queue.o
    0x08012cc6   0x08012cc6   0x00000016   Code   RO         4765    i.uxQueueMessagesWaitingFromISR  queue.o
    0x08012cdc   0x08012cdc   0x00000014   Code   RO          553    i.vApplicationGetIdleTaskMemory  freertos.o
    0x08012cf0   0x08012cf0   0x00000016   Code   RO         4719    i.vListInitialise   list.o
    0x08012d06   0x08012d06   0x00000006   Code   RO         4720    i.vListInitialiseItem  list.o
    0x08012d0c   0x08012d0c   0x00000030   Code   RO         4721    i.vListInsert       list.o
    0x08012d3c   0x08012d3c   0x00000018   Code   RO         4722    i.vListInsertEnd    list.o
    0x08012d54   0x08012d54   0x00000040   Code   RO         5839    i.vPortEnterCritical  port.o
    0x08012d94   0x08012d94   0x00000028   Code   RO         5840    i.vPortExitCritical  port.o
    0x08012dbc   0x08012dbc   0x00000064   Code   RO         5770    i.vPortFree         heap_4.o
    0x08012e20   0x08012e20   0x00000024   Code   RO         5841    i.vPortSetupTimerInterrupt  port.o
    0x08012e44   0x08012e44   0x00000054   Code   RO         5842    i.vPortValidateInterruptPriority  port.o
    0x08012e98   0x08012e98   0x0000002e   Code   RO         4768    i.vQueueDelete      queue.o
    0x08012ec6   0x08012ec6   0x00000002   PAD
    0x08012ec8   0x08012ec8   0x00000028   Code   RO         4769    i.vQueueUnregisterQueue  queue.o
    0x08012ef0   0x08012ef0   0x0000004c   Code   RO         5096    i.vTaskDelay        tasks.o
    0x08012f3c   0x08012f3c   0x00000010   Code   RO         5099    i.vTaskInternalSetTimeOutState  tasks.o
    0x08012f4c   0x08012f4c   0x0000000c   Code   RO         5100    i.vTaskMissedYield  tasks.o
    0x08012f58   0x08012f58   0x00000030   Code   RO         5102    i.vTaskPlaceOnEventList  tasks.o
    0x08012f88   0x08012f88   0x000000a0   Code   RO         5104    i.vTaskPriorityDisinheritAfterTimeout  tasks.o
    0x08013028   0x08013028   0x0000006c   Code   RO         5109    i.vTaskStartScheduler  tasks.o
    0x08013094   0x08013094   0x00000010   Code   RO         5111    i.vTaskSuspendAll   tasks.o
    0x080130a4   0x080130a4   0x0000005c   Code   RO         5112    i.vTaskSwitchContext  tasks.o
    0x08013100   0x08013100   0x00000020   Code   RO          263    i.write_bh1750_buffer  main.o
    0x08013120   0x08013120   0x00000034   Code   RO          264    i.write_dht11_buffer  main.o
    0x08013154   0x08013154   0x000000f4   Code   RO         5843    i.xPortStartScheduler  port.o
    0x08013248   0x08013248   0x00000016   Code   RO         4770    i.xQueueCreateMutex  queue.o
    0x0801325e   0x0801325e   0x0000001a   Code   RO         4771    i.xQueueCreateMutexStatic  queue.o
    0x08013278   0x08013278   0x00000042   Code   RO         4772    i.xQueueGenericCreate  queue.o
    0x080132ba   0x080132ba   0x00000066   Code   RO         4773    i.xQueueGenericCreateStatic  queue.o
    0x08013320   0x08013320   0x00000088   Code   RO         4774    i.xQueueGenericReset  queue.o
    0x080133a8   0x080133a8   0x00000160   Code   RO         4775    i.xQueueGenericSend  queue.o
    0x08013508   0x08013508   0x000000be   Code   RO         4776    i.xQueueGenericSendFromISR  queue.o
    0x080135c6   0x080135c6   0x0000009c   Code   RO         4777    i.xQueueGiveFromISR  queue.o
    0x08013662   0x08013662   0x00000002   PAD
    0x08013664   0x08013664   0x00000138   Code   RO         4782    i.xQueueReceive     queue.o
    0x0801379c   0x0801379c   0x0000009a   Code   RO         4783    i.xQueueReceiveFromISR  queue.o
    0x08013836   0x08013836   0x00000002   PAD
    0x08013838   0x08013838   0x00000178   Code   RO         4784    i.xQueueSemaphoreTake  queue.o
    0x080139b0   0x080139b0   0x00000074   Code   RO         5114    i.xTaskCheckForTimeOut  tasks.o
    0x08013a24   0x08013a24   0x0000005a   Code   RO         5115    i.xTaskCreate       tasks.o
    0x08013a7e   0x08013a7e   0x00000056   Code   RO         5116    i.xTaskCreateStatic  tasks.o
    0x08013ad4   0x08013ad4   0x0000001c   Code   RO         5120    i.xTaskGetSchedulerState  tasks.o
    0x08013af0   0x08013af0   0x0000000c   Code   RO         5121    i.xTaskGetTickCount  tasks.o
    0x08013afc   0x08013afc   0x00000010   Code   RO         5122    i.xTaskGetTickCountFromISR  tasks.o
    0x08013b0c   0x08013b0c   0x000000cc   Code   RO         5123    i.xTaskIncrementTick  tasks.o
    0x08013bd8   0x08013bd8   0x00000098   Code   RO         5126    i.xTaskPriorityDisinherit  tasks.o
    0x08013c70   0x08013c70   0x0000008c   Code   RO         5127    i.xTaskPriorityInherit  tasks.o
    0x08013cfc   0x08013cfc   0x00000074   Code   RO         5128    i.xTaskRemoveFromEventList  tasks.o
    0x08013d70   0x08013d70   0x000000c4   Code   RO         5129    i.xTaskResumeAll    tasks.o
    0x08013e34   0x08013e34   0x0000001c   Data   RO          555    .constdata          freertos.o
    0x08013e50   0x08013e50   0x0000001c   Data   RO          686    .constdata          ethernetif.o
    0x08013e6c   0x08013e6c   0x00000010   Data   RO         4581    .constdata          system_stm32f4xx.o
    0x08013e7c   0x08013e7c   0x00000008   Data   RO         4582    .constdata          system_stm32f4xx.o
    0x08013e84   0x08013e84   0x00000006   Data   RO         6442    .constdata          ethernet.o
    0x08013e8a   0x08013e8a   0x00000006   Data   RO         6443    .constdata          ethernet.o
    0x08013e90   0x08013e90   0x00000003   Data   RO         6914    .constdata          api_msg.o
    0x08013e93   0x08013e93   0x00000001   PAD
    0x08013e94   0x08013e94   0x00000044   Data   RO         7099    .constdata          err.o
    0x08013ed8   0x08013ed8   0x0000000c   Data   RO         8088    .constdata          memp.o
    0x08013ee4   0x08013ee4   0x0000000c   Data   RO         8089    .constdata          memp.o
    0x08013ef0   0x08013ef0   0x0000000c   Data   RO         8090    .constdata          memp.o
    0x08013efc   0x08013efc   0x0000000c   Data   RO         8091    .constdata          memp.o
    0x08013f08   0x08013f08   0x0000000c   Data   RO         8092    .constdata          memp.o
    0x08013f14   0x08013f14   0x0000000c   Data   RO         8093    .constdata          memp.o
    0x08013f20   0x08013f20   0x0000000c   Data   RO         8094    .constdata          memp.o
    0x08013f2c   0x08013f2c   0x0000000c   Data   RO         8095    .constdata          memp.o
    0x08013f38   0x08013f38   0x0000000c   Data   RO         8096    .constdata          memp.o
    0x08013f44   0x08013f44   0x0000000c   Data   RO         8097    .constdata          memp.o
    0x08013f50   0x08013f50   0x0000000c   Data   RO         8098    .constdata          memp.o
    0x08013f5c   0x08013f5c   0x0000000c   Data   RO         8099    .constdata          memp.o
    0x08013f68   0x08013f68   0x0000000c   Data   RO         8100    .constdata          memp.o
    0x08013f74   0x08013f74   0x00000034   Data   RO         8101    .constdata          memp.o
    0x08013fa8   0x08013fa8   0x00000054   Data   RO         8727    .constdata          tcp_1.o
    0x08013ffc   0x08013ffc   0x00000018   Data   RO         9251    .constdata          timeouts.o
    0x08014014   0x08014014   0x00000004   Data   RO         9715    .constdata          ip4_addr.o
    0x08014018   0x08014018   0x00000018   Data   RO        10054    .constdata          sys_arch.o
    0x08014030   0x08014030   0x00000081   Data   RO        10436    .constdata          mc_w.l(ctype_o.o)
    0x080140b1   0x080140b1   0x00000003   PAD
    0x080140b4   0x080140b4   0x00000004   Data   RO        10437    .constdata          mc_w.l(ctype_o.o)
    0x080140b8   0x080140b8   0x0000000c   Data   RO          556    .conststring        freertos.o
    0x080140c4   0x080140c4   0x00000006   Data   RO          687    .conststring        ethernetif.o
    0x080140ca   0x080140ca   0x00000002   PAD
    0x080140cc   0x080140cc   0x00000075   Data   RO         8728    .conststring        tcp_1.o
    0x08014141   0x08014141   0x00000003   PAD
    0x08014144   0x08014144   0x00000055   Data   RO         9105    .conststring        tcp_out.o
    0x08014199   0x08014199   0x00000003   PAD
    0x0801419c   0x0801419c   0x00000041   Data   RO         9506    .conststring        etharp.o
    0x080141dd   0x080141dd   0x00000003   PAD
    0x080141e0   0x080141e0   0x00000020   Data   RO        10804    Region$$Table       anon$$obj.o


    Execution Region RW_IRAM2 (Exec base: 0x10000000, Load base: 0x08014218, Size: 0x00000000, Max: 0x00010000, ABSOLUTE)

    **** No section assigned to this execution region ****


    Execution Region RW_IRAM1 (Exec base: 0x20000000, Load base: 0x08014200, Size: 0x0000afd0, Max: 0x00020000, ABSOLUTE, COMPRESSED[0x00000018])

    Exec Addr    Load Addr    Size         Type   Attr      Idx    E Section Name        Object

    0x20000000   COMPRESSED   0x00000008   Data   RW          267    .data               main.o
    0x20000008   COMPRESSED   0x00000004   Data   RW          557    .data               freertos.o
    0x2000000c   COMPRESSED   0x00000018   Data   RW          610    .data               lwip.o
    0x20000024   COMPRESSED   0x00000004   Data   RW          688    .data               ethernetif.o
    0x20000028   COMPRESSED   0x0000000c   Data   RW         2298    .data               stm32f4xx_hal.o
    0x20000034   COMPRESSED   0x00000004   Data   RW         4583    .data               system_stm32f4xx.o
    0x20000038   COMPRESSED   0x0000003c   Data   RW         5132    .data               tasks.o
    0x20000074   COMPRESSED   0x00000020   Data   RW         5776    .data               heap_4.o
    0x20000094   COMPRESSED   0x0000000c   Data   RW         5844    .data               port.o
    0x200000a0   COMPRESSED   0x00000004   Data   RW         7341    .data               sockets.o
    0x200000a4   COMPRESSED   0x00000010   Data   RW         7619    .data               tcpip.o
    0x200000b4   COMPRESSED   0x00000010   Data   RW         8009    .data               mem.o
    0x200000c4   COMPRESSED   0x00000004   Data   RW         8102    .data               memp.o
    0x200000c8   COMPRESSED   0x00000004   Data   RW         8103    .data               memp.o
    0x200000cc   COMPRESSED   0x00000004   Data   RW         8104    .data               memp.o
    0x200000d0   COMPRESSED   0x00000004   Data   RW         8105    .data               memp.o
    0x200000d4   COMPRESSED   0x00000004   Data   RW         8106    .data               memp.o
    0x200000d8   COMPRESSED   0x00000004   Data   RW         8107    .data               memp.o
    0x200000dc   COMPRESSED   0x00000004   Data   RW         8108    .data               memp.o
    0x200000e0   COMPRESSED   0x00000004   Data   RW         8109    .data               memp.o
    0x200000e4   COMPRESSED   0x00000004   Data   RW         8110    .data               memp.o
    0x200000e8   COMPRESSED   0x00000004   Data   RW         8111    .data               memp.o
    0x200000ec   COMPRESSED   0x00000004   Data   RW         8112    .data               memp.o
    0x200000f0   COMPRESSED   0x00000004   Data   RW         8113    .data               memp.o
    0x200000f4   COMPRESSED   0x00000004   Data   RW         8114    .data               memp.o
    0x200000f8   COMPRESSED   0x0000000c   Data   RW         8237    .data               netif.o
    0x20000104   COMPRESSED   0x00000001   Data   RW         8430    .data               pbuf.o
    0x20000105   COMPRESSED   0x00000003   PAD
    0x20000108   COMPRESSED   0x00000020   Data   RW         8729    .data               tcp_1.o
    0x20000128   COMPRESSED   0x00000024   Data   RW         9004    .data               tcp_in.o
    0x2000014c   COMPRESSED   0x0000000c   Data   RW         9253    .data               timeouts.o
    0x20000158   COMPRESSED   0x00000008   Data   RW         9346    .data               udp.o
    0x20000160   COMPRESSED   0x00000001   Data   RW         9507    .data               etharp.o
    0x20000161   COMPRESSED   0x00000001   PAD
    0x20000162   COMPRESSED   0x00000002   Data   RW         9659    .data               ip4.o
    0x20000164   COMPRESSED   0x00000008   Data   RW         9786    .data               ip4_frag.o
    0x2000016c   COMPRESSED   0x00000004   Data   RW        10055    .data               sys_arch.o
    0x20000170   COMPRESSED   0x00000004   Data   RW        10056    .data               sys_arch.o
    0x20000174   COMPRESSED   0x00000004   Data   RW        10464    .data               mc_w.l(rand.o)
    0x20000178   COMPRESSED   0x00000004   Data   RW        10765    .data               mc_w.l(stdout.o)
    0x2000017c        -       0x0000000c   Zero   RW          265    .bss                main.o
    0x20000188        -       0x00000254   Zero   RW          554    .bss                freertos.o
    0x200003dc        -       0x00000030   Zero   RW          609    .bss                lwip.o
    0x2000040c        -       0x000030e8   Zero   RW          685    .bss                ethernetif.o
    0x200034f4        -       0x00000044   Zero   RW          791    .bss                usart.o
    0x20003538        -       0x00000048   Zero   RW          927    .bss                stm32f4xx_hal_timebase_tim.o
    0x20003580        -       0x00000048   Zero   RW         1049    .bss                tim.o
    0x200035c8        -       0x00000054   Zero   RW         1127    .bss                i2c.o
    0x2000361c        -       0x00000048   Zero   RW         1200    .bss                adc.o
    0x20003664        -       0x00000040   Zero   RW         4785    .bss                queue.o
    0x200036a4        -       0x000000f0   Zero   RW         5131    .bss                tasks.o
    0x20003794        -       0x00003c00   Zero   RW         5775    .bss                heap_4.o
    0x20007394        -       0x00000040   Zero   RW         7340    .bss                sockets.o
    0x200073d4        -       0x00000018   Zero   RW         7976    .bss                ip.o
    0x200073ec        -       0x00000653   Zero   RW         8008    .bss                mem.o
    0x20007a3f        -       0x00000083   Zero   RW         8075    .bss                memp.o
    0x20007ac2        -       0x0000030f   Zero   RW         8076    .bss                memp.o
    0x20007dd1        -       0x000000e3   Zero   RW         8077    .bss                memp.o
    0x20007eb4        -       0x00000103   Zero   RW         8078    .bss                memp.o
    0x20007fb7        -       0x000000a3   Zero   RW         8079    .bss                memp.o
    0x2000805a        -       0x0000016b   Zero   RW         8080    .bss                memp.o
    0x200081c5        -       0x00000023   Zero   RW         8081    .bss                memp.o
    0x200081e8        -       0x000000a3   Zero   RW         8082    .bss                memp.o
    0x2000828b        -       0x00000083   Zero   RW         8083    .bss                memp.o
    0x2000830e        -       0x00000083   Zero   RW         8084    .bss                memp.o
    0x20008391        -       0x00000033   Zero   RW         8085    .bss                memp.o
    0x200083c4        -       0x00000103   Zero   RW         8086    .bss                memp.o
    0x200084c7        -       0x00002603   Zero   RW         8087    .bss                memp.o
    0x2000aaca   COMPRESSED   0x00000002   PAD
    0x2000aacc        -       0x00000010   Zero   RW         9003    .bss                tcp_in.o
    0x2000aadc        -       0x000000f0   Zero   RW         9505    .bss                etharp.o
    0x2000abcc   COMPRESSED   0x00000004   PAD
    0x2000abd0        -       0x00000400   Zero   RW            1    STACK               startup_stm32f407xx.o


==============================================================================

Image component sizes


      Code (inc. data)   RO Data    RW Data    ZI Data      Debug   Object Name

       268         28          0          0         72       2315   adc.o
      3432       1978          0          0          0      44268   api_lib.o
      6716       2896          3          0          0      40060   api_msg.o
        56         10          0          0          0       1233   bh1750.o
         0          0          0          0          0       6419   bridgeif.o
       950         30          0          0          0      38890   cmsis_os.o
         8          0          0          0          0       1082   def.o
       494         30          0          0          0       4752   dht11.o
        28          4         68          0          0       3015   err.o
      2936       1186         65          1        240      12655   etharp.o
       412        154         12          0          0       2686   ethernet.o
      1108        160         34          4      12520       6968   ethernetif.o
         0          0          0          0          0      19940   event_groups.o
        72         14         40          4        596       6822   freertos.o
       168         10          0          0          0        999   gpio.o
       472         24          0         32      15360       7347   heap_4.o
       168         26          0          0         84       1601   i2c.o
       776        350          0          0          0       3722   icmp.o
        34          0          0          0          0      10075   init.o
         0          0          0          0         24       3194   ip.o
       918        184          0          2          0       5548   ip4.o
       462        120          4          0          0      12019   ip4_addr.o
      2904       1164          0          8          0      11570   ip4_frag.o
       138          0          0          0          0      12730   list.o
       308         18          0         24         48       1369   lwip.o
      1028        186          0          8         12      70917   main.o
      2172       1044          0         16       1619       7621   mem.o
       746        500        208         52      12427      10956   memp.o
       390        240          0          0          0      11351   netbuf.o
      1410        738          0         12          0      13872   netif.o
      3466       1796          0          1          0      17881   pbuf.o
       786         82          0         12          0      11713   port.o
      2360         22          0          0         64      26182   queue.o
        72         18          0          0          0       1547   relay.o
      3798       1310          0          4         64      41665   sockets.o
        36          8        392          0       1024        824   startup_stm32f407xx.o
       116         18          0         12          0       8638   stm32f4xx_hal.o
      1200         52          0          0          0       5841   stm32f4xx_hal_adc.o
       158         14          0          0          0      33110   stm32f4xx_hal_cortex.o
      2016         70          0          0          0      12924   stm32f4xx_hal_eth.o
       512         44          0          0          0       2799   stm32f4xx_hal_gpio.o
      2118         50          0          0          0      12422   stm32f4xx_hal_i2c.o
        56          4          0          0          0        814   stm32f4xx_hal_msp.o
      1420         88          0          0          0       6289   stm32f4xx_hal_rcc.o
      1104         72          0          0          0       9957   stm32f4xx_hal_tim.o
       148         28          0          0          0       2409   stm32f4xx_hal_tim_ex.o
       116         16          0          0         72       1359   stm32f4xx_hal_timebase_tim.o
       366         10          0          0          0       1952   stm32f4xx_hal_uart.o
        36         12          0          0          0       3560   stm32f4xx_it.o
         0          0          0          0          0        408   stream_buffer.o
       484         24         24          8          0      18996   sys_arch.o
        16          4         24          4          0       1071   system_stm32f4xx.o
      2360        184          0         60        240      28606   tasks.o
      8032       4024        201         32          0      42060   tcp_1.o
      6910       2036          0         36         16      22487   tcp_in.o
      8536       4058         85          0          0      34638   tcp_out.o
      1164        666          0         16          0       8246   tcpip.o
         0          0          0          0          0     751220   tcpserver.o
       144         20          0          0         72       1574   tim.o
       760        374         24         12          0       7403   timeouts.o
      2850       1536          0          8          0      12745   udp.o
       164         22          0          0         68       1622   usart.o

    ----------------------------------------------------------------------
     79970      27756       1228        372      44628    1508958   Object Totals
         0          0         32          0          0          0   (incl. Generated)
        92          0         12          4          6          0   (incl. Padding)

    ----------------------------------------------------------------------

      Code (inc. data)   RO Data    RW Data    ZI Data      Debug   Library Member Name

        86          0          0          0          0          0   __dczerorl2.o
         8          4        133          0          0         68   ctype_o.o
         0          0          0          0          0          0   entry.o
         0          0          0          0          0          0   entry10a.o
         0          0          0          0          0          0   entry11a.o
         4          0          0          0          0          0   entry12b.o
         8          4          0          0          0          0   entry2.o
         4          0          0          0          0          0   entry5.o
         0          0          0          0          0          0   entry7b.o
         0          0          0          0          0          0   entry8b.o
         8          4          0          0          0          0   entry9a.o
        18          0          0          0          0         80   fputc.o
        30          0          0          0          0          0   handlers.o
        36          8          0          0          0         68   init.o
         0          0          0          0          0          0   iusesemip.o
        30          0          0          0          0         68   llshl.o
        32          0          0          0          0         68   llushr.o
        26          0          0          0          0         80   memcmp.o
        64          0          0          0          0         76   memmovea.o
        36          0          0          0          0        108   memseta.o
       522         20          0          0          0        336   printf3.o
        36         10          0          4          0        136   rand.o
         0          0          0          0          0          0   semi.o
         0          0          0          4          0          0   stdout.o
        44          0          0          0          0         80   uidiv.o
        98          0          0          0          0         92   uldiv.o

    ----------------------------------------------------------------------
      1098         50        136          8          0       1260   Library Totals
         8          0          3          0          0          0   (incl. Padding)

    ----------------------------------------------------------------------

      Code (inc. data)   RO Data    RW Data    ZI Data      Debug   Library Name

      1090         50        133          8          0       1260   mc_w.l

    ----------------------------------------------------------------------
      1098         50        136          8          0       1260   Library Totals

    ----------------------------------------------------------------------

==============================================================================


      Code (inc. data)   RO Data    RW Data    ZI Data      Debug   

     81068      27806       1364        380      44628    1462482   Grand Totals
     81068      27806       1364         24      44628    1462482   ELF Image Totals (compressed)
     81068      27806       1364         24          0          0   ROM Totals

==============================================================================

    Total RO  Size (Code + RO Data)                82432 (  80.50kB)
    Total RW  Size (RW Data + ZI Data)             45008 (  43.95kB)
    Total ROM Size (Code + RO Data + RW Data)      82456 (  80.52kB)

==============================================================================

