Component: ARM Compiler 5.06 update 7 (build 960) Tool: armlink [4d3601]

==============================================================================

Section Cross References

    startup_stm32f407xx.o(RESET) refers to startup_stm32f407xx.o(STACK) for __initial_sp
    startup_stm32f407xx.o(RESET) refers to startup_stm32f407xx.o(.text) for Reset_Handler
    startup_stm32f407xx.o(RESET) refers to stm32f4xx_it.o(i.NMI_Handler) for NMI_Handler
    startup_stm32f407xx.o(RESET) refers to stm32f4xx_it.o(i.HardFault_Handler) for HardFault_Handler
    startup_stm32f407xx.o(RESET) refers to stm32f4xx_it.o(i.MemManage_Handler) for MemManage_Handler
    startup_stm32f407xx.o(RESET) refers to stm32f4xx_it.o(i.BusFault_Handler) for BusFault_Handler
    startup_stm32f407xx.o(RESET) refers to stm32f4xx_it.o(i.UsageFault_Handler) for UsageFault_Handler
    startup_stm32f407xx.o(RESET) refers to port.o(.emb_text) for SVC_Handler
    startup_stm32f407xx.o(RESET) refers to stm32f4xx_it.o(i.DebugMon_Handler) for DebugMon_Handler
    startup_stm32f407xx.o(RESET) refers to port.o(i.SysTick_Handler) for SysTick_Handler
    startup_stm32f407xx.o(RESET) refers to stm32f4xx_it.o(i.TIM6_DAC_IRQHandler) for TIM6_DAC_IRQHandler
    startup_stm32f407xx.o(RESET) refers to stm32f4xx_it.o(i.ETH_IRQHandler) for ETH_IRQHandler
    startup_stm32f407xx.o(.text) refers to system_stm32f4xx.o(i.SystemInit) for SystemInit
    startup_stm32f407xx.o(.text) refers to entry.o(.ARM.Collect$$$$00000000) for __main
    main.o(i.HAL_TIM_PeriodElapsedCallback) refers to stm32f4xx_hal.o(i.HAL_IncTick) for HAL_IncTick
    main.o(i.SystemClock_Config) refers to memseta.o(.text) for __aeabi_memclr4
    main.o(i.SystemClock_Config) refers to stm32f4xx_hal_rcc.o(i.HAL_RCC_OscConfig) for HAL_RCC_OscConfig
    main.o(i.SystemClock_Config) refers to stm32f4xx_hal_rcc.o(i.HAL_RCC_ClockConfig) for HAL_RCC_ClockConfig
    main.o(i.bh1750_task) refers to bh1750.o(i.bh1750_write) for bh1750_write
    main.o(i.bh1750_task) refers to stm32f4xx_hal.o(i.HAL_Delay) for HAL_Delay
    main.o(i.bh1750_task) refers to bh1750.o(i.bh1750_read) for bh1750_read
    main.o(i.bh1750_task) refers to main.o(.bss) for .bss
    main.o(i.check_data) refers to main.o(i.get_config_data) for get_config_data
    main.o(i.check_data) refers to printf3.o(i.__0sprintf$3) for __2sprintf
    main.o(i.check_data) refers to main.o(i.write_dht11_buffer) for write_dht11_buffer
    main.o(i.check_data) refers to main.o(i.write_bh1750_buffer) for write_bh1750_buffer
    main.o(i.check_data) refers to main.o(.bss) for .bss
    main.o(i.dht11_task) refers to adc.o(i.getHumdityValue) for getHumdityValue
    main.o(i.dht11_task) refers to main.o(i.led) for led
    main.o(i.dht11_task) refers to main.o(i.start_watering) for start_watering
    main.o(i.dht11_task) refers to dht11.o(i.DHT11_Read_Data) for DHT11_Read_Data
    main.o(i.dht11_task) refers to bh1750.o(i.bh1750_write) for bh1750_write
    main.o(i.dht11_task) refers to stm32f4xx_hal.o(i.HAL_Delay) for HAL_Delay
    main.o(i.dht11_task) refers to bh1750.o(i.bh1750_read) for bh1750_read
    main.o(i.dht11_task) refers to main.o(.bss) for .bss
    main.o(i.get_config_data) refers to main.o(.bss) for .bss
    main.o(i.led) refers to stm32f4xx_hal_gpio.o(i.HAL_GPIO_WritePin) for HAL_GPIO_WritePin
    main.o(i.led) refers to stm32f4xx_hal.o(i.HAL_Delay) for HAL_Delay
    main.o(i.main) refers to stm32f4xx_hal.o(i.HAL_Init) for HAL_Init
    main.o(i.main) refers to main.o(i.SystemClock_Config) for SystemClock_Config
    main.o(i.main) refers to gpio.o(i.MX_GPIO_Init) for MX_GPIO_Init
    main.o(i.main) refers to usart.o(i.MX_USART1_UART_Init) for MX_USART1_UART_Init
    main.o(i.main) refers to freertos.o(i.MX_FREERTOS_Init) for MX_FREERTOS_Init
    main.o(i.main) refers to tim.o(i.MX_TIM3_Init) for MX_TIM3_Init
    main.o(i.main) refers to i2c.o(i.MX_I2C1_Init) for MX_I2C1_Init
    main.o(i.main) refers to adc.o(i.MX_ADC1_Init) for MX_ADC1_Init
    main.o(i.main) refers to relay.o(i.relay_init) for relay_init
    main.o(i.main) refers to tasks.o(i.xTaskCreate) for xTaskCreate
    main.o(i.main) refers to cmsis_os.o(i.osKernelStart) for osKernelStart
    main.o(i.main) refers to main.o(.bss) for .bss
    main.o(i.main) refers to main.o(i.dht11_task) for dht11_task
    main.o(i.main) refers to main.o(i.tcp_task) for tcp_task
    main.o(i.start_watering) refers to relay.o(i.relay_reset) for relay_reset
    main.o(i.start_watering) refers to stm32f4xx_hal.o(i.HAL_Delay) for HAL_Delay
    main.o(i.start_watering) refers to relay.o(i.relay_set) for relay_set
    main.o(i.tcp_task) refers to sockets.o(i.lwip_socket) for lwip_socket
    main.o(i.tcp_task) refers to def.o(i.lwip_htons) for lwip_htons
    main.o(i.tcp_task) refers to ip4_addr.o(i.ipaddr_addr) for ipaddr_addr
    main.o(i.tcp_task) refers to sockets.o(i.lwip_bind) for lwip_bind
    main.o(i.tcp_task) refers to sockets.o(i.lwip_listen) for lwip_listen
[...]
    tcp_enqueue_flags                        0x0800c9e9   Thumb Code   268  tcp_out.o(i.tcp_enqueue_flags)
    tcp_err                                  0x0800cc1d   Thumb Code    34  tcp_1.o(i.tcp_err)
    tcp_fasttmr                              0x0800ccc1   Thumb Code   102  tcp_1.o(i.tcp_fasttmr)
    tcp_free                                 0x0800cd2d   Thumb Code    34  tcp_1.o(i.tcp_free)
    tcp_free_ooseq                           0x0800cef9   Thumb Code    20  tcp_1.o(i.tcp_free_ooseq)
    tcp_init                                 0x0800cf35   Thumb Code    20  tcp_1.o(i.tcp_init)
    tcp_input                                0x0800cf4d   Thumb Code  1584  tcp_in.o(i.tcp_input)
    tcp_keepalive                            0x0800d671   Thumb Code    82  tcp_out.o(i.tcp_keepalive)
    tcp_listen_with_backlog_and_err          0x0800da01   Thumb Code   182  tcp_1.o(i.tcp_listen_with_backlog_and_err)
    tcp_netif_ip_addr_changed                0x0800db81   Thumb Code    70  tcp_1.o(i.tcp_netif_ip_addr_changed)
    tcp_new_ip_type                          0x0800dc8d   Thumb Code     6  tcp_1.o(i.tcp_new_ip_type)
    tcp_next_iss                             0x0800dcf5   Thumb Code    32  tcp_1.o(i.tcp_next_iss)
    tcp_output                               0x0800de99   Thumb Code   552  tcp_out.o(i.tcp_output)
    tcp_pcb_purge                            0x0800e9dd   Thumb Code    88  tcp_1.o(i.tcp_pcb_purge)
    tcp_pcb_remove                           0x0800eaa9   Thumb Code   174  tcp_1.o(i.tcp_pcb_remove)
    tcp_poll                                 0x0800ec39   Thumb Code    58  tcp_1.o(i.tcp_poll)
    tcp_process_refused_data                 0x0800f1c9   Thumb Code   132  tcp_1.o(i.tcp_process_refused_data)
    tcp_recv                                 0x0800fbd1   Thumb Code    34  tcp_1.o(i.tcp_recv)
    tcp_recv_null                            0x0800fc75   Thumb Code    60  tcp_1.o(i.tcp_recv_null)
    tcp_recved                               0x0800fd25   Thumb Code   104  tcp_1.o(i.tcp_recved)
    tcp_rexmit                               0x0800fe7d   Thumb Code   118  tcp_out.o(i.tcp_rexmit)
    tcp_rexmit_fast                          0x0800ff69   Thumb Code   108  tcp_out.o(i.tcp_rexmit_fast)
    tcp_rexmit_rto                           0x08010051   Thumb Code    42  tcp_out.o(i.tcp_rexmit_rto)
    tcp_rexmit_rto_commit                    0x080100f5   Thumb Code    44  tcp_out.o(i.tcp_rexmit_rto_commit)
    tcp_rexmit_rto_prepare                   0x080101a1   Thumb Code   118  tcp_out.o(i.tcp_rexmit_rto_prepare)
    tcp_rst                                  0x080102a9   Thumb Code   128  tcp_out.o(i.tcp_rst)
    tcp_seg_copy                             0x080103bd   Thumb Code    56  tcp_1.o(i.tcp_seg_copy)
    tcp_seg_free                             0x08010469   Thumb Code    28  tcp_1.o(i.tcp_seg_free)
    tcp_segs_free                            0x08010485   Thumb Code    18  tcp_1.o(i.tcp_segs_free)
    tcp_send_empty_ack                       0x08010499   Thumb Code   110  tcp_out.o(i.tcp_send_empty_ack)
    tcp_send_fin                             0x08010585   Thumb Code    84  tcp_out.o(i.tcp_send_fin)
    tcp_sent                                 0x08010651   Thumb Code    34  tcp_1.o(i.tcp_sent)
    tcp_shutdown                             0x080106f5   Thumb Code   104  tcp_1.o(i.tcp_shutdown)
    tcp_slowtmr                              0x080107d1   Thumb Code  1360  tcp_1.o(i.tcp_slowtmr)
    tcp_split_unsent_seg                     0x08010da1   Thumb Code   360  tcp_out.o(i.tcp_split_unsent_seg)
    tcp_task                                 0x08010fcd   Thumb Code   162  main.o(i.tcp_task)
    tcp_timer_needed                         0x08011081   Thumb Code    36  timeouts.o(i.tcp_timer_needed)
    tcp_tmr                                  0x080111b5   Thumb Code    28  tcp_1.o(i.tcp_tmr)
    tcp_trigger_input_pcb_close              0x080111d5   Thumb Code    12  tcp_in.o(i.tcp_trigger_input_pcb_close)
    tcp_update_rcv_ann_wnd                   0x080111e5   Thumb Code    92  tcp_1.o(i.tcp_update_rcv_ann_wnd)
    tcp_write                                0x080112d9   Thumb Code  1688  tcp_out.o(i.tcp_write)
    tcp_zero_window_probe                    0x08011b05   Thumb Code   190  tcp_out.o(i.tcp_zero_window_probe)
    tcpip_init                               0x08011c45   Thumb Code    88  tcpip.o(i.tcpip_init)
    tcpip_inpkt                              0x08011d55   Thumb Code    82  tcpip.o(i.tcpip_inpkt)
    tcpip_input                              0x08011e15   Thumb Code    20  tcpip.o(i.tcpip_input)
    tcpip_send_msg_wait_sem                  0x08011e31   Thumb Code    26  tcpip.o(i.tcpip_send_msg_wait_sem)
    tcpip_try_callback                       0x0801204d   Thumb Code    78  tcpip.o(i.tcpip_try_callback)
    udp_bind                                 0x08012131   Thumb Code   186  udp.o(i.udp_bind)
    udp_init                                 0x08012265   Thumb Code    20  udp.o(i.udp_init)
    udp_input                                0x0801227d   Thumb Code   310  udp.o(i.udp_input)
    udp_netif_ip_addr_changed                0x08012571   Thumb Code    48  udp.o(i.udp_netif_ip_addr_changed)
    udp_new                                  0x080125a5   Thumb Code    26  udp.o(i.udp_new)
    udp_new_ip_type                          0x080125bf   Thumb Code     4  udp.o(i.udp_new_ip_type)
    udp_recv                                 0x080125c5   Thumb Code    22  udp.o(i.udp_recv)
    udp_remove                               0x0801264d   Thumb Code    58  udp.o(i.udp_remove)
    udp_send                                 0x080126fd   Thumb Code    50  udp.o(i.udp_send)
    udp_sendto                               0x080127b9   Thumb Code   106  udp.o(i.udp_sendto)
    udp_sendto_if                            0x080128cd   Thumb Code   110  udp.o(i.udp_sendto_if)
    udp_sendto_if_src                        0x08012a0d   Thumb Code   274  udp.o(i.udp_sendto_if_src)
    uxListRemove                             0x08012c55   Thumb Code    38  list.o(i.uxListRemove)
    uxQueueMessagesWaiting                   0x08012c7b   Thumb Code    36  queue.o(i.uxQueueMessagesWaiting)
    uxQueueMessagesWaitingFromISR            0x08012c9f   Thumb Code    22  queue.o(i.uxQueueMessagesWaitingFromISR)
    vApplicationGetIdleTaskMemory            0x08012cb5   Thumb Code    16  freertos.o(i.vApplicationGetIdleTaskMemory)
    vListInitialise                          0x08012cc9   Thumb Code    22  list.o(i.vListInitialise)
    vListInitialiseItem                      0x08012cdf   Thumb Code     6  list.o(i.vListInitialiseItem)
    vListInsert                              0x08012ce5   Thumb Code    48  list.o(i.vListInsert)
    vListInsertEnd                           0x08012d15   Thumb Code    24  list.o(i.vListInsertEnd)
    vPortEnterCritical                       0x08012d2d   Thumb Code    54  port.o(i.vPortEnterCritical)
    vPortExitCritical                        0x08012d6d   Thumb Code    34  port.o(i.vPortExitCritical)
    vPortFree                                0x08012d95   Thumb Code    94  heap_4.o(i.vPortFree)
    vPortSetupTimerInterrupt                 0x08012df9   Thumb Code    32  port.o(i.vPortSetupTimerInterrupt)
    vPortValidateInterruptPriority           0x08012e1d   Thumb Code    74  port.o(i.vPortValidateInterruptPriority)
    vQueueDelete                             0x08012e71   Thumb Code    46  queue.o(i.vQueueDelete)
    vQueueUnregisterQueue                    0x08012ea1   Thumb Code    36  queue.o(i.vQueueUnregisterQueue)
    vTaskDelay                               0x08012ec9   Thumb Code    66  tasks.o(i.vTaskDelay)
    vTaskInternalSetTimeOutState             0x08012f15   Thumb Code    12  tasks.o(i.vTaskInternalSetTimeOutState)
    vTaskMissedYield                         0x08012f25   Thumb Code     8  tasks.o(i.vTaskMissedYield)
    vTaskPlaceOnEventList                    0x08012f31   Thumb Code    44  tasks.o(i.vTaskPlaceOnEventList)
    vTaskPriorityDisinheritAfterTimeout      0x08012f61   Thumb Code   152  tasks.o(i.vTaskPriorityDisinheritAfterTimeout)
    vTaskStartScheduler                      0x08013001   Thumb Code    90  tasks.o(i.vTaskStartScheduler)
    vTaskSuspendAll                          0x0801306d   Thumb Code    10  tasks.o(i.vTaskSuspendAll)
    vTaskSwitchContext                       0x0801307d   Thumb Code    82  tasks.o(i.vTaskSwitchContext)
    write_bh1750_buffer                      0x080130d9   Thumb Code    16  main.o(i.write_bh1750_buffer)
    write_dht11_buffer                       0x080130f9   Thumb Code    26  main.o(i.write_dht11_buffer)
    xPortStartScheduler                      0x0801312d   Thumb Code   222  port.o(i.xPortStartScheduler)
    xQueueCreateMutex                        0x08013221   Thumb Code    22  queue.o(i.xQueueCreateMutex)
    xQueueCreateMutexStatic                  0x08013237   Thumb Code    26  queue.o(i.xQueueCreateMutexStatic)
    xQueueGenericCreate                      0x08013251   Thumb Code    66  queue.o(i.xQueueGenericCreate)
    xQueueGenericCreateStatic                0x08013293   Thumb Code   102  queue.o(i.xQueueGenericCreateStatic)
    xQueueGenericReset                       0x080132f9   Thumb Code   132  queue.o(i.xQueueGenericReset)
    xQueueGenericSend                        0x08013381   Thumb Code   346  queue.o(i.xQueueGenericSend)
    xQueueGenericSendFromISR                 0x080134e1   Thumb Code   190  queue.o(i.xQueueGenericSendFromISR)
    xQueueGiveFromISR                        0x0801359f   Thumb Code   156  queue.o(i.xQueueGiveFromISR)
    xQueueReceive                            0x0801363d   Thumb Code   308  queue.o(i.xQueueReceive)
    xQueueReceiveFromISR                     0x08013775   Thumb Code   154  queue.o(i.xQueueReceiveFromISR)
    xQueueSemaphoreTake                      0x08013811   Thumb Code   372  queue.o(i.xQueueSemaphoreTake)
    xTaskCheckForTimeOut                     0x08013989   Thumb Code   112  tasks.o(i.xTaskCheckForTimeOut)
    xTaskCreate                              0x080139fd   Thumb Code    90  tasks.o(i.xTaskCreate)
    xTaskCreateStatic                        0x08013a57   Thumb Code    86  tasks.o(i.xTaskCreateStatic)
    xTaskGetSchedulerState                   0x08013aad   Thumb Code    22  tasks.o(i.xTaskGetSchedulerState)
    xTaskGetTickCount                        0x08013ac9   Thumb Code     6  tasks.o(i.xTaskGetTickCount)
    xTaskGetTickCountFromISR                 0x08013ad5   Thumb Code    12  tasks.o(i.xTaskGetTickCountFromISR)
    xTaskIncrementTick                       0x08013ae5   Thumb Code   194  tasks.o(i.xTaskIncrementTick)
    xTaskPriorityDisinherit                  0x08013bb1   Thumb Code   144  tasks.o(i.xTaskPriorityDisinherit)
    xTaskPriorityInherit                     0x08013c49   Thumb Code   130  tasks.o(i.xTaskPriorityInherit)
    xTaskRemoveFromEventList                 0x08013cd5   Thumb Code   108  tasks.o(i.xTaskRemoveFromEventList)
    xTaskResumeAll                           0x08013d49   Thumb Code   182  tasks.o(i.xTaskResumeAll)
    AHBPrescTable                            0x08013e44   Data          16  system_stm32f4xx.o(.constdata)
    APBPrescTable                            0x08013e54   Data           8  system_stm32f4xx.o(.constdata)
    ethbroadcast                             0x08013e5c   Data           6  ethernet.o(.constdata)
    ethzero                                  0x08013e62   Data           6  ethernet.o(.constdata)
    netconn_aborted                          0x08013e68   Data           1  api_msg.o(.constdata)
    netconn_reset                            0x08013e69   Data           1  api_msg.o(.constdata)
    netconn_closed                           0x08013e6a   Data           1  api_msg.o(.constdata)
    memp_UDP_PCB                             0x08013eb0   Data          12  memp.o(.constdata)
    memp_TCP_PCB                             0x08013ebc   Data          12  memp.o(.constdata)
    memp_TCP_PCB_LISTEN                      0x08013ec8   Data          12  memp.o(.constdata)
    memp_TCP_SEG                             0x08013ed4   Data          12  memp.o(.constdata)
    memp_REASSDATA                           0x08013ee0   Data          12  memp.o(.constdata)
    memp_FRAG_PBUF                           0x08013eec   Data          12  memp.o(.constdata)
    memp_NETBUF                              0x08013ef8   Data          12  memp.o(.constdata)
    memp_NETCONN                             0x08013f04   Data          12  memp.o(.constdata)
    memp_TCPIP_MSG_API                       0x08013f10   Data          12  memp.o(.constdata)
    memp_TCPIP_MSG_INPKT                     0x08013f1c   Data          12  memp.o(.constdata)
    memp_SYS_TIMEOUT                         0x08013f28   Data          12  memp.o(.constdata)
    memp_PBUF                                0x08013f34   Data          12  memp.o(.constdata)
    memp_PBUF_POOL                           0x08013f40   Data          12  memp.o(.constdata)
    memp_pools                               0x08013f4c   Data          52  memp.o(.constdata)
    tcp_pcb_lists                            0x08013fc4   Data          16  tcp_1.o(.constdata)
    lwip_cyclic_timers                       0x08013fd4   Data          24  timeouts.o(.constdata)
    ip_addr_any                              0x08013fec   Data           4  ip4_addr.o(.constdata)
    os_mutex_def_lwip_sys_mutex              0x08013ff0   Data           8  sys_arch.o(.constdata)
    __ctype_table                            0x08014008   Data         129  ctype_o.o(.constdata)
    Region$$Table$$Base                      0x080141b8   Number         0  anon$$obj.o(Region$$Table)
    Region$$Table$$Limit                     0x080141d8   Number         0  anon$$obj.o(Region$$Table)
    defaultTaskHandle                        0x20000000   Data           4  freertos.o(.data)
    ipaddr                                   0x20000004   Data           4  lwip.o(.data)
    netmask                                  0x20000008   Data           4  lwip.o(.data)
    gw                                       0x2000000c   Data           4  lwip.o(.data)
    IP_ADDRESS                               0x20000010   Data           4  lwip.o(.data)
    NETMASK_ADDRESS                          0x20000014   Data           4  lwip.o(.data)
    GATEWAY_ADDRESS                          0x20000018   Data           4  lwip.o(.data)
    s_xSemaphore                             0x2000001c   Data           4  ethernetif.o(.data)
    uwTickFreq                               0x20000020   Data           1  stm32f4xx_hal.o(.data)
    uwTickPrio                               0x20000024   Data           4  stm32f4xx_hal.o(.data)
    uwTick                                   0x20000028   Data           4  stm32f4xx_hal.o(.data)
    SystemCoreClock                          0x2000002c   Data           4  system_stm32f4xx.o(.data)
    pxCurrentTCB                             0x20000030   Data           4  tasks.o(.data)
    lock_tcpip_core                          0x200000a8   Data           4  tcpip.o(.data)
    netif_list                               0x200000f4   Data           4  netif.o(.data)
    netif_default                            0x200000f8   Data           4  netif.o(.data)
    pbuf_free_ooseq_pending                  0x200000fc   Data           1  pbuf.o(.data)
    tcp_active_pcbs_changed                  0x20000100   Data           1  tcp_1.o(.data)
    tcp_ticks                                0x2000010c   Data           4  tcp_1.o(.data)
    tcp_bound_pcbs                           0x20000110   Data           4  tcp_1.o(.data)
    tcp_listen_pcbs                          0x20000114   Data           4  tcp_1.o(.data)
    tcp_active_pcbs                          0x20000118   Data           4  tcp_1.o(.data)
    tcp_tw_pcbs                              0x2000011c   Data           4  tcp_1.o(.data)
    tcp_input_pcb                            0x20000140   Data           4  tcp_in.o(.data)
    udp_pcbs                                 0x20000154   Data           4  udp.o(.data)
    errno                                    0x20000164   Data           4  sys_arch.o(.data)
    lwip_sys_mutex                           0x20000168   Data           4  sys_arch.o(.data)
    __stdout                                 0x20000170   Data           4  stdout.o(.data)
    scada                                    0x20000174   Data          16  main.o(.bss)
    config                                   0x20000184   Data          16  main.o(.bss)
    gnetif                                   0x200003e8   Data          48  lwip.o(.bss)
    DMARxDscrTab                             0x20000418   Data         128  ethernetif.o(.bss)
    DMATxDscrTab                             0x20000498   Data         128  ethernetif.o(.bss)
    Rx_Buff                                  0x20000518   Data        6096  ethernetif.o(.bss)
    Tx_Buff                                  0x20001ce8   Data        6096  ethernetif.o(.bss)
    heth                                     0x200034b8   Data          72  ethernetif.o(.bss)
    huart1                                   0x20003500   Data          68  usart.o(.bss)
    htim6                                    0x20003544   Data          72  stm32f4xx_hal_timebase_tim.o(.bss)
    htim3                                    0x2000358c   Data          72  tim.o(.bss)
    hi2c1                                    0x200035d4   Data          84  i2c.o(.bss)
    hadc1                                    0x20003628   Data          72  adc.o(.bss)
    xQueueRegistry                           0x20003670   Data          64  queue.o(.bss)
    ip_data                                  0x200073e0   Data          24  ip.o(.bss)
    ram_heap                                 0x200073f8   Data        1619  mem.o(.bss)
    memp_memory_UDP_PCB_base                 0x20007a4b   Data         131  memp.o(.bss)
    memp_memory_TCP_PCB_base                 0x20007ace   Data         783  memp.o(.bss)
    memp_memory_TCP_PCB_LISTEN_base          0x20007ddd   Data         227  memp.o(.bss)
    memp_memory_TCP_SEG_base                 0x20007ec0   Data         259  memp.o(.bss)
    memp_memory_REASSDATA_base               0x20007fc3   Data         163  memp.o(.bss)
    memp_memory_FRAG_PBUF_base               0x20008066   Data         363  memp.o(.bss)
    memp_memory_NETBUF_base                  0x200081d1   Data          35  memp.o(.bss)
    memp_memory_NETCONN_base                 0x200081f4   Data         163  memp.o(.bss)
    memp_memory_TCPIP_MSG_API_base           0x20008297   Data         131  memp.o(.bss)
    memp_memory_TCPIP_MSG_INPKT_base         0x2000831a   Data         131  memp.o(.bss)
    memp_memory_SYS_TIMEOUT_base             0x2000839d   Data          51  memp.o(.bss)
    memp_memory_PBUF_base                    0x200083d0   Data         259  memp.o(.bss)
    memp_memory_PBUF_POOL_base               0x200084d3   Data        9731  memp.o(.bss)
    __initial_sp                             0x2000afd8   Data           0  startup_stm32f407xx.o(STACK)



==============================================================================

Memory Map of the image

  Image Entry point : 0x08000189

  Load Region LR_IROM1 (Base: 0x08000000, Size: 0x0001434c, Max: 0x00080000, ABSOLUTE, COMPRESSED[0x000141f0])

    Execution Region ER_IROM1 (Exec base: 0x08000000, Load base: 0x08000000, Size: 0x000141d8, Max: 0x00080000, ABSOLUTE)

    Exec Addr    Load Addr    Size         Type   Attr      Idx    E Section Name        Object

    0x08000000   0x08000000   0x00000188   Data   RO            3    RESET               startup_stm32f407xx.o
    0x08000188   0x08000188   0x00000000   Code   RO        10359  * .ARM.Collect$$$$00000000  mc_w.l(entry.o)
    0x08000188   0x08000188   0x00000004   Code   RO        10676    .ARM.Collect$$$$00000001  mc_w.l(entry2.o)
    0x0800018c   0x0800018c   0x00000004   Code   RO        10679    .ARM.Collect$$$$00000004  mc_w.l(entry5.o)
    0x08000190   0x08000190   0x00000000   Code   RO        10681    .ARM.Collect$$$$00000008  mc_w.l(entry7b.o)
    0x08000190   0x08000190   0x00000000   Code   RO        10683    .ARM.Collect$$$$0000000A  mc_w.l(entry8b.o)
    0x08000190   0x08000190   0x00000008   Code   RO        10684    .ARM.Collect$$$$0000000B  mc_w.l(entry9a.o)
    0x08000198   0x08000198   0x00000004   Code   RO        10691    .ARM.Collect$$$$0000000E  mc_w.l(entry12b.o)
    0x0800019c   0x0800019c   0x00000000   Code   RO        10686    .ARM.Collect$$$$0000000F  mc_w.l(entry10a.o)
    0x0800019c   0x0800019c   0x00000000   Code   RO        10688    .ARM.Collect$$$$00000011  mc_w.l(entry11a.o)
    0x0800019c   0x0800019c   0x00000004   Code   RO        10677    .ARM.Collect$$$$00002712  mc_w.l(entry2.o)
    0x080001a0   0x080001a0   0x000000be   Code   RO         5744    .emb_text           port.o
    0x0800025e   0x0800025e   0x00000002   PAD
    0x08000260   0x08000260   0x00000024   Code   RO            4    .text               startup_stm32f407xx.o
    0x08000284   0x08000284   0x00000062   Code   RO        10362    .text               mc_w.l(uldiv.o)
    0x080002e6   0x080002e6   0x00000002   PAD
    0x080002e8   0x080002e8   0x00000008   Code   RO        10364    .text               mc_w.l(ctype_o.o)
    0x080002f0   0x080002f0   0x00000024   Code   RO        10392    .text               mc_w.l(rand.o)
    0x08000314   0x08000314   0x00000040   Code   RO        10397    .text               mc_w.l(memmovea.o)
    0x08000354   0x08000354   0x00000024   Code   RO        10401    .text               mc_w.l(memseta.o)
    0x08000378   0x08000378   0x0000001a   Code   RO        10405    .text               mc_w.l(memcmp.o)
    0x08000392   0x08000392   0x0000002c   Code   RO        10695    .text               mc_w.l(uidiv.o)
    0x080003be   0x080003be   0x0000001e   Code   RO        10697    .text               mc_w.l(llshl.o)
    0x080003dc   0x080003dc   0x00000020   Code   RO        10699    .text               mc_w.l(llushr.o)
    0x080003fc   0x080003fc   0x00000024   Code   RO        10721    .text               mc_w.l(init.o)
    0x08000420   0x08000420   0x00000000   Code   RO        10723    .text               mc_w.l(semi.o)
    0x08000420   0x08000420   0x00000000   Code   RO        10728    .text               mc_w.l(iusesemip.o)
    0x08000420   0x08000420   0x00000056   Code   RO        10741    .text               mc_w.l(__dczerorl2.o)
    0x08000476   0x08000476   0x00000002   PAD
    0x08000478   0x08000478   0x00000128   Code   RO         4217    i.ADC_Init          stm32f4xx_hal_adc.o
    0x080005a0   0x080005a0   0x00000002   Code   RO          740    i.BusFault_Handler  stm32f4xx_it.o
    0x080005a2   0x080005a2   0x00000002   PAD
    0x080005a4   0x080005a4   0x00000058   Code   RO          873    i.DHT11_Check       dht11.o
    0x080005fc   0x080005fc   0x00000058   Code   RO          874    i.DHT11_Read_Bit    dht11.o
    0x08000654   0x08000654   0x0000001a   Code   RO          875    i.DHT11_Read_Byte   dht11.o
    0x0800066e   0x0800066e   0x00000002   PAD
    0x08000670   0x08000670   0x00000058   Code   RO          876    i.DHT11_Read_Data   dht11.o
    0x080006c8   0x080006c8   0x00000030   Code   RO          877    i.DHT11_Rst         dht11.o
    0x080006f8   0x080006f8   0x00000002   Code   RO          741    i.DebugMon_Handler  stm32f4xx_it.o
    0x080006fa   0x080006fa   0x00000002   PAD
    0x080006fc   0x080006fc   0x00000058   Code   RO          878    i.Delay_us          dht11.o
    0x08000754   0x08000754   0x00000020   Code   RO         1154    i.ETH_Delay         stm32f4xx_hal_eth.o
    0x08000774   0x08000774   0x0000002e   Code   RO         1155    i.ETH_FlushTransmitFIFO  stm32f4xx_hal_eth.o
    0x080007a2   0x080007a2   0x00000002   PAD
    0x080007a4   0x080007a4   0x0000000c   Code   RO          742    i.ETH_IRQHandler    stm32f4xx_it.o
    0x080007b0   0x080007b0   0x0000012c   Code   RO         1156    i.ETH_MACDMAConfig  stm32f4xx_hal_eth.o
    0x080008dc   0x080008dc   0x00000002   Code   RO           13    i.Error_Handler     main.o
    0x080008de   0x080008de   0x00000002   PAD
    0x080008e0   0x080008e0   0x0000014c   Code   RO         4219    i.HAL_ADC_ConfigChannel  stm32f4xx_hal_adc.o
    0x08000a2c   0x08000a2c   0x00000006   Code   RO         4226    i.HAL_ADC_GetValue  stm32f4xx_hal_adc.o
    0x08000a32   0x08000a32   0x00000054   Code   RO         4228    i.HAL_ADC_Init      stm32f4xx_hal_adc.o
    0x08000a86   0x08000a86   0x00000002   PAD
    0x08000a88   0x08000a88   0x00000060   Code   RO         1107    i.HAL_ADC_MspInit   adc.o
    0x08000ae8   0x08000ae8   0x000000aa   Code   RO         4232    i.HAL_ADC_PollForConversion  stm32f4xx_hal_adc.o
    0x08000b92   0x08000b92   0x00000002   PAD
    0x08000b94   0x08000b94   0x000000fc   Code   RO         4234    i.HAL_ADC_Start     stm32f4xx_hal_adc.o
    0x08000c90   0x08000c90   0x0000003c   Code   RO         4237    i.HAL_ADC_Stop      stm32f4xx_hal_adc.o
    0x08000ccc   0x08000ccc   0x00000024   Code   RO         2188    i.HAL_Delay         stm32f4xx_hal.o
    0x08000cf0   0x08000cf0   0x00000074   Code   RO         1159    i.HAL_ETH_DMARxDescListInit  stm32f4xx_hal_eth.o
    0x08000d64   0x08000d64   0x00000078   Code   RO         1160    i.HAL_ETH_DMATxDescListInit  stm32f4xx_hal_eth.o
    0x08000ddc   0x08000ddc   0x00000002   Code   RO         1162    i.HAL_ETH_ErrorCallback  stm32f4xx_hal_eth.o
    0x08000dde   0x08000dde   0x00000088   Code   RO         1164    i.HAL_ETH_GetReceivedFrame_IT  stm32f4xx_hal_eth.o
    0x08000e66   0x08000e66   0x0000007a   Code   RO         1166    i.HAL_ETH_IRQHandler  stm32f4xx_hal_eth.o
    0x08000ee0   0x08000ee0   0x000001ec   Code   RO         1167    i.HAL_ETH_Init      stm32f4xx_hal_eth.o
    0x080010cc   0x080010cc   0x000000e8   Code   RO          586    i.HAL_ETH_MspInit   ethernetif.o
    0x080011b4   0x080011b4   0x00000084   Code   RO         1170    i.HAL_ETH_ReadPHYRegister  stm32f4xx_hal_eth.o
    0x08001238   0x08001238   0x0000000c   Code   RO          587    i.HAL_ETH_RxCpltCallback  ethernetif.o
    0x08001244   0x08001244   0x00000084   Code   RO         1172    i.HAL_ETH_Start     stm32f4xx_hal_eth.o
    0x080012c8   0x080012c8   0x00000108   Code   RO         1174    i.HAL_ETH_TransmitFrame  stm32f4xx_hal_eth.o
    0x080013d0   0x080013d0   0x00000002   Code   RO         1175    i.HAL_ETH_TxCpltCallback  stm32f4xx_hal_eth.o
    0x080013d2   0x080013d2   0x00000002   PAD
    0x080013d4   0x080013d4   0x00000078   Code   RO         1176    i.HAL_ETH_WritePHYRegister  stm32f4xx_hal_eth.o
    0x0800144c   0x0800144c   0x000001ec   Code   RO         1662    i.HAL_GPIO_Init     stm32f4xx_hal_gpio.o
    0x08001638   0x08001638   0x0000000a   Code   RO         1664    i.HAL_GPIO_ReadPin  stm32f4xx_hal_gpio.o
    0x08001642   0x08001642   0x0000000a   Code   RO         1666    i.HAL_GPIO_WritePin  stm32f4xx_hal_gpio.o
    0x0800164c   0x0800164c   0x0000000c   Code   RO         2194    i.HAL_GetTick       stm32f4xx_hal.o
    0x08001658   0x08001658   0x00000188   Code   RO         3780    i.HAL_I2C_Init      stm32f4xx_hal_i2c.o
    0x080017e0   0x080017e0   0x000001e0   Code   RO         3786    i.HAL_I2C_Master_Receive  stm32f4xx_hal_i2c.o
    0x080019c0   0x080019c0   0x0000012c   Code   RO         3793    i.HAL_I2C_Master_Transmit  stm32f4xx_hal_i2c.o
    0x08001aec   0x08001aec   0x00000068   Code   RO         1035    i.HAL_I2C_MspInit   i2c.o
    0x08001b54   0x08001b54   0x00000010   Code   RO         2200    i.HAL_IncTick       stm32f4xx_hal.o
    0x08001b64   0x08001b64   0x00000034   Code   RO         2201    i.HAL_Init          stm32f4xx_hal.o
    0x08001b98   0x08001b98   0x00000074   Code   RO          834    i.HAL_InitTick      stm32f4xx_hal_timebase_tim.o
    0x08001c0c   0x08001c0c   0x00000038   Code   RO          810    i.HAL_MspInit       stm32f4xx_hal_msp.o
    0x08001c44   0x08001c44   0x0000001a   Code   RO         2051    i.HAL_NVIC_EnableIRQ  stm32f4xx_hal_cortex.o
    0x08001c5e   0x08001c5e   0x00000002   PAD
    0x08001c60   0x08001c60   0x00000040   Code   RO         2057    i.HAL_NVIC_SetPriority  stm32f4xx_hal_cortex.o
    0x08001ca0   0x08001ca0   0x00000024   Code   RO         2058    i.HAL_NVIC_SetPriorityGrouping  stm32f4xx_hal_cortex.o
    0x08001cc4   0x08001cc4   0x00000134   Code   RO         1308    i.HAL_RCC_ClockConfig  stm32f4xx_hal_rcc.o
    0x08001df8   0x08001df8   0x00000040   Code   RO         1312    i.HAL_RCC_GetClockConfig  stm32f4xx_hal_rcc.o
    0x08001e38   0x08001e38   0x0000000c   Code   RO         1313    i.HAL_RCC_GetHCLKFreq  stm32f4xx_hal_rcc.o
    0x08001e44   0x08001e44   0x00000020   Code   RO         1315    i.HAL_RCC_GetPCLK1Freq  stm32f4xx_hal_rcc.o
    0x08001e64   0x08001e64   0x00000020   Code   RO         1316    i.HAL_RCC_GetPCLK2Freq  stm32f4xx_hal_rcc.o
    0x08001e84   0x08001e84   0x00000060   Code   RO         1317    i.HAL_RCC_GetSysClockFreq  stm32f4xx_hal_rcc.o
    0x08001ee4   0x08001ee4   0x0000036c   Code   RO         1320    i.HAL_RCC_OscConfig  stm32f4xx_hal_rcc.o
    0x08002250   0x08002250   0x00000002   Code   RO         3145    i.HAL_TIMEx_BreakCallback  stm32f4xx_hal_tim_ex.o
    0x08002252   0x08002252   0x00000002   Code   RO         3146    i.HAL_TIMEx_CommutCallback  stm32f4xx_hal_tim_ex.o
    0x08002254   0x08002254   0x00000090   Code   RO         3164    i.HAL_TIMEx_MasterConfigSynchronization  stm32f4xx_hal_tim_ex.o
    0x080022e4   0x080022e4   0x0000005a   Code   RO         2441    i.HAL_TIM_Base_Init  stm32f4xx_hal_tim.o
    0x0800233e   0x0800233e   0x00000002   PAD
    0x08002340   0x08002340   0x00000028   Code   RO          957    i.HAL_TIM_Base_MspInit  tim.o
    0x08002368   0x08002368   0x00000080   Code   RO         2446    i.HAL_TIM_Base_Start_IT  stm32f4xx_hal_tim.o
    0x080023e8   0x080023e8   0x000000d6   Code   RO         2450    i.HAL_TIM_ConfigClockSource  stm32f4xx_hal_tim.o
    0x080024be   0x080024be   0x00000002   Code   RO         2475    i.HAL_TIM_IC_CaptureCallback  stm32f4xx_hal_tim.o
    0x080024c0   0x080024c0   0x00000166   Code   RO         2489    i.HAL_TIM_IRQHandler  stm32f4xx_hal_tim.o
    0x08002626   0x08002626   0x00000002   Code   RO         2492    i.HAL_TIM_OC_DelayElapsedCallback  stm32f4xx_hal_tim.o
    0x08002628   0x08002628   0x00000002   Code   RO         2519    i.HAL_TIM_PWM_PulseFinishedCallback  stm32f4xx_hal_tim.o
    0x0800262a   0x0800262a   0x00000002   PAD
    0x0800262c   0x0800262c   0x00000014   Code   RO           14    i.HAL_TIM_PeriodElapsedCallback  main.o
    0x08002640   0x08002640   0x00000002   Code   RO         2532    i.HAL_TIM_TriggerCallback  stm32f4xx_hal_tim.o
    0x08002642   0x08002642   0x00000062   Code   RO         3441    i.HAL_UART_Init     stm32f4xx_hal_uart.o
    0x080026a4   0x080026a4   0x0000006c   Code   RO          699    i.HAL_UART_MspInit  usart.o
    0x08002710   0x08002710   0x00000002   Code   RO          743    i.HardFault_Handler  stm32f4xx_it.o
    0x08002712   0x08002712   0x0000002e   Code   RO         3822    i.I2C_IsAcknowledgeFailed  stm32f4xx_hal_i2c.o
    0x08002740   0x08002740   0x000000ec   Code   RO         3825    i.I2C_MasterRequestRead  stm32f4xx_hal_i2c.o
    0x0800282c   0x0800282c   0x0000009c   Code   RO         3826    i.I2C_MasterRequestWrite  stm32f4xx_hal_i2c.o
    0x080028c8   0x080028c8   0x0000004c   Code   RO         3836    i.I2C_WaitOnBTFFlagUntilTimeout  stm32f4xx_hal_i2c.o
    0x08002914   0x08002914   0x00000068   Code   RO         3837    i.I2C_WaitOnFlagUntilTimeout  stm32f4xx_hal_i2c.o
    0x0800297c   0x0800297c   0x00000096   Code   RO         3838    i.I2C_WaitOnMasterAddressFlagUntilTimeout  stm32f4xx_hal_i2c.o
    0x08002a12   0x08002a12   0x00000066   Code   RO         3839    i.I2C_WaitOnRXNEFlagUntilTimeout  stm32f4xx_hal_i2c.o
    0x08002a78   0x08002a78   0x0000004c   Code   RO         3840    i.I2C_WaitOnTXEFlagUntilTimeout  stm32f4xx_hal_i2c.o
    0x08002ac4   0x08002ac4   0x00000060   Code   RO         1108    i.MX_ADC1_Init      adc.o
    0x08002b24   0x08002b24   0x00000028   Code   RO          461    i.MX_FREERTOS_Init  freertos.o
    0x08002b4c   0x08002b4c   0x000000a8   Code   RO          437    i.MX_GPIO_Init      gpio.o
    0x08002bf4   0x08002bf4   0x00000040   Code   RO         1036    i.MX_I2C1_Init      i2c.o
    0x08002c34   0x08002c34   0x00000134   Code   RO          514    i.MX_LWIP_Init      lwip.o
    0x08002d68   0x08002d68   0x00000068   Code   RO          958    i.MX_TIM3_Init      tim.o
    0x08002dd0   0x08002dd0   0x00000038   Code   RO          700    i.MX_USART1_UART_Init  usart.o
    0x08002e08   0x08002e08   0x00000002   Code   RO          744    i.MemManage_Handler  stm32f4xx_it.o
    0x08002e0a   0x08002e0a   0x00000002   Code   RO          745    i.NMI_Handler       stm32f4xx_it.o
    0x08002e0c   0x08002e0c   0x0000000c   Code   RO          462    i.StartDefaultTask  freertos.o
    0x08002e18   0x08002e18   0x0000002c   Code   RO         5745    i.SysTick_Handler   port.o
    0x08002e44   0x08002e44   0x00000088   Code   RO           15    i.SystemClock_Config  main.o
    0x08002ecc   0x08002ecc   0x00000010   Code   RO         4490    i.SystemInit        system_stm32f4xx.o
    0x08002edc   0x08002edc   0x0000000c   Code   RO          746    i.TIM6_DAC_IRQHandler  stm32f4xx_it.o
    0x08002ee8   0x08002ee8   0x000000c8   Code   RO         2534    i.TIM_Base_SetConfig  stm32f4xx_hal_tim.o
    0x08002fb0   0x08002fb0   0x00000014   Code   RO         2545    i.TIM_ETR_SetConfig  stm32f4xx_hal_tim.o
    0x08002fc4   0x08002fc4   0x00000010   Code   RO         2546    i.TIM_ITRx_SetConfig  stm32f4xx_hal_tim.o
    0x08002fd4   0x08002fd4   0x00000022   Code   RO         2552    i.TIM_TI1_ConfigInputStage  stm32f4xx_hal_tim.o
    0x08002ff6   0x08002ff6   0x00000024   Code   RO         2554    i.TIM_TI2_ConfigInputStage  stm32f4xx_hal_tim.o
    0x0800301a   0x0800301a   0x00000002   PAD
    0x0800301c   0x0800301c   0x0000010c   Code   RO         3467    i.UART_SetConfig    stm32f4xx_hal_uart.o
    0x08003128   0x08003128   0x00000002   Code   RO          747    i.UsageFault_Handler  stm32f4xx_it.o
    0x0800312a   0x0800312a   0x00000002   PAD
    0x0800312c   0x0800312c   0x00000020   Code   RO        10502    i.__0printf$3       mc_w.l(printf3.o)
    0x0800314c   0x0800314c   0x00000028   Code   RO        10504    i.__0sprintf$3      mc_w.l(printf3.o)
    0x08003174   0x08003174   0x00000020   Code   RO         2064    i.__NVIC_SetPriority  stm32f4xx_hal_cortex.o
    0x08003194   0x08003194   0x0000000e   Code   RO        10735    i.__scatterload_copy  mc_w.l(handlers.o)
    0x080031a2   0x080031a2   0x00000002   Code   RO        10736    i.__scatterload_null  mc_w.l(handlers.o)
    0x080031a4   0x080031a4   0x0000000e   Code   RO        10737    i.__scatterload_zeroinit  mc_w.l(handlers.o)
    0x080031b2   0x080031b2   0x00000002   PAD
    0x080031b4   0x080031b4   0x000001b8   Code   RO        10509    i._printf_core      mc_w.l(printf3.o)
    0x0800336c   0x0800336c   0x0000000a   Code   RO        10511    i._sputc            mc_w.l(printf3.o)
    0x08003376   0x08003376   0x00000002   PAD
    0x08003378   0x08003378   0x00000178   Code   RO         6799    i.accept_function   api_msg.o
    0x080034f0   0x080034f0   0x000000e8   Code   RO         7207    i.alloc_socket      sockets.o
    0x080035d8   0x080035d8   0x0000001c   Code   RO         1076    i.bh1750_read       bh1750.o
    0x080035f4   0x080035f4   0x0000001c   Code   RO         1077    i.bh1750_write      bh1750.o
    0x08003610   0x08003610   0x000000c0   Code   RO           17    i.check_data        main.o
    0x080036d0   0x080036d0   0x00000078   Code   RO           18    i.dht11_task        main.o
    0x08003748   0x08003748   0x000000a8   Code   RO         7993    i.do_memp_free_pool  memp.o
    0x080037f0   0x080037f0   0x000000b8   Code   RO         7994    i.do_memp_malloc_pool  memp.o
    0x080038a8   0x080038a8   0x000001c8   Code   RO         6800    i.err_tcp           api_msg.o
    0x08003a70   0x08003a70   0x0000001c   Code   RO         7011    i.err_to_errno      err.o
    0x08003a8c   0x08003a8c   0x0000002c   Code   RO         9417    i.etharp_cleanup_netif  etharp.o
    0x08003ab8   0x08003ab8   0x00000260   Code   RO         9419    i.etharp_find_entry  etharp.o
    0x08003d18   0x08003d18   0x00000024   Code   RO         9420    i.etharp_free_entry  etharp.o
    0x08003d3c   0x08003d3c   0x00000104   Code   RO         9422    i.etharp_input      etharp.o
    0x08003e40   0x08003e40   0x000001b0   Code   RO         9423    i.etharp_output     etharp.o
    0x08003ff0   0x08003ff0   0x00000110   Code   RO         9424    i.etharp_output_to_arp_index  etharp.o
    0x08004100   0x08004100   0x000001e8   Code   RO         9425    i.etharp_query      etharp.o
    0x080042e8   0x080042e8   0x00000174   Code   RO         9426    i.etharp_raw        etharp.o
    0x0800445c   0x0800445c   0x0000000c   Code   RO         9427    i.etharp_request    etharp.o
    0x08004468   0x08004468   0x00000020   Code   RO         9428    i.etharp_request_dst  etharp.o
    0x08004488   0x08004488   0x00000060   Code   RO         9429    i.etharp_tmr        etharp.o
    0x080044e8   0x080044e8   0x0000011c   Code   RO         9430    i.etharp_update_arp_entry  etharp.o
    0x08004604   0x08004604   0x000000a4   Code   RO         6353    i.ethernet_input    ethernet.o
    0x080046a8   0x080046a8   0x000000f8   Code   RO         6354    i.ethernet_output   ethernet.o
    0x080047a0   0x080047a0   0x00000088   Code   RO          588    i.ethernetif_init   ethernetif.o
    0x08004828   0x08004828   0x0000004c   Code   RO          589    i.ethernetif_input  ethernetif.o
    0x08004874   0x08004874   0x00000138   Code   RO         7208    i.event_callback    sockets.o
    0x080049ac   0x080049ac   0x00000012   Code   RO        10692    i.fputc             mc_w.l(fputc.o)
    0x080049be   0x080049be   0x0000003c   Code   RO         7209    i.free_socket       sockets.o
    0x080049fa   0x080049fa   0x00000002   PAD
    0x080049fc   0x080049fc   0x0000004c   Code   RO         1109    i.getHumdityValue   adc.o
    0x08004a48   0x08004a48   0x0000003c   Code   RO           19    i.get_config_data   main.o
    0x08004a84   0x08004a84   0x00000018   Code   RO         7210    i.get_socket        sockets.o
    0x08004a9c   0x08004a9c   0x00000008   Code   RO         9520    i.icmp_dest_unreach  icmp.o
    0x08004aa4   0x08004aa4   0x000001e8   Code   RO         9521    i.icmp_input        icmp.o
    0x08004c8c   0x08004c8c   0x00000110   Code   RO         9522    i.icmp_send_response  icmp.o
    0x08004d9c   0x08004d9c   0x00000008   Code   RO         9523    i.icmp_time_exceeded  icmp.o
    0x08004da4   0x08004da4   0x0000000c   Code   RO         5308    i.inHandlerMode     cmsis_os.o
    0x08004db0   0x08004db0   0x0000002e   Code   RO         9637    i.ip4_addr_isbroadcast_u32  ip4_addr.o
    0x08004dde   0x08004dde   0x00000002   PAD
    0x08004de0   0x08004de0   0x00000260   Code   RO         9706    i.ip4_frag          ip4_frag.o
    0x08005040   0x08005040   0x00000174   Code   RO         9582    i.ip4_input         ip4.o
    0x080051b4   0x080051b4   0x0000002c   Code   RO         9583    i.ip4_input_accept  ip4.o
    0x080051e0   0x080051e0   0x0000001e   Code   RO         9585    i.ip4_output_if     ip4.o
    0x080051fe   0x080051fe   0x00000002   PAD
    0x08005200   0x08005200   0x00000178   Code   RO         9586    i.ip4_output_if_src  ip4.o
    0x08005378   0x08005378   0x00000288   Code   RO         9707    i.ip4_reass         ip4_frag.o
    0x08005600   0x08005600   0x00000060   Code   RO         9587    i.ip4_route         ip4.o
    0x08005660   0x08005660   0x0000018c   Code   RO         9639    i.ip4addr_aton      ip4_addr.o
    0x080057ec   0x080057ec   0x00000090   Code   RO         9708    i.ip_frag_free_pbuf_custom_ref  ip4_frag.o
    0x0800587c   0x0800587c   0x00000248   Code   RO         9709    i.ip_reass_chain_frag_into_datagram_and_validate  ip4_frag.o
    0x08005ac4   0x08005ac4   0x000000bc   Code   RO         9710    i.ip_reass_dequeue_datagram  ip4_frag.o
    0x08005b80   0x08005b80   0x00000198   Code   RO         9711    i.ip_reass_free_complete_datagram  ip4_frag.o
    0x08005d18   0x08005d18   0x00000080   Code   RO         9712    i.ip_reass_remove_oldest_datagram  ip4_frag.o
    0x08005d98   0x08005d98   0x0000002c   Code   RO         9713    i.ip_reass_tmr      ip4_frag.o
    0x08005dc4   0x08005dc4   0x00000014   Code   RO         9642    i.ipaddr_addr       ip4_addr.o
    0x08005dd8   0x08005dd8   0x00000098   Code   RO         9714    i.ipfrag_free_pbuf_custom  ip4_frag.o
    0x08005e70   0x08005e70   0x0000003c   Code   RO           20    i.led               main.o
    0x08005eac   0x08005eac   0x00000120   Code   RO          590    i.low_level_init    ethernetif.o
    0x08005fcc   0x08005fcc   0x000000c0   Code   RO          591    i.low_level_input   ethernetif.o
    0x0800608c   0x0800608c   0x000000a8   Code   RO          592    i.low_level_output  ethernetif.o
    0x08006134   0x08006134   0x000001c4   Code   RO         7211    i.lwip_accept       sockets.o
    0x080062f8   0x080062f8   0x000000dc   Code   RO         7212    i.lwip_bind         sockets.o
    0x080063d4   0x080063d4   0x000000d4   Code   RO         7213    i.lwip_close        sockets.o
    0x080064a8   0x080064a8   0x0000003c   Code   RO         9167    i.lwip_cyclic_timer  timeouts.o
    0x080064e4   0x080064e4   0x00000004   Code   RO         7697    i.lwip_htonl        def.o
    0x080064e8   0x080064e8   0x00000004   Code   RO         7698    i.lwip_htons        def.o
    0x080064ec   0x080064ec   0x00000022   Code   RO         7842    i.lwip_init         init.o
    0x0800650e   0x0800650e   0x00000002   PAD
    0x08006510   0x08006510   0x0000004c   Code   RO         7225    i.lwip_listen       sockets.o
    0x0800655c   0x0800655c   0x00000036   Code   RO         6801    i.lwip_netconn_do_bind  api_msg.o
    0x08006592   0x08006592   0x00000002   PAD
    0x08006594   0x08006594   0x00000138   Code   RO         6803    i.lwip_netconn_do_close  api_msg.o
    0x080066cc   0x080066cc   0x000002c0   Code   RO         6804    i.lwip_netconn_do_close_internal  api_msg.o
    0x0800698c   0x0800698c   0x00000198   Code   RO         6807    i.lwip_netconn_do_delconn  api_msg.o
    0x08006b24   0x08006b24   0x000000e4   Code   RO         6809    i.lwip_netconn_do_getaddr  api_msg.o
    0x08006c08   0x08006c08   0x000000bc   Code   RO         6810    i.lwip_netconn_do_listen  api_msg.o
    0x08006cc4   0x08006cc4   0x00000012   Code   RO         6811    i.lwip_netconn_do_newconn  api_msg.o
    0x08006cd6   0x08006cd6   0x00000042   Code   RO         6812    i.lwip_netconn_do_recv  api_msg.o
    0x08006d18   0x08006d18   0x00000042   Code   RO         6813    i.lwip_netconn_do_send  api_msg.o
    0x08006d5a   0x08006d5a   0x00000002   PAD
    0x08006d5c   0x08006d5c   0x0000014c   Code   RO         6814    i.lwip_netconn_do_write  api_msg.o
    0x08006ea8   0x08006ea8   0x00000384   Code   RO         6815    i.lwip_netconn_do_writemore  api_msg.o
    0x0800722c   0x0800722c   0x000000a8   Code   RO         6816    i.lwip_netconn_err_to_msg  api_msg.o
    0x080072d4   0x080072d4   0x000000ac   Code   RO         6817    i.lwip_netconn_is_err_msg  api_msg.o
    0x08007380   0x08007380   0x0000000e   Code   RO         7228    i.lwip_read         sockets.o
    0x0800738e   0x0800738e   0x00000002   PAD
    0x08007390   0x08007390   0x00000208   Code   RO         7231    i.lwip_recv_tcp     sockets.o
    0x08007598   0x08007598   0x000000d0   Code   RO         7232    i.lwip_recvfrom     sockets.o
    0x08007668   0x08007668   0x00000180   Code   RO         7233    i.lwip_recvfrom_udp_raw  sockets.o
    0x080077e8   0x080077e8   0x00000074   Code   RO         7237    i.lwip_send         sockets.o
    0x0800785c   0x0800785c   0x0000014c   Code   RO         7239    i.lwip_sendto       sockets.o
    0x080079a8   0x080079a8   0x00000118   Code   RO         7243    i.lwip_sock_make_addr  sockets.o
    0x08007ac0   0x08007ac0   0x00000068   Code   RO         7244    i.lwip_socket       sockets.o
    0x08007b28   0x08007b28   0x00000006   Code   RO         7250    i.lwip_write        sockets.o
    0x08007b2e   0x08007b2e   0x00000002   PAD
    0x08007b30   0x08007b30   0x00000070   Code   RO           21    i.main              main.o
    0x08007ba0   0x08007ba0   0x0000000c   Code   RO         5310    i.makeFreeRtosPriority  cmsis_os.o
    0x08007bac   0x08007bac   0x00000020   Code   RO          882    i.mcu_init_input    dht11.o
    0x08007bcc   0x08007bcc   0x00000024   Code   RO          883    i.mcu_init_output   dht11.o
    0x08007bf0   0x08007bf0   0x000001c8   Code   RO         7917    i.mem_free          mem.o
    0x08007db8   0x08007db8   0x000000c8   Code   RO         7918    i.mem_init          mem.o
    0x08007e80   0x08007e80   0x0000024c   Code   RO         7919    i.mem_malloc        mem.o
    0x080080cc   0x080080cc   0x00000010   Code   RO         7920    i.mem_to_ptr        mem.o
    0x080080dc   0x080080dc   0x000001e4   Code   RO         7921    i.mem_trim          mem.o
    0x080082c0   0x080082c0   0x0000009c   Code   RO         7995    i.memp_free         memp.o
    0x0800835c   0x0800835c   0x00000020   Code   RO         7997    i.memp_init         memp.o
    0x0800837c   0x0800837c   0x0000002a   Code   RO         7998    i.memp_init_pool    memp.o
    0x080083a6   0x080083a6   0x00000002   PAD
    0x080083a8   0x080083a8   0x000000a4   Code   RO         7999    i.memp_malloc       memp.o
    0x0800844c   0x0800844c   0x00000022   Code   RO         7089    i.netbuf_delete     netbuf.o
    0x0800846e   0x0800846e   0x00000002   PAD
    0x08008470   0x08008470   0x000000a0   Code   RO         7091    i.netbuf_free       netbuf.o
    0x08008510   0x08008510   0x000000c4   Code   RO         7094    i.netbuf_ref        netbuf.o
    0x080085d4   0x080085d4   0x00000138   Code   RO         6563    i.netconn_accept    api_lib.o
    0x0800870c   0x0800870c   0x00000104   Code   RO         6818    i.netconn_alloc     api_msg.o
    0x08008810   0x08008810   0x00000016   Code   RO         6564    i.netconn_apimsg    api_lib.o
    0x08008826   0x08008826   0x00000002   PAD
    0x08008828   0x08008828   0x000000b8   Code   RO         6565    i.netconn_bind      api_lib.o
    0x080088e0   0x080088e0   0x000000b0   Code   RO         6568    i.netconn_close_shutdown  api_lib.o
    0x08008990   0x08008990   0x0000001e   Code   RO         6570    i.netconn_delete    api_lib.o
    0x080089ae   0x080089ae   0x0000009c   Code   RO         6819    i.netconn_drain     api_msg.o
    0x08008a4a   0x08008a4a   0x0000001e   Code   RO         6572    i.netconn_err       api_lib.o
    0x08008a68   0x08008a68   0x0000016c   Code   RO         6820    i.netconn_free      api_msg.o
    0x08008bd4   0x08008bd4   0x0000010c   Code   RO         6573    i.netconn_getaddr   api_lib.o
    0x08008ce0   0x08008ce0   0x000000a8   Code   RO         6574    i.netconn_listen_with_backlog  api_lib.o
    0x08008d88   0x08008d88   0x00000178   Code   RO         6575    i.netconn_new_with_proto_and_callback  api_lib.o
    0x08008f00   0x08008f00   0x00000020   Code   RO         6576    i.netconn_prepare_delete  api_lib.o
    0x08008f20   0x08008f20   0x00000188   Code   RO         6578    i.netconn_recv_data  api_lib.o
    0x080090a8   0x080090a8   0x00000092   Code   RO         6579    i.netconn_recv_data_tcp  api_lib.o
    0x0800913a   0x0800913a   0x00000002   PAD
    0x0800913c   0x0800913c   0x000000ac   Code   RO         6581    i.netconn_recv_tcp_pbuf_flags  api_lib.o
    0x080091e8   0x080091e8   0x000000b4   Code   RO         6583    i.netconn_recv_udp_raw_netbuf_flags  api_lib.o
    0x0800929c   0x0800929c   0x000000a8   Code   RO         6584    i.netconn_send      api_lib.o
    0x08009344   0x08009344   0x000000b0   Code   RO         6587    i.netconn_tcp_recvd  api_lib.o
    0x080093f4   0x080093f4   0x000000b8   Code   RO         6588    i.netconn_tcp_recvd_msg  api_lib.o
    0x080094ac   0x080094ac   0x00000014   Code   RO         6589    i.netconn_write_partly  api_lib.o
    0x080094c0   0x080094c0   0x0000018c   Code   RO         6590    i.netconn_write_vectors_partly  api_lib.o
    0x0800964c   0x0800964c   0x000001d8   Code   RO         8139    i.netif_add         netif.o
    0x08009824   0x08009824   0x00000016   Code   RO         8141    i.netif_do_ip_addr_changed  netif.o
    0x0800983a   0x0800983a   0x00000016   Code   RO         8142    i.netif_do_set_gw   netif.o
    0x08009850   0x08009850   0x000000c4   Code   RO         8143    i.netif_do_set_ipaddr  netif.o
    0x08009914   0x08009914   0x00000016   Code   RO         8144    i.netif_do_set_netmask  netif.o
    0x0800992a   0x0800992a   0x00000002   PAD
    0x0800992c   0x0800992c   0x00000028   Code   RO         8146    i.netif_get_by_index  netif.o
    0x08009954   0x08009954   0x00000002   Code   RO         8148    i.netif_init        netif.o
    0x08009956   0x08009956   0x00000002   PAD
    0x08009958   0x08009958   0x000000c0   Code   RO         8150    i.netif_issue_reports  netif.o
    0x08009a18   0x08009a18   0x00000006   Code   RO         8152    i.netif_null_output_ip4  netif.o
    0x08009a1e   0x08009a1e   0x00000002   PAD
    0x08009a20   0x08009a20   0x00000060   Code   RO         8154    i.netif_set_addr    netif.o
    0x08009a80   0x08009a80   0x0000000c   Code   RO         8155    i.netif_set_default  netif.o
    0x08009a8c   0x08009a8c   0x000000a8   Code   RO         8156    i.netif_set_down    netif.o
    0x08009b34   0x08009b34   0x000000a0   Code   RO         8162    i.netif_set_up      netif.o
    0x08009bd4   0x08009bd4   0x0000000e   Code   RO         5312    i.osDelay           cmsis_os.o
    0x08009be2   0x08009be2   0x0000000a   Code   RO         5315    i.osKernelStart     cmsis_os.o
    0x08009bec   0x08009bec   0x00000018   Code   RO         5316    i.osKernelSysTick   cmsis_os.o
    0x08009c04   0x08009c04   0x00000026   Code   RO         5324    i.osMessageCreate   cmsis_os.o
    0x08009c2a   0x08009c2a   0x00000018   Code   RO         5325    i.osMessageDelete   cmsis_os.o
    0x08009c42   0x08009c42   0x00000002   PAD
    0x08009c44   0x08009c44   0x00000094   Code   RO         5326    i.osMessageGet      cmsis_os.o
    0x08009cd8   0x08009cd8   0x0000005c   Code   RO         5328    i.osMessagePut      cmsis_os.o
    0x08009d34   0x08009d34   0x0000001e   Code   RO         5329    i.osMessageWaiting  cmsis_os.o
    0x08009d52   0x08009d52   0x00000010   Code   RO         5330    i.osMutexCreate     cmsis_os.o
    0x08009d62   0x08009d62   0x00000002   PAD
    0x08009d64   0x08009d64   0x00000050   Code   RO         5332    i.osMutexRelease    cmsis_os.o
    0x08009db4   0x08009db4   0x00000064   Code   RO         5333    i.osMutexWait       cmsis_os.o
    0x08009e18   0x08009e18   0x0000003e   Code   RO         5341    i.osSemaphoreCreate  cmsis_os.o
    0x08009e56   0x08009e56   0x00000018   Code   RO         5342    i.osSemaphoreDelete  cmsis_os.o
    0x08009e6e   0x08009e6e   0x00000002   PAD
    0x08009e70   0x08009e70   0x00000050   Code   RO         5344    i.osSemaphoreRelease  cmsis_os.o
    0x08009ec0   0x08009ec0   0x00000064   Code   RO         5345    i.osSemaphoreWait   cmsis_os.o
    0x08009f24   0x08009f24   0x00000054   Code   RO         5349    i.osThreadCreate    cmsis_os.o
    0x08009f78   0x08009f78   0x00000006   Code   RO         8321    i.pbuf_add_header   pbuf.o
    0x08009f7e   0x08009f7e   0x00000002   PAD
    0x08009f80   0x08009f80   0x000000c0   Code   RO         8323    i.pbuf_add_header_impl  pbuf.o
    0x0800a040   0x0800a040   0x0000025c   Code   RO         8324    i.pbuf_alloc        pbuf.o
    0x0800a29c   0x0800a29c   0x000000b0   Code   RO         8325    i.pbuf_alloc_reference  pbuf.o
    0x0800a34c   0x0800a34c   0x00000036   Code   RO         8326    i.pbuf_alloced_custom  pbuf.o
    0x0800a382   0x0800a382   0x00000002   PAD
    0x0800a384   0x0800a384   0x00000130   Code   RO         8327    i.pbuf_cat          pbuf.o
    0x0800a4b4   0x0800a4b4   0x00000012   Code   RO         8328    i.pbuf_chain        pbuf.o
    0x0800a4c6   0x0800a4c6   0x00000012   Code   RO         8329    i.pbuf_clen         pbuf.o
    0x0800a4d8   0x0800a4d8   0x0000009c   Code   RO         8330    i.pbuf_clone        pbuf.o
    0x0800a574   0x0800a574   0x000001e0   Code   RO         8332    i.pbuf_copy         pbuf.o
    0x0800a754   0x0800a754   0x00000118   Code   RO         8333    i.pbuf_copy_partial  pbuf.o
    0x0800a86c   0x0800a86c   0x00000164   Code   RO         8335    i.pbuf_free         pbuf.o
    0x0800a9d0   0x0800a9d0   0x00000032   Code   RO         8336    i.pbuf_free_header  pbuf.o
    0x0800aa02   0x0800aa02   0x00000002   PAD
    0x0800aa04   0x0800aa04   0x00000034   Code   RO         8337    i.pbuf_free_ooseq_callback  pbuf.o
    0x0800aa38   0x0800aa38   0x00000006   Code   RO         8341    i.pbuf_header_force  pbuf.o
    0x0800aa3e   0x0800aa3e   0x0000000e   Code   RO         8342    i.pbuf_header_impl  pbuf.o
    0x0800aa4c   0x0800aa4c   0x0000001c   Code   RO         8343    i.pbuf_init_alloced_pbuf  pbuf.o
    0x0800aa68   0x0800aa68   0x00000134   Code   RO         8347    i.pbuf_realloc      pbuf.o
    0x0800ab9c   0x0800ab9c   0x0000009c   Code   RO         8348    i.pbuf_ref          pbuf.o
    0x0800ac38   0x0800ac38   0x000000d0   Code   RO         8349    i.pbuf_remove_header  pbuf.o
    0x0800ad08   0x0800ad08   0x000000f8   Code   RO         6821    i.pcb_new           api_msg.o
    0x0800ae00   0x0800ae00   0x000001a0   Code   RO         7922    i.plug_holes        mem.o
    0x0800afa0   0x0800afa0   0x000000dc   Code   RO         6822    i.poll_tcp          api_msg.o
    0x0800b07c   0x0800b07c   0x00000070   Code   RO         4992    i.prvAddCurrentTaskToDelayedList  tasks.o
    0x0800b0ec   0x0800b0ec   0x000000d0   Code   RO         4993    i.prvAddNewTaskToReadyList  tasks.o
    0x0800b1bc   0x0800b1bc   0x00000026   Code   RO         4668    i.prvCopyDataFromQueue  queue.o
    0x0800b1e2   0x0800b1e2   0x0000006c   Code   RO         4669    i.prvCopyDataToQueue  queue.o
    0x0800b24e   0x0800b24e   0x00000034   Code   RO         4994    i.prvDeleteTCB      tasks.o
    0x0800b282   0x0800b282   0x00000002   PAD
    0x0800b284   0x0800b284   0x0000004c   Code   RO         5677    i.prvHeapInit       heap_4.o
    0x0800b2d0   0x0800b2d0   0x00000060   Code   RO         4995    i.prvIdleTask       tasks.o
    0x0800b330   0x0800b330   0x00000016   Code   RO         4670    i.prvInitialiseMutex  queue.o
    0x0800b346   0x0800b346   0x00000016   Code   RO         4671    i.prvInitialiseNewQueue  queue.o
    0x0800b35c   0x0800b35c   0x00000098   Code   RO         4996    i.prvInitialiseNewTask  tasks.o
    0x0800b3f4   0x0800b3f4   0x0000004c   Code   RO         5678    i.prvInsertBlockIntoFreeList  heap_4.o
    0x0800b440   0x0800b440   0x0000001c   Code   RO         4672    i.prvIsQueueEmpty   queue.o
    0x0800b45c   0x0800b45c   0x00000020   Code   RO         4997    i.prvResetNextTaskUnblockTime  tasks.o
    0x0800b47c   0x0800b47c   0x00000028   Code   RO         5746    i.prvTaskExitError  port.o
    0x0800b4a4   0x0800b4a4   0x0000006a   Code   RO         4673    i.prvUnlockQueue    queue.o
    0x0800b50e   0x0800b50e   0x00000002   PAD
    0x0800b510   0x0800b510   0x0000000c   Code   RO         7923    i.ptr_to_mem        mem.o
    0x0800b51c   0x0800b51c   0x000000dc   Code   RO         5679    i.pvPortMalloc      heap_4.o
    0x0800b5f8   0x0800b5f8   0x00000018   Code   RO         4999    i.pvTaskIncrementMutexHeldCount  tasks.o
    0x0800b610   0x0800b610   0x0000002c   Code   RO         5747    i.pxPortInitialiseStack  port.o
    0x0800b63c   0x0800b63c   0x00000184   Code   RO         6823    i.recv_tcp          api_msg.o
    0x0800b7c0   0x0800b7c0   0x00000164   Code   RO         6824    i.recv_udp          api_msg.o
    0x0800b924   0x0800b924   0x00000028   Code   RO          998    i.relay_init        relay.o
    0x0800b94c   0x0800b94c   0x00000010   Code   RO          999    i.relay_reset       relay.o
    0x0800b95c   0x0800b95c   0x00000010   Code   RO         1000    i.relay_set         relay.o
    0x0800b96c   0x0800b96c   0x000000d0   Code   RO         7252    i.select_check_waiters  sockets.o
    0x0800ba3c   0x0800ba3c   0x000000d0   Code   RO         6825    i.sent_tcp          api_msg.o
    0x0800bb0c   0x0800bb0c   0x00000044   Code   RO         6826    i.setup_tcp         api_msg.o
    0x0800bb50   0x0800bb50   0x00000016   Code   RO           22    i.start_watering    main.o
    0x0800bb66   0x0800bb66   0x00000044   Code   RO         9960    i.sys_arch_mbox_fetch  sys_arch.o
    0x0800bbaa   0x0800bbaa   0x00000022   Code   RO         9961    i.sys_arch_mbox_tryfetch  sys_arch.o
    0x0800bbcc   0x0800bbcc   0x00000018   Code   RO         9962    i.sys_arch_protect  sys_arch.o
    0x0800bbe4   0x0800bbe4   0x00000038   Code   RO         9963    i.sys_arch_sem_wait  sys_arch.o
    0x0800bc1c   0x0800bc1c   0x0000000c   Code   RO         9964    i.sys_arch_unprotect  sys_arch.o
    0x0800bc28   0x0800bc28   0x00000044   Code   RO         9168    i.sys_check_timeouts  timeouts.o
    0x0800bc6c   0x0800bc6c   0x00000018   Code   RO         9965    i.sys_init          sys_arch.o
    0x0800bc84   0x0800bc84   0x00000014   Code   RO         9966    i.sys_mbox_free     sys_arch.o
    0x0800bc98   0x0800bc98   0x0000002c   Code   RO         9967    i.sys_mbox_new      sys_arch.o
    0x0800bcc4   0x0800bcc4   0x00000006   Code   RO         9969    i.sys_mbox_set_invalid  sys_arch.o
    0x0800bcca   0x0800bcca   0x00000014   Code   RO         9970    i.sys_mbox_trypost  sys_arch.o
    0x0800bcde   0x0800bcde   0x0000000a   Code   RO         9972    i.sys_mbox_valid    sys_arch.o
    0x0800bce8   0x0800bce8   0x0000000a   Code   RO         9974    i.sys_mutex_lock    sys_arch.o
    0x0800bcf2   0x0800bcf2   0x0000001e   Code   RO         9975    i.sys_mutex_new     sys_arch.o
    0x0800bd10   0x0800bd10   0x00000006   Code   RO         9976    i.sys_mutex_unlock  sys_arch.o
    0x0800bd16   0x0800bd16   0x00000004   Code   RO          594    i.sys_now           ethernetif.o
    0x0800bd1a   0x0800bd1a   0x00000006   Code   RO         9977    i.sys_sem_free      sys_arch.o
    0x0800bd20   0x0800bd20   0x0000002c   Code   RO         9978    i.sys_sem_new       sys_arch.o
    0x0800bd4c   0x0800bd4c   0x00000006   Code   RO         9979    i.sys_sem_set_invalid  sys_arch.o
    0x0800bd52   0x0800bd52   0x00000006   Code   RO         9980    i.sys_sem_signal    sys_arch.o
    0x0800bd58   0x0800bd58   0x0000000a   Code   RO         9981    i.sys_sem_valid     sys_arch.o
    0x0800bd62   0x0800bd62   0x00000030   Code   RO         9982    i.sys_thread_new    sys_arch.o
    0x0800bd92   0x0800bd92   0x00000002   PAD
    0x0800bd94   0x0800bd94   0x000000c4   Code   RO         9170    i.sys_timeout       timeouts.o
    0x0800be58   0x0800be58   0x000000f8   Code   RO         9171    i.sys_timeout_abs   timeouts.o
    0x0800bf50   0x0800bf50   0x00000028   Code   RO         9172    i.sys_timeouts_init  timeouts.o
    0x0800bf78   0x0800bf78   0x00000028   Code   RO         9173    i.sys_timeouts_sleeptime  timeouts.o
    0x0800bfa0   0x0800bfa0   0x000001ac   Code   RO         8605    i.tcp_abandon       tcp_1.o
    0x0800c14c   0x0800c14c   0x00000006   Code   RO         8606    i.tcp_abort         tcp_1.o
    0x0800c152   0x0800c152   0x0000000e   Code   RO         8607    i.tcp_accept        tcp_1.o
    0x0800c160   0x0800c160   0x00000098   Code   RO         8608    i.tcp_accept_null   tcp_1.o
    0x0800c1f8   0x0800c1f8   0x00000124   Code   RO         8609    i.tcp_alloc         tcp_1.o
    0x0800c31c   0x0800c31c   0x00000008   Code   RO         8610    i.tcp_arg           tcp_1.o
    0x0800c324   0x0800c324   0x0000014c   Code   RO         8611    i.tcp_bind          tcp_1.o
    0x0800c470   0x0800c470   0x000000a0   Code   RO         8613    i.tcp_close         tcp_1.o
    0x0800c510   0x0800c510   0x000001dc   Code   RO         8614    i.tcp_close_shutdown  tcp_1.o
    0x0800c6ec   0x0800c6ec   0x000000c4   Code   RO         8615    i.tcp_close_shutdown_fin  tcp_1.o
    0x0800c7b0   0x0800c7b0   0x00000180   Code   RO         9007    i.tcp_create_segment  tcp_out.o
    0x0800c930   0x0800c930   0x000000b8   Code   RO         8618    i.tcp_eff_send_mss_netif  tcp_1.o
    0x0800c9e8   0x0800c9e8   0x00000234   Code   RO         9008    i.tcp_enqueue_flags  tcp_out.o
    0x0800cc1c   0x0800cc1c   0x000000a4   Code   RO         8619    i.tcp_err           tcp_1.o
    0x0800ccc0   0x0800ccc0   0x0000006c   Code   RO         8620    i.tcp_fasttmr       tcp_1.o
    0x0800cd2c   0x0800cd2c   0x00000090   Code   RO         8621    i.tcp_free          tcp_1.o
    0x0800cdbc   0x0800cdbc   0x0000013c   Code   RO         8918    i.tcp_free_acked_segments  tcp_in.o
    0x0800cef8   0x0800cef8   0x00000014   Code   RO         8622    i.tcp_free_ooseq    tcp_1.o
    0x0800cf0c   0x0800cf0c   0x00000028   Code   RO         8919    i.tcp_get_next_optbyte  tcp_in.o
    0x0800cf34   0x0800cf34   0x00000018   Code   RO         8623    i.tcp_init          tcp_1.o
    0x0800cf4c   0x0800cf4c   0x00000650   Code   RO         8920    i.tcp_input         tcp_in.o
    0x0800d59c   0x0800d59c   0x000000d4   Code   RO         8921    i.tcp_input_delayed_close  tcp_in.o
    0x0800d670   0x0800d670   0x000000cc   Code   RO         9009    i.tcp_keepalive     tcp_out.o
    0x0800d73c   0x0800d73c   0x000000bc   Code   RO         8624    i.tcp_kill_state    tcp_1.o
    0x0800d7f8   0x0800d7f8   0x00000070   Code   RO         8625    i.tcp_listen_closed  tcp_1.o
    0x0800d868   0x0800d868   0x00000198   Code   RO         8922    i.tcp_listen_input  tcp_in.o
    0x0800da00   0x0800da00   0x00000180   Code   RO         8627    i.tcp_listen_with_backlog_and_err  tcp_1.o
    0x0800db80   0x0800db80   0x0000004c   Code   RO         8628    i.tcp_netif_ip_addr_changed  tcp_1.o
    0x0800dbcc   0x0800dbcc   0x000000c0   Code   RO         8629    i.tcp_netif_ip_addr_changed_pcblist  tcp_1.o
    0x0800dc8c   0x0800dc8c   0x00000006   Code   RO         8631    i.tcp_new_ip_type   tcp_1.o
    0x0800dc92   0x0800dc92   0x00000002   PAD
    0x0800dc94   0x0800dc94   0x00000060   Code   RO         8632    i.tcp_new_port      tcp_1.o
    0x0800dcf4   0x0800dcf4   0x00000098   Code   RO         8633    i.tcp_next_iss      tcp_1.o
    0x0800dd8c   0x0800dd8c   0x0000010c   Code   RO         8923    i.tcp_oos_insert_segment  tcp_in.o
    0x0800de98   0x0800de98   0x000002e0   Code   RO         9010    i.tcp_output        tcp_out.o
    0x0800e178   0x0800e178   0x000000cc   Code   RO         9011    i.tcp_output_alloc_header  tcp_out.o
    0x0800e244   0x0800e244   0x00000110   Code   RO         9012    i.tcp_output_alloc_header_common  tcp_out.o
    0x0800e354   0x0800e354   0x000000e0   Code   RO         9013    i.tcp_output_control_segment  tcp_out.o
    0x0800e434   0x0800e434   0x000000d8   Code   RO         9014    i.tcp_output_fill_options  tcp_out.o
    0x0800e50c   0x0800e50c   0x000001dc   Code   RO         9015    i.tcp_output_segment  tcp_out.o
    0x0800e6e8   0x0800e6e8   0x000000a8   Code   RO         9016    i.tcp_output_segment_busy  tcp_out.o
    0x0800e790   0x0800e790   0x000000fc   Code   RO         8924    i.tcp_parseopt      tcp_in.o
    0x0800e88c   0x0800e88c   0x00000150   Code   RO         9017    i.tcp_pbuf_prealloc  tcp_out.o
    0x0800e9dc   0x0800e9dc   0x000000cc   Code   RO         8634    i.tcp_pcb_purge     tcp_1.o
    0x0800eaa8   0x0800eaa8   0x00000190   Code   RO         8635    i.tcp_pcb_remove    tcp_1.o
    0x0800ec38   0x0800ec38   0x000000cc   Code   RO         8636    i.tcp_poll          tcp_1.o
    0x0800ed04   0x0800ed04   0x000004c2   Code   RO         8925    i.tcp_process       tcp_in.o
    0x0800f1c6   0x0800f1c6   0x00000002   PAD
    0x0800f1c8   0x0800f1c8   0x00000104   Code   RO         8637    i.tcp_process_refused_data  tcp_1.o
    0x0800f2cc   0x0800f2cc   0x00000904   Code   RO         8926    i.tcp_receive       tcp_in.o
    0x0800fbd0   0x0800fbd0   0x000000a4   Code   RO         8638    i.tcp_recv          tcp_1.o
    0x0800fc74   0x0800fc74   0x000000b0   Code   RO         8639    i.tcp_recv_null     tcp_1.o
    0x0800fd24   0x0800fd24   0x00000100   Code   RO         8640    i.tcp_recved        tcp_1.o
    0x0800fe24   0x0800fe24   0x00000058   Code   RO         8641    i.tcp_remove_listener  tcp_1.o
    0x0800fe7c   0x0800fe7c   0x000000ec   Code   RO         9018    i.tcp_rexmit        tcp_out.o
    0x0800ff68   0x0800ff68   0x000000e8   Code   RO         9019    i.tcp_rexmit_fast   tcp_out.o
    0x08010050   0x08010050   0x000000a4   Code   RO         9020    i.tcp_rexmit_rto    tcp_out.o
    0x080100f4   0x080100f4   0x000000ac   Code   RO         9021    i.tcp_rexmit_rto_commit  tcp_out.o
    0x080101a0   0x080101a0   0x000000f8   Code   RO         9022    i.tcp_rexmit_rto_prepare  tcp_out.o
    0x08010298   0x08010298   0x00000010   Code   RO         9023    i.tcp_route         tcp_out.o
    0x080102a8   0x080102a8   0x00000114   Code   RO         9024    i.tcp_rst           tcp_out.o
    0x080103bc   0x080103bc   0x000000ac   Code   RO         8642    i.tcp_seg_copy      tcp_1.o
    0x08010468   0x08010468   0x0000001c   Code   RO         8643    i.tcp_seg_free      tcp_1.o
    0x08010484   0x08010484   0x00000012   Code   RO         8644    i.tcp_segs_free     tcp_1.o
    0x08010496   0x08010496   0x00000002   PAD
    0x08010498   0x08010498   0x000000ec   Code   RO         9025    i.tcp_send_empty_ack  tcp_out.o
    0x08010584   0x08010584   0x000000cc   Code   RO         9026    i.tcp_send_fin      tcp_out.o
    0x08010650   0x08010650   0x000000a4   Code   RO         8645    i.tcp_sent          tcp_1.o
    0x080106f4   0x080106f4   0x000000dc   Code   RO         8647    i.tcp_shutdown      tcp_1.o
    0x080107d0   0x080107d0   0x000005d0   Code   RO         8648    i.tcp_slowtmr       tcp_1.o
    0x08010da0   0x08010da0   0x0000022c   Code   RO         9027    i.tcp_split_unsent_seg  tcp_out.o
    0x08010fcc   0x08010fcc   0x000000b4   Code   RO           23    i.tcp_task          main.o
    0x08011080   0x08011080   0x00000034   Code   RO         9175    i.tcp_timer_needed  timeouts.o
    0x080110b4   0x080110b4   0x00000100   Code   RO         8927    i.tcp_timewait_input  tcp_in.o
    0x080111b4   0x080111b4   0x00000020   Code   RO         8650    i.tcp_tmr           tcp_1.o
    0x080111d4   0x080111d4   0x00000010   Code   RO         8928    i.tcp_trigger_input_pcb_close  tcp_in.o
    0x080111e4   0x080111e4   0x000000f4   Code   RO         8652    i.tcp_update_rcv_ann_wnd  tcp_1.o
    0x080112d8   0x080112d8   0x000006b8   Code   RO         9028    i.tcp_write         tcp_out.o
    0x08011990   0x08011990   0x00000174   Code   RO         9029    i.tcp_write_checks  tcp_out.o
    0x08011b04   0x08011b04   0x00000140   Code   RO         9030    i.tcp_zero_window_probe  tcp_out.o
    0x08011c44   0x08011c44   0x00000110   Code   RO         7528    i.tcpip_init        tcpip.o
    0x08011d54   0x08011d54   0x000000c0   Code   RO         7529    i.tcpip_inpkt       tcpip.o
    0x08011e14   0x08011e14   0x0000001c   Code   RO         7530    i.tcpip_input       tcpip.o
    0x08011e30   0x08011e30   0x00000020   Code   RO         7531    i.tcpip_send_msg_wait_sem  tcpip.o
    0x08011e50   0x08011e50   0x00000038   Code   RO         9176    i.tcpip_tcp_timer   timeouts.o
    0x08011e88   0x08011e88   0x000000f8   Code   RO         7532    i.tcpip_thread      tcpip.o
    0x08011f80   0x08011f80   0x000000cc   Code   RO         7533    i.tcpip_thread_handle_msg  tcpip.o
    0x0801204c   0x0801204c   0x000000bc   Code   RO         7534    i.tcpip_try_callback  tcpip.o
    0x08012108   0x08012108   0x00000012   Code   RO         7253    i.tryget_socket     sockets.o
    0x0801211a   0x0801211a   0x00000002   PAD
    0x0801211c   0x0801211c   0x00000014   Code   RO         7255    i.tryget_socket_unconn_nouse  sockets.o
    0x08012130   0x08012130   0x00000134   Code   RO         9256    i.udp_bind          udp.o
    0x08012264   0x08012264   0x00000018   Code   RO         9260    i.udp_init          udp.o
    0x0801227c   0x0801227c   0x000001e8   Code   RO         9261    i.udp_input         udp.o
    0x08012464   0x08012464   0x0000010c   Code   RO         9262    i.udp_input_local_match  udp.o
    0x08012570   0x08012570   0x00000034   Code   RO         9263    i.udp_netif_ip_addr_changed  udp.o
    0x080125a4   0x080125a4   0x0000001a   Code   RO         9264    i.udp_new           udp.o
    0x080125be   0x080125be   0x00000004   Code   RO         9265    i.udp_new_ip_type   udp.o
    0x080125c2   0x080125c2   0x00000002   PAD
    0x080125c4   0x080125c4   0x00000088   Code   RO         9266    i.udp_recv          udp.o
    0x0801264c   0x0801264c   0x000000b0   Code   RO         9267    i.udp_remove        udp.o
    0x080126fc   0x080126fc   0x000000bc   Code   RO         9268    i.udp_send          udp.o
    0x080127b8   0x080127b8   0x00000114   Code   RO         9269    i.udp_sendto        udp.o
    0x080128cc   0x080128cc   0x00000140   Code   RO         9270    i.udp_sendto_if     udp.o
    0x08012a0c   0x08012a0c   0x00000248   Code   RO         9271    i.udp_sendto_if_src  udp.o
    0x08012c54   0x08012c54   0x00000026   Code   RO         4628    i.uxListRemove      list.o
    0x08012c7a   0x08012c7a   0x00000024   Code   RO         4674    i.uxQueueMessagesWaiting  queue.o
    0x08012c9e   0x08012c9e   0x00000016   Code   RO         4675    i.uxQueueMessagesWaitingFromISR  queue.o
    0x08012cb4   0x08012cb4   0x00000014   Code   RO          463    i.vApplicationGetIdleTaskMemory  freertos.o
    0x08012cc8   0x08012cc8   0x00000016   Code   RO         4629    i.vListInitialise   list.o
    0x08012cde   0x08012cde   0x00000006   Code   RO         4630    i.vListInitialiseItem  list.o
    0x08012ce4   0x08012ce4   0x00000030   Code   RO         4631    i.vListInsert       list.o
    0x08012d14   0x08012d14   0x00000018   Code   RO         4632    i.vListInsertEnd    list.o
    0x08012d2c   0x08012d2c   0x00000040   Code   RO         5749    i.vPortEnterCritical  port.o
    0x08012d6c   0x08012d6c   0x00000028   Code   RO         5750    i.vPortExitCritical  port.o
    0x08012d94   0x08012d94   0x00000064   Code   RO         5680    i.vPortFree         heap_4.o
    0x08012df8   0x08012df8   0x00000024   Code   RO         5751    i.vPortSetupTimerInterrupt  port.o
    0x08012e1c   0x08012e1c   0x00000054   Code   RO         5752    i.vPortValidateInterruptPriority  port.o
    0x08012e70   0x08012e70   0x0000002e   Code   RO         4678    i.vQueueDelete      queue.o
    0x08012e9e   0x08012e9e   0x00000002   PAD
    0x08012ea0   0x08012ea0   0x00000028   Code   RO         4679    i.vQueueUnregisterQueue  queue.o
    0x08012ec8   0x08012ec8   0x0000004c   Code   RO         5006    i.vTaskDelay        tasks.o
    0x08012f14   0x08012f14   0x00000010   Code   RO         5009    i.vTaskInternalSetTimeOutState  tasks.o
    0x08012f24   0x08012f24   0x0000000c   Code   RO         5010    i.vTaskMissedYield  tasks.o
    0x08012f30   0x08012f30   0x00000030   Code   RO         5012    i.vTaskPlaceOnEventList  tasks.o
    0x08012f60   0x08012f60   0x000000a0   Code   RO         5014    i.vTaskPriorityDisinheritAfterTimeout  tasks.o
    0x08013000   0x08013000   0x0000006c   Code   RO         5019    i.vTaskStartScheduler  tasks.o
    0x0801306c   0x0801306c   0x00000010   Code   RO         5021    i.vTaskSuspendAll   tasks.o
    0x0801307c   0x0801307c   0x0000005c   Code   RO         5022    i.vTaskSwitchContext  tasks.o
    0x080130d8   0x080130d8   0x00000020   Code   RO           24    i.write_bh1750_buffer  main.o
    0x080130f8   0x080130f8   0x00000034   Code   RO           25    i.write_dht11_buffer  main.o
    0x0801312c   0x0801312c   0x000000f4   Code   RO         5753    i.xPortStartScheduler  port.o
    0x08013220   0x08013220   0x00000016   Code   RO         4680    i.xQueueCreateMutex  queue.o
    0x08013236   0x08013236   0x0000001a   Code   RO         4681    i.xQueueCreateMutexStatic  queue.o
    0x08013250   0x08013250   0x00000042   Code   RO         4682    i.xQueueGenericCreate  queue.o
    0x08013292   0x08013292   0x00000066   Code   RO         4683    i.xQueueGenericCreateStatic  queue.o
    0x080132f8   0x080132f8   0x00000088   Code   RO         4684    i.xQueueGenericReset  queue.o
    0x08013380   0x08013380   0x00000160   Code   RO         4685    i.xQueueGenericSend  queue.o
    0x080134e0   0x080134e0   0x000000be   Code   RO         4686    i.xQueueGenericSendFromISR  queue.o
    0x0801359e   0x0801359e   0x0000009c   Code   RO         4687    i.xQueueGiveFromISR  queue.o
    0x0801363a   0x0801363a   0x00000002   PAD
    0x0801363c   0x0801363c   0x00000138   Code   RO         4692    i.xQueueReceive     queue.o
    0x08013774   0x08013774   0x0000009a   Code   RO         4693    i.xQueueReceiveFromISR  queue.o
    0x0801380e   0x0801380e   0x00000002   PAD
    0x08013810   0x08013810   0x00000178   Code   RO         4694    i.xQueueSemaphoreTake  queue.o
    0x08013988   0x08013988   0x00000074   Code   RO         5024    i.xTaskCheckForTimeOut  tasks.o
    0x080139fc   0x080139fc   0x0000005a   Code   RO         5025    i.xTaskCreate       tasks.o
    0x08013a56   0x08013a56   0x00000056   Code   RO         5026    i.xTaskCreateStatic  tasks.o
    0x08013aac   0x08013aac   0x0000001c   Code   RO         5030    i.xTaskGetSchedulerState  tasks.o
    0x08013ac8   0x08013ac8   0x0000000c   Code   RO         5031    i.xTaskGetTickCount  tasks.o
    0x08013ad4   0x08013ad4   0x00000010   Code   RO         5032    i.xTaskGetTickCountFromISR  tasks.o
    0x08013ae4   0x08013ae4   0x000000cc   Code   RO         5033    i.xTaskIncrementTick  tasks.o
    0x08013bb0   0x08013bb0   0x00000098   Code   RO         5036    i.xTaskPriorityDisinherit  tasks.o
    0x08013c48   0x08013c48   0x0000008c   Code   RO         5037    i.xTaskPriorityInherit  tasks.o
    0x08013cd4   0x08013cd4   0x00000074   Code   RO         5038    i.xTaskRemoveFromEventList  tasks.o
    0x08013d48   0x08013d48   0x000000c4   Code   RO         5039    i.xTaskResumeAll    tasks.o
    0x08013e0c   0x08013e0c   0x0000001c   Data   RO          465    .constdata          freertos.o
    0x08013e28   0x08013e28   0x0000001c   Data   RO          596    .constdata          ethernetif.o
    0x08013e44   0x08013e44   0x00000010   Data   RO         4491    .constdata          system_stm32f4xx.o
    0x08013e54   0x08013e54   0x00000008   Data   RO         4492    .constdata          system_stm32f4xx.o
    0x08013e5c   0x08013e5c   0x00000006   Data   RO         6355    .constdata          ethernet.o
    0x08013e62   0x08013e62   0x00000006   Data   RO         6356    .constdata          ethernet.o
    0x08013e68   0x08013e68   0x00000003   Data   RO         6827    .constdata          api_msg.o
    0x08013e6b   0x08013e6b   0x00000001   PAD
    0x08013e6c   0x08013e6c   0x00000044   Data   RO         7012    .constdata          err.o
    0x08013eb0   0x08013eb0   0x0000000c   Data   RO         8014    .constdata          memp.o
    0x08013ebc   0x08013ebc   0x0000000c   Data   RO         8015    .constdata          memp.o
    0x08013ec8   0x08013ec8   0x0000000c   Data   RO         8016    .constdata          memp.o
    0x08013ed4   0x08013ed4   0x0000000c   Data   RO         8017    .constdata          memp.o
    0x08013ee0   0x08013ee0   0x0000000c   Data   RO         8018    .constdata          memp.o
    0x08013eec   0x08013eec   0x0000000c   Data   RO         8019    .constdata          memp.o
    0x08013ef8   0x08013ef8   0x0000000c   Data   RO         8020    .constdata          memp.o
    0x08013f04   0x08013f04   0x0000000c   Data   RO         8021    .constdata          memp.o
    0x08013f10   0x08013f10   0x0000000c   Data   RO         8022    .constdata          memp.o
    0x08013f1c   0x08013f1c   0x0000000c   Data   RO         8023    .constdata          memp.o
    0x08013f28   0x08013f28   0x0000000c   Data   RO         8024    .constdata          memp.o
    0x08013f34   0x08013f34   0x0000000c   Data   RO         8025    .constdata          memp.o
    0x08013f40   0x08013f40   0x0000000c   Data   RO         8026    .constdata          memp.o
    0x08013f4c   0x08013f4c   0x00000034   Data   RO         8027    .constdata          memp.o
    0x08013f80   0x08013f80   0x00000054   Data   RO         8653    .constdata          tcp_1.o
    0x08013fd4   0x08013fd4   0x00000018   Data   RO         9177    .constdata          timeouts.o
    0x08013fec   0x08013fec   0x00000004   Data   RO         9644    .constdata          ip4_addr.o
    0x08013ff0   0x08013ff0   0x00000018   Data   RO         9983    .constdata          sys_arch.o
    0x08014008   0x08014008   0x00000081   Data   RO        10365    .constdata          mc_w.l(ctype_o.o)
    0x08014089   0x08014089   0x00000003   PAD
    0x0801408c   0x0801408c   0x00000004   Data   RO        10366    .constdata          mc_w.l(ctype_o.o)
    0x08014090   0x08014090   0x0000000c   Data   RO          466    .conststring        freertos.o
    0x0801409c   0x0801409c   0x00000006   Data   RO          597    .conststring        ethernetif.o
    0x080140a2   0x080140a2   0x00000002   PAD
    0x080140a4   0x080140a4   0x00000075   Data   RO         8654    .conststring        tcp_1.o
    0x08014119   0x08014119   0x00000003   PAD
    0x0801411c   0x0801411c   0x00000055   Data   RO         9031    .conststring        tcp_out.o
    0x08014171   0x08014171   0x00000003   PAD
    0x08014174   0x08014174   0x00000041   Data   RO         9432    .conststring        etharp.o
    0x080141b5   0x080141b5   0x00000003   PAD
    0x080141b8   0x080141b8   0x00000020   Data   RO        10733    Region$$Table       anon$$obj.o


    Execution Region RW_IRAM2 (Exec base: 0x10000000, Load base: 0x080141f0, Size: 0x00000000, Max: 0x00010000, ABSOLUTE)

    **** No section assigned to this execution region ****


    Execution Region RW_IRAM1 (Exec base: 0x20000000, Load base: 0x080141d8, Size: 0x0000afd8, Max: 0x00020000, ABSOLUTE, COMPRESSED[0x00000018])

    Exec Addr    Load Addr    Size         Type   Attr      Idx    E Section Name        Object

    0x20000000   COMPRESSED   0x00000004   Data   RW          467    .data               freertos.o
    0x20000004   COMPRESSED   0x00000018   Data   RW          520    .data               lwip.o
    0x2000001c   COMPRESSED   0x00000004   Data   RW          598    .data               ethernetif.o
    0x20000020   COMPRESSED   0x0000000c   Data   RW         2208    .data               stm32f4xx_hal.o
    0x2000002c   COMPRESSED   0x00000004   Data   RW         4493    .data               system_stm32f4xx.o
    0x20000030   COMPRESSED   0x0000003c   Data   RW         5042    .data               tasks.o
    0x2000006c   COMPRESSED   0x00000020   Data   RW         5686    .data               heap_4.o
    0x2000008c   COMPRESSED   0x0000000c   Data   RW         5754    .data               port.o
    0x20000098   COMPRESSED   0x00000004   Data   RW         7257    .data               sockets.o
    0x2000009c   COMPRESSED   0x00000010   Data   RW         7535    .data               tcpip.o
    0x200000ac   COMPRESSED   0x00000010   Data   RW         7925    .data               mem.o
    0x200000bc   COMPRESSED   0x00000004   Data   RW         8028    .data               memp.o
    0x200000c0   COMPRESSED   0x00000004   Data   RW         8029    .data               memp.o
    0x200000c4   COMPRESSED   0x00000004   Data   RW         8030    .data               memp.o
    0x200000c8   COMPRESSED   0x00000004   Data   RW         8031    .data               memp.o
    0x200000cc   COMPRESSED   0x00000004   Data   RW         8032    .data               memp.o
    0x200000d0   COMPRESSED   0x00000004   Data   RW         8033    .data               memp.o
    0x200000d4   COMPRESSED   0x00000004   Data   RW         8034    .data               memp.o
    0x200000d8   COMPRESSED   0x00000004   Data   RW         8035    .data               memp.o
    0x200000dc   COMPRESSED   0x00000004   Data   RW         8036    .data               memp.o
    0x200000e0   COMPRESSED   0x00000004   Data   RW         8037    .data               memp.o
    0x200000e4   COMPRESSED   0x00000004   Data   RW         8038    .data               memp.o
    0x200000e8   COMPRESSED   0x00000004   Data   RW         8039    .data               memp.o
    0x200000ec   COMPRESSED   0x00000004   Data   RW         8040    .data               memp.o
    0x200000f0   COMPRESSED   0x0000000c   Data   RW         8163    .data               netif.o
    0x200000fc   COMPRESSED   0x00000001   Data   RW         8356    .data               pbuf.o
    0x200000fd   COMPRESSED   0x00000003   PAD
    0x20000100   COMPRESSED   0x00000020   Data   RW         8655    .data               tcp_1.o
    0x20000120   COMPRESSED   0x00000024   Data   RW         8930    .data               tcp_in.o
    0x20000144   COMPRESSED   0x0000000c   Data   RW         9179    .data               timeouts.o
    0x20000150   COMPRESSED   0x00000008   Data   RW         9272    .data               udp.o
    0x20000158   COMPRESSED   0x00000001   Data   RW         9433    .data               etharp.o
    0x20000159   COMPRESSED   0x00000001   PAD
    0x2000015a   COMPRESSED   0x00000002   Data   RW         9588    .data               ip4.o
    0x2000015c   COMPRESSED   0x00000008   Data   RW         9715    .data               ip4_frag.o
    0x20000164   COMPRESSED   0x00000004   Data   RW         9984    .data               sys_arch.o
    0x20000168   COMPRESSED   0x00000004   Data   RW         9985    .data               sys_arch.o
    0x2000016c   COMPRESSED   0x00000004   Data   RW        10393    .data               mc_w.l(rand.o)
    0x20000170   COMPRESSED   0x00000004   Data   RW        10694    .data               mc_w.l(stdout.o)
    0x20000174        -       0x00000020   Zero   RW           26    .bss                main.o
    0x20000194        -       0x00000254   Zero   RW          464    .bss                freertos.o
    0x200003e8        -       0x00000030   Zero   RW          519    .bss                lwip.o
    0x20000418        -       0x000030e8   Zero   RW          595    .bss                ethernetif.o
    0x20003500        -       0x00000044   Zero   RW          701    .bss                usart.o
    0x20003544        -       0x00000048   Zero   RW          837    .bss                stm32f4xx_hal_timebase_tim.o
    0x2000358c        -       0x00000048   Zero   RW          959    .bss                tim.o
    0x200035d4        -       0x00000054   Zero   RW         1037    .bss                i2c.o
    0x20003628        -       0x00000048   Zero   RW         1110    .bss                adc.o
    0x20003670        -       0x00000040   Zero   RW         4695    .bss                queue.o
    0x200036b0        -       0x000000f0   Zero   RW         5041    .bss                tasks.o
    0x200037a0        -       0x00003c00   Zero   RW         5685    .bss                heap_4.o
    0x200073a0        -       0x00000040   Zero   RW         7256    .bss                sockets.o
    0x200073e0        -       0x00000018   Zero   RW         7892    .bss                ip.o
    0x200073f8        -       0x00000653   Zero   RW         7924    .bss                mem.o
    0x20007a4b        -       0x00000083   Zero   RW         8001    .bss                memp.o
    0x20007ace        -       0x0000030f   Zero   RW         8002    .bss                memp.o
    0x20007ddd        -       0x000000e3   Zero   RW         8003    .bss                memp.o
    0x20007ec0        -       0x00000103   Zero   RW         8004    .bss                memp.o
    0x20007fc3        -       0x000000a3   Zero   RW         8005    .bss                memp.o
    0x20008066        -       0x0000016b   Zero   RW         8006    .bss                memp.o
    0x200081d1        -       0x00000023   Zero   RW         8007    .bss                memp.o
    0x200081f4        -       0x000000a3   Zero   RW         8008    .bss                memp.o
    0x20008297        -       0x00000083   Zero   RW         8009    .bss                memp.o
    0x2000831a        -       0x00000083   Zero   RW         8010    .bss                memp.o
    0x2000839d        -       0x00000033   Zero   RW         8011    .bss                memp.o
    0x200083d0        -       0x00000103   Zero   RW         8012    .bss                memp.o
    0x200084d3        -       0x00002603   Zero   RW         8013    .bss                memp.o
    0x2000aad6   COMPRESSED   0x00000002   PAD
    0x2000aad8        -       0x00000010   Zero   RW         8929    .bss                tcp_in.o
    0x2000aae8        -       0x000000f0   Zero   RW         9431    .bss                etharp.o
    0x2000abd8        -       0x00000400   Zero   RW            1    STACK               startup_stm32f407xx.o


==============================================================================

Image component sizes


      Code (inc. data)   RO Data    RW Data    ZI Data      Debug   Object Name

       268         28          0          0         72       2315   adc.o
      3432       1978          0          0          0      44268   api_lib.o
      6716       2896          3          0          0      40060   api_msg.o
         0          0          0          0          0       2180   auth.o
        56         10          0          0          0       1233   bh1750.o
         0          0          0          0          0       6419   bridgeif.o
       950         30          0          0          0      38890   cmsis_os.o
         8          0          0          0          0       1082   def.o
       494         30          0          0          0       4752   dht11.o
        28          4         68          0          0       3607   err.o
      2936       1186         65          1        240      12655   etharp.o
       412        154         12          0          0       2686   ethernet.o
      1108        160         34          4      12520       6968   ethernetif.o
         0          0          0          0          0      19940   event_groups.o
        72         14         40          4        596       6822   freertos.o
       168         10          0          0          0        999   gpio.o
       472         24          0         32      15360       7347   heap_4.o
       168         26          0          0         84       1601   i2c.o
       776        350          0          0          0       4370   icmp.o
        34          0          0          0          0      10075   init.o
         0          0          0          0         24       3194   ip.o
       918        184          0          2          0       5548   ip4.o
       462        120          4          0          0      12019   ip4_addr.o
      2904       1164          0          8          0      11570   ip4_frag.o
       138          0          0          0          0      12730   list.o
       308         18          0         24         48       1369   lwip.o
       988        182          0          0         32     818117   main.o
      2172       1044          0         16       1619       7981   mem.o
       746        500        208         52      12427      10956   memp.o
       390        240          0          0          0      11351   netbuf.o
      1410        738          0         12          0      13872   netif.o
      3466       1796          0          1          0      17881   pbuf.o
       786         82          0         12          0      11713   port.o
      2360         22          0          0         64      26182   queue.o
        72         18          0          0          0       1547   relay.o
      3798       1310          0          4         64      41665   sockets.o
        36          8        392          0       1024        824   startup_stm32f407xx.o
       116         18          0         12          0       8638   stm32f4xx_hal.o
      1200         52          0          0          0       5841   stm32f4xx_hal_adc.o
       158         14          0          0          0      33110   stm32f4xx_hal_cortex.o
      2016         70          0          0          0      12924   stm32f4xx_hal_eth.o
       512         44          0          0          0       2799   stm32f4xx_hal_gpio.o
      2118         50          0          0          0      12422   stm32f4xx_hal_i2c.o
        56          4          0          0          0        814   stm32f4xx_hal_msp.o
      1420         88          0          0          0       6289   stm32f4xx_hal_rcc.o
      1104         72          0          0          0       9957   stm32f4xx_hal_tim.o
       148         28          0          0          0       2409   stm32f4xx_hal_tim_ex.o
       116         16          0          0         72       1359   stm32f4xx_hal_timebase_tim.o
       366         10          0          0          0       1952   stm32f4xx_hal_uart.o
        36         12          0          0          0       3560   stm32f4xx_it.o
         0          0          0          0          0        408   stream_buffer.o
       484         24         24          8          0      18996   sys_arch.o
        16          4         24          4          0       1071   system_stm32f4xx.o
      2360        184          0         60        240      28606   tasks.o
      8032       4024        201         32          0      42060   tcp_1.o
      6910       2036          0         36         16      22487   tcp_in.o
      8536       4058         85          0          0      34638   tcp_out.o
      1164        666          0         16          0       8246   tcpip.o
       144         20          0          0         72       1574   tim.o
       760        374         24         12          0       7403   timeouts.o
      2850       1536          0          8          0      12745   udp.o
       164         22          0          0         68       1622   usart.o

    ----------------------------------------------------------------------
     79930      27752       1228        364      44644    1508718   Object Totals
         0          0         32          0          0          0   (incl. Generated)
        92          0         12          4          2          0   (incl. Padding)

    ----------------------------------------------------------------------

      Code (inc. data)   RO Data    RW Data    ZI Data      Debug   Library Member Name

        86          0          0          0          0          0   __dczerorl2.o
         8          4        133          0          0         68   ctype_o.o
         0          0          0          0          0          0   entry.o
         0          0          0          0          0          0   entry10a.o
         0          0          0          0          0          0   entry11a.o
         4          0          0          0          0          0   entry12b.o
         8          4          0          0          0          0   entry2.o
         4          0          0          0          0          0   entry5.o
         0          0          0          0          0          0   entry7b.o
         0          0          0          0          0          0   entry8b.o
         8          4          0          0          0          0   entry9a.o
        18          0          0          0          0         80   fputc.o
        30          0          0          0          0          0   handlers.o
        36          8          0          0          0         68   init.o
         0          0          0          0          0          0   iusesemip.o
        30          0          0          0          0         68   llshl.o
        32          0          0          0          0         68   llushr.o
        26          0          0          0          0         80   memcmp.o
        64          0          0          0          0         76   memmovea.o
        36          0          0          0          0        108   memseta.o
       522         20          0          0          0        336   printf3.o
        36         10          0          4          0        136   rand.o
         0          0          0          0          0          0   semi.o
         0          0          0          4          0          0   stdout.o
        44          0          0          0          0         80   uidiv.o
        98          0          0          0          0         92   uldiv.o

    ----------------------------------------------------------------------
      1098         50        136          8          0       1260   Library Totals
         8          0          3          0          0          0   (incl. Padding)

    ----------------------------------------------------------------------

      Code (inc. data)   RO Data    RW Data    ZI Data      Debug   Library Name

      1090         50        133          8          0       1260   mc_w.l

    ----------------------------------------------------------------------
      1098         50        136          8          0       1260   Library Totals

    ----------------------------------------------------------------------

==============================================================================


      Code (inc. data)   RO Data    RW Data    ZI Data      Debug   

     81028      27802       1364        372      44644    1462242   Grand Totals
     81028      27802       1364         24      44644    1462242   ELF Image Totals (compressed)
     81028      27802       1364         24          0          0   ROM Totals

==============================================================================

    Total RO  Size (Code + RO Data)                82392 (  80.46kB)
    Total RW  Size (RW Data + ZI Data)             45016 (  43.96kB)
    Total ROM Size (Code + RO Data + RW Data)      82416 (  80.48kB)

==============================================================================

